Component: ARM Compiler 5.06 update 7 (build 960) Tool: armlink [4d3601]

==============================================================================

Section Cross References

    startup_stm32f411xe.o(STACK) refers (Special) to heapauxi.o(.text) for __use_two_region_memory
    startup_stm32f411xe.o(HEAP) refers (Special) to heapauxi.o(.text) for __use_two_region_memory
    startup_stm32f411xe.o(RESET) refers (Special) to heapauxi.o(.text) for __use_two_region_memory
    startup_stm32f411xe.o(RESET) refers to startup_stm32f411xe.o(STACK) for __initial_sp
    startup_stm32f411xe.o(RESET) refers to startup_stm32f411xe.o(.text) for Reset_Handler
    startup_stm32f411xe.o(RESET) refers to stm32f4xx_it.o(i.NMI_Handler) for NMI_Handler
    startup_stm32f411xe.o(RESET) refers to stm32f4xx_it.o(i.HardFault_Handler) for HardFault_Handler
    startup_stm32f411xe.o(RESET) refers to stm32f4xx_it.o(i.MemManage_Handler) for MemManage_Handler
    startup_stm32f411xe.o(RESET) refers to stm32f4xx_it.o(i.BusFault_Handler) for BusFault_Handler
    startup_stm32f411xe.o(RESET) refers to stm32f4xx_it.o(i.UsageFault_Handler) for UsageFault_Handler
    startup_stm32f411xe.o(RESET) refers to stm32f4xx_it.o(i.SVC_Handler) for SVC_Handler
    startup_stm32f411xe.o(RESET) refers to stm32f4xx_it.o(i.DebugMon_Handler) for DebugMon_Handler
    startup_stm32f411xe.o(RESET) refers to stm32f4xx_it.o(i.PendSV_Handler) for PendSV_Handler
    startup_stm32f411xe.o(RESET) refers to stm32f4xx_it.o(i.SysTick_Handler) for SysTick_Handler
    startup_stm32f411xe.o(RESET) refers to stm32f4xx_it.o(i.TIM1_UP_TIM10_IRQHandler) for TIM1_UP_TIM10_IRQHandler
    startup_stm32f411xe.o(RESET) refers to stm32f4xx_it.o(i.TIM1_TRG_COM_TIM11_IRQHandler) for TIM1_TRG_COM_TIM11_IRQHandler
    startup_stm32f411xe.o(RESET) refers to stm32f4xx_it.o(i.TIM2_IRQHandler) for TIM2_IRQHandler
    startup_stm32f411xe.o(RESET) refers to stm32f4xx_it.o(i.TIM3_IRQHandler) for TIM3_IRQHandler
    startup_stm32f411xe.o(RESET) refers to stm32f4xx_it.o(i.USART1_IRQHandler) for USART1_IRQHandler
    startup_stm32f411xe.o(RESET) refers to stm32f4xx_it.o(i.TIM5_IRQHandler) for TIM5_IRQHandler
    startup_stm32f411xe.o(RESET) refers to stm32f4xx_it.o(i.DMA2_Stream2_IRQHandler) for DMA2_Stream2_IRQHandler
    startup_stm32f411xe.o(RESET) refers to stm32f4xx_it.o(i.DMA2_Stream7_IRQHandler) for DMA2_Stream7_IRQHandler
    startup_stm32f411xe.o(.text) refers (Special) to heapauxi.o(.text) for __use_two_region_memory
    startup_stm32f411xe.o(.text) refers to system_stm32f4xx.o(i.SystemInit) for SystemInit
    startup_stm32f411xe.o(.text) refers to __main.o(!!!main) for __main
    startup_stm32f411xe.o(.text) refers to startup_stm32f411xe.o(HEAP) for Heap_Mem
    startup_stm32f411xe.o(.text) refers to startup_stm32f411xe.o(STACK) for Stack_Mem
    func.o(i.OutEnc) refers to _printf_percent.o(.ARM.Collect$$_printf_percent$$00000000) for _printf_percent
    func.o(i.OutEnc) refers to _printf_d.o(.ARM.Collect$$_printf_percent$$00000009) for _printf_d
    func.o(i.OutEnc) refers to _printf_dec.o(.text) for _printf_int_dec
    func.o(i.OutEnc) refers to __2sprintf.o(.text) for __2sprintf
    func.o(i.OutPlot) refers to _printf_percent.o(.ARM.Collect$$_printf_percent$$00000000) for _printf_percent
    func.o(i.OutPlot) refers to _printf_f.o(.ARM.Collect$$_printf_percent$$00000003) for _printf_f
    func.o(i.OutPlot) refers to printf1.o(x$fpl$printf1) for _printf_fp_dec
    func.o(i.OutPlot) refers to _printf_d.o(.ARM.Collect$$_printf_percent$$00000009) for _printf_d
    func.o(i.OutPlot) refers to _printf_dec.o(.text) for _printf_int_dec
    func.o(i.OutPlot) refers to f2d.o(x$fpl$f2d) for __aeabi_f2d
    func.o(i.OutPlot) refers to __2sprintf.o(.text) for __2sprintf
    func.o(i.SpeedCulcTick) refers to main.o(.data) for CountR
    func.o(i.SpeedCulcTick) refers to func.o(.data) for .data
    func.o(i.SpeedCulcTick) refers to main.o(.data) for SpeedTickR
    func.o(i.SpeedCulcTick) refers to main.o(.data) for CountL
    func.o(i.SpeedCulcTick) refers to main.o(.data) for SpeedTickL
    func.o(i.StartState) refers to func.o(i.l_motor_stop) for l_motor_stop
    func.o(i.StartState) refers to func.o(i.r_motor_stop) for r_motor_stop
    func.o(i.StartState) refers to stm32f4xx_hal_tim.o(i.HAL_TIM_PWM_Start) for HAL_TIM_PWM_Start
    func.o(i.StartState) refers to stm32f4xx_hal_tim.o(i.HAL_TIM_Encoder_Start_IT) for HAL_TIM_Encoder_Start_IT
    func.o(i.StartState) refers to stm32f4xx_hal_tim.o(i.HAL_TIM_PWM_Start_IT) for HAL_TIM_PWM_Start_IT
    func.o(i.StartState) refers to stm32f4xx_hal_tim.o(i.HAL_TIM_IC_Start_IT) for HAL_TIM_IC_Start_IT
    func.o(i.StartState) refers to func.o(i.ServoWrite1) for ServoWrite1
    func.o(i.StartState) refers to func.o(i.ServoWrite2) for ServoWrite2
    func.o(i.StartState) refers to func.o(i.ServoWrite3) for ServoWrite3
    func.o(i.StartState) refers to func.o(i.ServoWrite4) for ServoWrite4
    func.o(i.StartState) refers to main.o(.bss) for htim9
[...]
    .ARM.Collect$$libshutdown$$00000004      0x08000220   Section        0  libshutdown2.o(.ARM.Collect$$libshutdown$$00000004)
    .ARM.Collect$$libshutdown$$00000006      0x08000220   Section        0  libshutdown2.o(.ARM.Collect$$libshutdown$$00000006)
    .ARM.Collect$$libshutdown$$00000009      0x08000220   Section        0  libshutdown2.o(.ARM.Collect$$libshutdown$$00000009)
    .ARM.Collect$$libshutdown$$0000000C      0x08000220   Section        0  libshutdown2.o(.ARM.Collect$$libshutdown$$0000000C)
    .ARM.Collect$$libshutdown$$0000000E      0x08000220   Section        0  libshutdown2.o(.ARM.Collect$$libshutdown$$0000000E)
    .ARM.Collect$$libshutdown$$00000011      0x08000220   Section        0  libshutdown2.o(.ARM.Collect$$libshutdown$$00000011)
    .ARM.Collect$$libshutdown$$00000012      0x08000220   Section        2  libshutdown2.o(.ARM.Collect$$libshutdown$$00000012)
    .ARM.Collect$$rtentry$$00000000          0x08000222   Section        0  __rtentry.o(.ARM.Collect$$rtentry$$00000000)
    .ARM.Collect$$rtentry$$00000002          0x08000222   Section        0  __rtentry2.o(.ARM.Collect$$rtentry$$00000002)
    .ARM.Collect$$rtentry$$00000004          0x08000222   Section        6  __rtentry4.o(.ARM.Collect$$rtentry$$00000004)
    .ARM.Collect$$rtentry$$00000009          0x08000228   Section        0  __rtentry2.o(.ARM.Collect$$rtentry$$00000009)
    .ARM.Collect$$rtentry$$0000000A          0x08000228   Section        4  __rtentry2.o(.ARM.Collect$$rtentry$$0000000A)
    .ARM.Collect$$rtentry$$0000000C          0x0800022c   Section        0  __rtentry2.o(.ARM.Collect$$rtentry$$0000000C)
    .ARM.Collect$$rtentry$$0000000D          0x0800022c   Section        8  __rtentry2.o(.ARM.Collect$$rtentry$$0000000D)
    .ARM.Collect$$rtexit$$00000000           0x08000234   Section        2  rtexit.o(.ARM.Collect$$rtexit$$00000000)
    .ARM.Collect$$rtexit$$00000002           0x08000236   Section        0  rtexit2.o(.ARM.Collect$$rtexit$$00000002)
    .ARM.Collect$$rtexit$$00000003           0x08000236   Section        4  rtexit2.o(.ARM.Collect$$rtexit$$00000003)
    .ARM.Collect$$rtexit$$00000004           0x0800023a   Section        6  rtexit2.o(.ARM.Collect$$rtexit$$00000004)
    .text                                    0x08000240   Section       64  startup_stm32f411xe.o(.text)
    $v0                                      0x08000240   Number         0  startup_stm32f411xe.o(.text)
    .text                                    0x08000280   Section      238  lludivv7m.o(.text)
    .text                                    0x08000370   Section        0  __2sprintf.o(.text)
    .text                                    0x0800039c   Section        0  __printf.o(.text)
    .text                                    0x08000404   Section        0  _printf_dec.o(.text)
    .text                                    0x0800047c   Section       78  rt_memclr_w.o(.text)
    .text                                    0x080004ca   Section        0  heapauxi.o(.text)
    .text                                    0x080004d0   Section        0  _printf_intcommon.o(.text)
    .text                                    0x08000584   Section        0  _printf_char_common.o(.text)
    _printf_input_char                       0x08000585   Thumb Code    10  _printf_char_common.o(.text)
    .text                                    0x080005b4   Section        0  _sputc.o(.text)
    .text                                    0x080005c0   Section        8  libspace.o(.text)
    .text                                    0x080005c8   Section       74  sys_stackheap_outer.o(.text)
    .text                                    0x08000612   Section        0  exit.o(.text)
    .text                                    0x08000624   Section        0  sys_exit.o(.text)
    .text                                    0x08000630   Section        2  use_no_semi.o(.text)
    .text                                    0x08000632   Section        0  indicate_semi.o(.text)
    i.BusFault_Handler                       0x08000632   Section        0  stm32f4xx_it.o(i.BusFault_Handler)
    i.DMA2_Stream2_IRQHandler                0x08000634   Section        0  stm32f4xx_it.o(i.DMA2_Stream2_IRQHandler)
    i.DMA2_Stream7_IRQHandler                0x08000640   Section        0  stm32f4xx_it.o(i.DMA2_Stream7_IRQHandler)
    i.DMA_CalcBaseAndBitshift                0x0800064c   Section        0  stm32f4xx_hal_dma.o(i.DMA_CalcBaseAndBitshift)
    DMA_CalcBaseAndBitshift                  0x0800064d   Thumb Code    34  stm32f4xx_hal_dma.o(i.DMA_CalcBaseAndBitshift)
    i.DMA_CheckFifoParam                     0x08000674   Section        0  stm32f4xx_hal_dma.o(i.DMA_CheckFifoParam)
    DMA_CheckFifoParam                       0x08000675   Thumb Code    84  stm32f4xx_hal_dma.o(i.DMA_CheckFifoParam)
    i.DMA_SetConfig                          0x080006c8   Section        0  stm32f4xx_hal_dma.o(i.DMA_SetConfig)
    DMA_SetConfig                            0x080006c9   Thumb Code    40  stm32f4xx_hal_dma.o(i.DMA_SetConfig)
    i.DebugMon_Handler                       0x080006f0   Section        0  stm32f4xx_it.o(i.DebugMon_Handler)
    i.Error_Handler                          0x080006f2   Section        0  main.o(i.Error_Handler)
    i.HAL_DMA_Abort                          0x080006f6   Section        0  stm32f4xx_hal_dma.o(i.HAL_DMA_Abort)
    i.HAL_DMA_Abort_IT                       0x08000788   Section        0  stm32f4xx_hal_dma.o(i.HAL_DMA_Abort_IT)
    i.HAL_DMA_IRQHandler                     0x080007ac   Section        0  stm32f4xx_hal_dma.o(i.HAL_DMA_IRQHandler)
    i.HAL_DMA_Init                           0x0800094c   Section        0  stm32f4xx_hal_dma.o(i.HAL_DMA_Init)
    i.HAL_DMA_Start_IT                       0x08000a20   Section        0  stm32f4xx_hal_dma.o(i.HAL_DMA_Start_IT)
    i.HAL_GPIO_Init                          0x08000a90   Section        0  stm32f4xx_hal_gpio.o(i.HAL_GPIO_Init)
    i.HAL_GPIO_TogglePin                     0x08000c70   Section        0  stm32f4xx_hal_gpio.o(i.HAL_GPIO_TogglePin)
    i.HAL_GPIO_WritePin                      0x08000c80   Section        0  stm32f4xx_hal_gpio.o(i.HAL_GPIO_WritePin)
    i.HAL_GetTick                            0x08000c8c   Section        0  stm32f4xx_hal.o(i.HAL_GetTick)
    i.HAL_IncTick                            0x08000c98   Section        0  stm32f4xx_hal.o(i.HAL_IncTick)
    i.HAL_Init                               0x08000ca8   Section        0  stm32f4xx_hal.o(i.HAL_Init)
    i.HAL_InitTick                           0x08000cdc   Section        0  stm32f4xx_hal.o(i.HAL_InitTick)
    i.HAL_MspInit                            0x08000d1c   Section        0  stm32f4xx_hal_msp.o(i.HAL_MspInit)
    i.HAL_NVIC_EnableIRQ                     0x08000d4c   Section        0  stm32f4xx_hal_cortex.o(i.HAL_NVIC_EnableIRQ)
    i.HAL_NVIC_SetPriority                   0x08000d68   Section        0  stm32f4xx_hal_cortex.o(i.HAL_NVIC_SetPriority)
    i.HAL_NVIC_SetPriorityGrouping           0x08000da8   Section        0  stm32f4xx_hal_cortex.o(i.HAL_NVIC_SetPriorityGrouping)
    i.HAL_RCC_ClockConfig                    0x08000dcc   Section        0  stm32f4xx_hal_rcc.o(i.HAL_RCC_ClockConfig)
    i.HAL_RCC_GetPCLK1Freq                   0x08000f00   Section        0  stm32f4xx_hal_rcc.o(i.HAL_RCC_GetPCLK1Freq)
    i.HAL_RCC_GetPCLK2Freq                   0x08000f20   Section        0  stm32f4xx_hal_rcc.o(i.HAL_RCC_GetPCLK2Freq)
    i.HAL_RCC_GetSysClockFreq                0x08000f40   Section        0  stm32f4xx_hal_rcc.o(i.HAL_RCC_GetSysClockFreq)
    i.HAL_RCC_OscConfig                      0x08000fa4   Section        0  stm32f4xx_hal_rcc.o(i.HAL_RCC_OscConfig)
    i.HAL_SYSTICK_Config                     0x08001310   Section        0  stm32f4xx_hal_cortex.o(i.HAL_SYSTICK_Config)
    i.HAL_TIMEx_BreakCallback                0x08001338   Section        0  stm32f4xx_hal_tim_ex.o(i.HAL_TIMEx_BreakCallback)
    i.HAL_TIMEx_CommutCallback               0x0800133a   Section        0  stm32f4xx_hal_tim_ex.o(i.HAL_TIMEx_CommutCallback)
    i.HAL_TIMEx_MasterConfigSynchronization  0x0800133c   Section        0  stm32f4xx_hal_tim_ex.o(i.HAL_TIMEx_MasterConfigSynchronization)
    i.HAL_TIM_Base_Init                      0x080013b8   Section        0  stm32f4xx_hal_tim.o(i.HAL_TIM_Base_Init)
    i.HAL_TIM_Base_MspInit                   0x08001414   Section        0  stm32f4xx_hal_msp.o(i.HAL_TIM_Base_MspInit)
    i.HAL_TIM_ConfigClockSource              0x08001504   Section        0  stm32f4xx_hal_tim.o(i.HAL_TIM_ConfigClockSource)
    i.HAL_TIM_Encoder_Init                   0x080015e0   Section        0  stm32f4xx_hal_tim.o(i.HAL_TIM_Encoder_Init)
    i.HAL_TIM_Encoder_MspInit                0x08001684   Section        0  stm32f4xx_hal_msp.o(i.HAL_TIM_Encoder_MspInit)
    i.HAL_TIM_Encoder_Start_IT               0x08001758   Section        0  stm32f4xx_hal_tim.o(i.HAL_TIM_Encoder_Start_IT)
    i.HAL_TIM_IC_CaptureCallback             0x08001810   Section        0  encoder.o(i.HAL_TIM_IC_CaptureCallback)
    i.HAL_TIM_IC_ConfigChannel               0x08001900   Section        0  stm32f4xx_hal_tim.o(i.HAL_TIM_IC_ConfigChannel)
    i.HAL_TIM_IC_Init                        0x08001a1e   Section        0  stm32f4xx_hal_tim.o(i.HAL_TIM_IC_Init)
    i.HAL_TIM_IC_MspInit                     0x08001a78   Section        0  stm32f4xx_hal_tim.o(i.HAL_TIM_IC_MspInit)
    i.HAL_TIM_IC_Start_IT                    0x08001a7c   Section        0  stm32f4xx_hal_tim.o(i.HAL_TIM_IC_Start_IT)
    i.HAL_TIM_IRQHandler                     0x08001b74   Section        0  stm32f4xx_hal_tim.o(i.HAL_TIM_IRQHandler)
    i.HAL_TIM_MspPostInit                    0x08001cdc   Section        0  stm32f4xx_hal_msp.o(i.HAL_TIM_MspPostInit)
    i.HAL_TIM_OC_ConfigChannel               0x08001d64   Section        0  stm32f4xx_hal_tim.o(i.HAL_TIM_OC_ConfigChannel)
    i.HAL_TIM_OC_DelayElapsedCallback        0x08001db6   Section        0  stm32f4xx_hal_tim.o(i.HAL_TIM_OC_DelayElapsedCallback)
    i.HAL_TIM_OC_Init                        0x08001db8   Section        0  stm32f4xx_hal_tim.o(i.HAL_TIM_OC_Init)
    i.HAL_TIM_OC_MspInit                     0x08001e12   Section        0  stm32f4xx_hal_tim.o(i.HAL_TIM_OC_MspInit)
    i.HAL_TIM_PWM_ConfigChannel              0x08001e14   Section        0  stm32f4xx_hal_tim.o(i.HAL_TIM_PWM_ConfigChannel)
    i.HAL_TIM_PWM_Init                       0x08001ee0   Section        0  stm32f4xx_hal_tim.o(i.HAL_TIM_PWM_Init)
    i.HAL_TIM_PWM_MspInit                    0x08001f3c   Section        0  stm32f4xx_hal_msp.o(i.HAL_TIM_PWM_MspInit)
    i.HAL_TIM_PWM_PulseFinishedCallback      0x08001f80   Section        0  stm32f4xx_hal_tim.o(i.HAL_TIM_PWM_PulseFinishedCallback)
    i.HAL_TIM_PWM_Start                      0x08001f84   Section        0  stm32f4xx_hal_tim.o(i.HAL_TIM_PWM_Start)
    i.HAL_TIM_PWM_Start_IT                   0x08002034   Section        0  stm32f4xx_hal_tim.o(i.HAL_TIM_PWM_Start_IT)
    i.HAL_TIM_PeriodElapsedCallback          0x08002110   Section        0  stm32f4xx_hal_tim.o(i.HAL_TIM_PeriodElapsedCallback)
    i.HAL_TIM_TriggerCallback                0x08002112   Section        0  stm32f4xx_hal_tim.o(i.HAL_TIM_TriggerCallback)
    i.HAL_UARTEx_RxEventCallback             0x08002114   Section        0  stm32f4xx_hal_uart.o(i.HAL_UARTEx_RxEventCallback)
    i.HAL_UART_ErrorCallback                 0x08002116   Section        0  stm32f4xx_hal_uart.o(i.HAL_UART_ErrorCallback)
    i.HAL_UART_IRQHandler                    0x08002118   Section        0  stm32f4xx_hal_uart.o(i.HAL_UART_IRQHandler)
    i.HAL_UART_Init                          0x08002380   Section        0  stm32f4xx_hal_uart.o(i.HAL_UART_Init)
    i.HAL_UART_MspInit                       0x080023e4   Section        0  stm32f4xx_hal_msp.o(i.HAL_UART_MspInit)
    i.HAL_UART_RxCpltCallback                0x080024cc   Section        0  stm32f4xx_hal_uart.o(i.HAL_UART_RxCpltCallback)
    i.HAL_UART_Transmit_DMA                  0x080024d0   Section        0  stm32f4xx_hal_uart.o(i.HAL_UART_Transmit_DMA)
    i.HAL_UART_TxCpltCallback                0x0800255c   Section        0  stm32f4xx_hal_uart.o(i.HAL_UART_TxCpltCallback)
    i.HAL_UART_TxHalfCpltCallback            0x0800255e   Section        0  stm32f4xx_hal_uart.o(i.HAL_UART_TxHalfCpltCallback)
    i.HardFault_Handler                      0x08002560   Section        0  stm32f4xx_it.o(i.HardFault_Handler)
    i.MX_GPIO_Init                           0x08002564   Section        0  main.o(i.MX_GPIO_Init)
    MX_GPIO_Init                             0x08002565   Thumb Code   172  main.o(i.MX_GPIO_Init)
    i.MX_TIM10_Init                          0x08002620   Section        0  main.o(i.MX_TIM10_Init)
    MX_TIM10_Init                            0x08002621   Thumb Code    90  main.o(i.MX_TIM10_Init)
    i.MX_TIM11_Init                          0x08002684   Section        0  main.o(i.MX_TIM11_Init)
    MX_TIM11_Init                            0x08002685   Thumb Code    88  main.o(i.MX_TIM11_Init)
    i.MX_TIM2_Init                           0x080026e4   Section        0  main.o(i.MX_TIM2_Init)
    MX_TIM2_Init                             0x080026e5   Thumb Code   104  main.o(i.MX_TIM2_Init)
    i.MX_TIM3_Init                           0x08002750   Section        0  main.o(i.MX_TIM3_Init)
    MX_TIM3_Init                             0x08002751   Thumb Code   202  main.o(i.MX_TIM3_Init)
    i.MX_TIM4_Init                           0x08002824   Section        0  main.o(i.MX_TIM4_Init)
    MX_TIM4_Init                             0x08002825   Thumb Code   152  main.o(i.MX_TIM4_Init)
    i.MX_TIM5_Init                           0x080028c4   Section        0  main.o(i.MX_TIM5_Init)
    MX_TIM5_Init                             0x080028c5   Thumb Code    96  main.o(i.MX_TIM5_Init)
    i.MX_TIM9_Init                           0x0800292c   Section        0  main.o(i.MX_TIM9_Init)
    MX_TIM9_Init                             0x0800292d   Thumb Code    94  main.o(i.MX_TIM9_Init)
    i.MX_USART1_UART_Init                    0x08002994   Section        0  main.o(i.MX_USART1_UART_Init)
    MX_USART1_UART_Init                      0x08002995   Thumb Code    58  main.o(i.MX_USART1_UART_Init)
    i.MemManage_Handler                      0x080029dc   Section        0  stm32f4xx_it.o(i.MemManage_Handler)
    i.NMI_Handler                            0x080029de   Section        0  stm32f4xx_it.o(i.NMI_Handler)
    i.OutEnc                                 0x080029e0   Section        0  func.o(i.OutEnc)
    i.PendSV_Handler                         0x08002a14   Section        0  stm32f4xx_it.o(i.PendSV_Handler)
    i.SMA                                    0x08002a18   Section        0  func.o(i.SMA)
    i.SVC_Handler                            0x08002a90   Section        0  stm32f4xx_it.o(i.SVC_Handler)
    i.ServoWrite1                            0x08002a94   Section        0  func.o(i.ServoWrite1)
    i.ServoWrite2                            0x08002ab0   Section        0  func.o(i.ServoWrite2)
    i.ServoWrite3                            0x08002acc   Section        0  func.o(i.ServoWrite3)
    i.ServoWrite4                            0x08002ae8   Section        0  func.o(i.ServoWrite4)
    i.ServoWrite5                            0x08002b04   Section        0  func.o(i.ServoWrite5)
    i.SpeedCulcTick                          0x08002b20   Section        0  func.o(i.SpeedCulcTick)
    i.StartState                             0x08002b58   Section        0  func.o(i.StartState)
    i.SysTick_Handler                        0x08002cc8   Section        0  stm32f4xx_it.o(i.SysTick_Handler)
    i.SystemClock_Config                     0x08002d3c   Section        0  main.o(i.SystemClock_Config)
    i.SystemInit                             0x08002dcc   Section        0  system_stm32f4xx.o(i.SystemInit)
    i.TIM1_TRG_COM_TIM11_IRQHandler          0x08002ddc   Section        0  stm32f4xx_it.o(i.TIM1_TRG_COM_TIM11_IRQHandler)
    i.TIM1_UP_TIM10_IRQHandler               0x08002e10   Section        0  stm32f4xx_it.o(i.TIM1_UP_TIM10_IRQHandler)
    i.TIM2_IRQHandler                        0x08002e44   Section        0  stm32f4xx_it.o(i.TIM2_IRQHandler)
    i.TIM3_IRQHandler                        0x08002e50   Section        0  stm32f4xx_it.o(i.TIM3_IRQHandler)
    i.TIM5_IRQHandler                        0x08002e5c   Section        0  stm32f4xx_it.o(i.TIM5_IRQHandler)
    i.TIM_Base_SetConfig                     0x08002e68   Section        0  stm32f4xx_hal_tim.o(i.TIM_Base_SetConfig)
    i.TIM_CCxChannelCmd                      0x08002f00   Section        0  stm32f4xx_hal_tim.o(i.TIM_CCxChannelCmd)
    i.TIM_ETR_SetConfig                      0x08002f1a   Section        0  stm32f4xx_hal_tim.o(i.TIM_ETR_SetConfig)
    i.TIM_ITRx_SetConfig                     0x08002f2e   Section        0  stm32f4xx_hal_tim.o(i.TIM_ITRx_SetConfig)
    TIM_ITRx_SetConfig                       0x08002f2f   Thumb Code    16  stm32f4xx_hal_tim.o(i.TIM_ITRx_SetConfig)
    i.TIM_OC1_SetConfig                      0x08002f40   Section        0  stm32f4xx_hal_tim.o(i.TIM_OC1_SetConfig)
    TIM_OC1_SetConfig                        0x08002f41   Thumb Code    74  stm32f4xx_hal_tim.o(i.TIM_OC1_SetConfig)
    i.TIM_OC2_SetConfig                      0x08002f90   Section        0  stm32f4xx_hal_tim.o(i.TIM_OC2_SetConfig)
    i.TIM_OC3_SetConfig                      0x08002fe8   Section        0  stm32f4xx_hal_tim.o(i.TIM_OC3_SetConfig)
    TIM_OC3_SetConfig                        0x08002fe9   Thumb Code    82  stm32f4xx_hal_tim.o(i.TIM_OC3_SetConfig)
    i.TIM_OC4_SetConfig                      0x08003040   Section        0  stm32f4xx_hal_tim.o(i.TIM_OC4_SetConfig)
    TIM_OC4_SetConfig                        0x08003041   Thumb Code    64  stm32f4xx_hal_tim.o(i.TIM_OC4_SetConfig)
    i.TIM_TI1_ConfigInputStage               0x08003084   Section        0  stm32f4xx_hal_tim.o(i.TIM_TI1_ConfigInputStage)
    TIM_TI1_ConfigInputStage                 0x08003085   Thumb Code    34  stm32f4xx_hal_tim.o(i.TIM_TI1_ConfigInputStage)
    i.TIM_TI1_SetConfig                      0x080030a8   Section        0  stm32f4xx_hal_tim.o(i.TIM_TI1_SetConfig)
    i.TIM_TI2_ConfigInputStage               0x08003114   Section        0  stm32f4xx_hal_tim.o(i.TIM_TI2_ConfigInputStage)
    TIM_TI2_ConfigInputStage                 0x08003115   Thumb Code    36  stm32f4xx_hal_tim.o(i.TIM_TI2_ConfigInputStage)
    i.TIM_TI2_SetConfig                      0x08003138   Section        0  stm32f4xx_hal_tim.o(i.TIM_TI2_SetConfig)
    TIM_TI2_SetConfig                        0x08003139   Thumb Code    54  stm32f4xx_hal_tim.o(i.TIM_TI2_SetConfig)
    i.TransmitOK                             0x08003170   Section        0  func.o(i.TransmitOK)
    i.UART_DMAAbortOnError                   0x080031a0   Section        0  stm32f4xx_hal_uart.o(i.UART_DMAAbortOnError)
    UART_DMAAbortOnError                     0x080031a1   Thumb Code    16  stm32f4xx_hal_uart.o(i.UART_DMAAbortOnError)
    i.UART_DMAError                          0x080031b0   Section        0  stm32f4xx_hal_uart.o(i.UART_DMAError)
    UART_DMAError                            0x080031b1   Thumb Code    74  stm32f4xx_hal_uart.o(i.UART_DMAError)
    i.UART_DMATransmitCplt                   0x080031fa   Section        0  stm32f4xx_hal_uart.o(i.UART_DMATransmitCplt)
    UART_DMATransmitCplt                     0x080031fb   Thumb Code    66  stm32f4xx_hal_uart.o(i.UART_DMATransmitCplt)
    i.UART_DMATxHalfCplt                     0x0800323c   Section        0  stm32f4xx_hal_uart.o(i.UART_DMATxHalfCplt)
    UART_DMATxHalfCplt                       0x0800323d   Thumb Code    10  stm32f4xx_hal_uart.o(i.UART_DMATxHalfCplt)
    i.UART_EndRxTransfer                     0x08003246   Section        0  stm32f4xx_hal_uart.o(i.UART_EndRxTransfer)
    UART_EndRxTransfer                       0x08003247   Thumb Code    78  stm32f4xx_hal_uart.o(i.UART_EndRxTransfer)
    i.UART_EndTxTransfer                     0x08003294   Section        0  stm32f4xx_hal_uart.o(i.UART_EndTxTransfer)
    UART_EndTxTransfer                       0x08003295   Thumb Code    28  stm32f4xx_hal_uart.o(i.UART_EndTxTransfer)
    i.UART_Receive_IT                        0x080032b0   Section        0  stm32f4xx_hal_uart.o(i.UART_Receive_IT)
    UART_Receive_IT                          0x080032b1   Thumb Code   192  stm32f4xx_hal_uart.o(i.UART_Receive_IT)
    i.UART_SetConfig                         0x08003370   Section        0  stm32f4xx_hal_uart.o(i.UART_SetConfig)
    UART_SetConfig                           0x08003371   Thumb Code   258  stm32f4xx_hal_uart.o(i.UART_SetConfig)
    i.USART1_IRQHandler                      0x0800347c   Section        0  stm32f4xx_it.o(i.USART1_IRQHandler)
    i.Update                                 0x080034f4   Section        0  func.o(i.Update)
    i.UsageFault_Handler                     0x08003700   Section        0  stm32f4xx_it.o(i.UsageFault_Handler)
    i.__NVIC_SetPriority                     0x08003702   Section        0  stm32f4xx_hal_cortex.o(i.__NVIC_SetPriority)
    __NVIC_SetPriority                       0x08003703   Thumb Code    32  stm32f4xx_hal_cortex.o(i.__NVIC_SetPriority)
    i.doPID                                  0x08003724   Section        0  pidvel.o(i.doPID)
    i.l_motor_back                           0x08003788   Section        0  func.o(i.l_motor_back)
    i.l_motor_forv                           0x080037b0   Section        0  func.o(i.l_motor_forv)
    i.l_motor_stop                           0x080037dc   Section        0  func.o(i.l_motor_stop)
    i.main                                   0x080037fc   Section        0  main.o(i.main)
    i.r_motor_back                           0x080038b4   Section        0  func.o(i.r_motor_back)
    i.r_motor_forv                           0x080038e0   Section        0  func.o(i.r_motor_forv)
    i.r_motor_stop                           0x0800390c   Section        0  func.o(i.r_motor_stop)
    i.resetPID                               0x0800392c   Section        0  pidvel.o(i.resetPID)
    i.setMotorSpeeds                         0x08003964   Section        0  func.o(i.setMotorSpeeds)
    i.updatePID                              0x080039a8   Section        0  pidvel.o(i.updatePID)
    x$fpl$fpinit                             0x08003a04   Section       10  fpinit.o(x$fpl$fpinit)
    $v0                                      0x08003a04   Number         0  fpinit.o(x$fpl$fpinit)
    .constdata                               0x08003a0e   Section        8  stm32f4xx_hal_dma.o(.constdata)
    flagBitshiftOffset                       0x08003a0e   Data           8  stm32f4xx_hal_dma.o(.constdata)
    .constdata                               0x08003a16   Section       16  system_stm32f4xx.o(.constdata)
    .constdata                               0x08003a26   Section        8  system_stm32f4xx.o(.constdata)
    .data                                    0x20000000   Section        8  func.o(.data)
    .data                                    0x20000008   Section        8  encoder.o(.data)
    CCR1_Start                               0x20000008   Data           4  encoder.o(.data)
    CCR3_Start                               0x2000000c   Data           4  encoder.o(.data)
    .data                                    0x20000010   Section        1  main.o(.data)
    .data                                    0x20000011   Section        1  main.o(.data)
    .data                                    0x20000014   Section        4  main.o(.data)
    .data                                    0x20000018   Section        4  main.o(.data)
    .data                                    0x2000001c   Section        4  main.o(.data)
    .data                                    0x20000020   Section        4  main.o(.data)
    .data                                    0x20000024   Section        4  main.o(.data)
    .data                                    0x20000028   Section        4  main.o(.data)
    .data                                    0x2000002c   Section        4  main.o(.data)
    .data                                    0x20000030   Section        4  main.o(.data)
    .data                                    0x20000034   Section        1  main.o(.data)
    .data                                    0x20000036   Section        2  main.o(.data)
    .data                                    0x20000038   Section        2  main.o(.data)
    .data                                    0x2000003a   Section        2  main.o(.data)
    .data                                    0x2000003c   Section        2  main.o(.data)
    .data                                    0x2000003e   Section        1  main.o(.data)
    .data                                    0x2000003f   Section        1  main.o(.data)
    .data                                    0x20000040   Section        8  stm32f4xx_it.o(.data)
    CountUart6                               0x20000040   Data           1  stm32f4xx_it.o(.data)
    CountSpaceUart                           0x20000041   Data           1  stm32f4xx_it.o(.data)
    Count                                    0x20000044   Data           4  stm32f4xx_it.o(.data)
    .data                                    0x20000048   Section       12  stm32f4xx_hal.o(.data)
    .data                                    0x20000054   Section        4  system_stm32f4xx.o(.data)
    .bss                                     0x20000058   Section      572  main.o(.bss)
    .bss                                     0x20000294   Section       96  main.o(.bss)
    .bss                                     0x200002f4   Section       96  main.o(.bss)
    .bss                                     0x20000354   Section       32  main.o(.bss)
    .bss                                     0x20000374   Section       50  main.o(.bss)
    .bss                                     0x200003a6   Section       20  main.o(.bss)
    .bss                                     0x200003bc   Section       24  main.o(.bss)
    .bss                                     0x200003d4   Section       24  main.o(.bss)
    .bss                                     0x200003ec   Section       10  main.o(.bss)
    .bss                                     0x200003f8   Section       96  libspace.o(.bss)
    HEAP                                     0x20000458   Section      512  startup_stm32f411xe.o(HEAP)
    Heap_Mem                                 0x20000458   Data         512  startup_stm32f411xe.o(HEAP)
    STACK                                    0x20000658   Section     1024  startup_stm32f411xe.o(STACK)
    Stack_Mem                                0x20000658   Data        1024  startup_stm32f411xe.o(STACK)
    __initial_sp                             0x20000a58   Data           0  startup_stm32f411xe.o(STACK)

    Global Symbols

    Symbol Name                              Value     Ov Type        Size  Object(Section)

    BuildAttributes$$THM_ISAv4$E$P$D$K$B$S$7EM$VFPi3$EXTD16$VFPS$VFMA$PE$A:L22UL41UL21$X:L11$S22US41US21$IEEE1$IW$USESV6$~STKCKD$USESV7$~SHL$OTIME$ROPI$IEEEJ$EBA8$UX$STANDARDLIB$REQ8$PRES8$EABIv2 0x00000000   Number         0  anon$$obj.o ABSOLUTE
    __ARM_use_no_argv                        0x00000000   Number         0  main.o ABSOLUTE
    _printf_flags                            0x00000000   Number         0  printf_stubs.o ABSOLUTE
    _printf_return_value                     0x00000000   Number         0  printf_stubs.o ABSOLUTE
    _printf_sizespec                         0x00000000   Number         0  printf_stubs.o ABSOLUTE
    _printf_widthprec                        0x00000000   Number         0  printf_stubs.o ABSOLUTE
    __ARM_exceptions_init                     - Undefined Weak Reference
    __alloca_initialize                       - Undefined Weak Reference
    __arm_fini_                               - Undefined Weak Reference
    __arm_preinit_                            - Undefined Weak Reference
    __cpp_initialize__aeabi_                  - Undefined Weak Reference
    __cxa_finalize                            - Undefined Weak Reference
    __sigvec_lookup                           - Undefined Weak Reference
    _atexit_init                              - Undefined Weak Reference
    _call_atexit_fns                          - Undefined Weak Reference
    _clock_init                               - Undefined Weak Reference
    _fp_trap_init                             - Undefined Weak Reference
    _fp_trap_shutdown                         - Undefined Weak Reference
    _get_lc_collate                           - Undefined Weak Reference
    _get_lc_ctype                             - Undefined Weak Reference
    _get_lc_monetary                          - Undefined Weak Reference
    _get_lc_time                              - Undefined Weak Reference
    _getenv_init                              - Undefined Weak Reference
    _handle_redirection                       - Undefined Weak Reference
    _init_alloc                               - Undefined Weak Reference
    _init_user_alloc                          - Undefined Weak Reference
    _initio                                   - Undefined Weak Reference
    _printf_post_padding                      - Undefined Weak Reference
    _printf_pre_padding                       - Undefined Weak Reference
    _printf_truncate_signed                   - Undefined Weak Reference
    _printf_truncate_unsigned                 - Undefined Weak Reference
    _rand_init                                - Undefined Weak Reference
    _signal_finish                            - Undefined Weak Reference
    _signal_init                              - Undefined Weak Reference
    _terminate_alloc                          - Undefined Weak Reference
    _terminate_user_alloc                     - Undefined Weak Reference
    _terminateio                              - Undefined Weak Reference
    __Vectors_Size                           0x00000198   Number         0  startup_stm32f411xe.o ABSOLUTE
    __Vectors                                0x08000000   Data           4  startup_stm32f411xe.o(RESET)
    __Vectors_End                            0x08000198   Data           0  startup_stm32f411xe.o(RESET)
    __main                                   0x08000199   Thumb Code     8  __main.o(!!!main)
    __scatterload                            0x080001a1   Thumb Code     0  __scatter.o(!!!scatter)
    __scatterload_rt2                        0x080001a1   Thumb Code    44  __scatter.o(!!!scatter)
    __scatterload_rt2_thumb_only             0x080001a1   Thumb Code     0  __scatter.o(!!!scatter)
    __scatterload_null                       0x080001af   Thumb Code     0  __scatter.o(!!!scatter)
    __scatterload_copy                       0x080001d5   Thumb Code    26  __scatter_copy.o(!!handler_copy)
    __scatterload_zeroinit                   0x080001f1   Thumb Code    28  __scatter_zi.o(!!handler_zi)
    _printf_d                                0x0800020d   Thumb Code     0  _printf_d.o(.ARM.Collect$$_printf_percent$$00000009)
    _printf_percent                          0x0800020d   Thumb Code     0  _printf_percent.o(.ARM.Collect$$_printf_percent$$00000000)
    _printf_percent_end                      0x08000213   Thumb Code     0  _printf_percent_end.o(.ARM.Collect$$_printf_percent$$00000017)
    __rt_lib_init                            0x08000217   Thumb Code     0  libinit.o(.ARM.Collect$$libinit$$00000000)
    __rt_lib_init_fp_1                       0x08000219   Thumb Code     0  libinit2.o(.ARM.Collect$$libinit$$00000001)
    __rt_lib_init_alloca_1                   0x0800021d   Thumb Code     0  libinit2.o(.ARM.Collect$$libinit$$0000002E)
    __rt_lib_init_argv_1                     0x0800021d   Thumb Code     0  libinit2.o(.ARM.Collect$$libinit$$0000002C)
    __rt_lib_init_atexit_1                   0x0800021d   Thumb Code     0  libinit2.o(.ARM.Collect$$libinit$$0000001B)
    __rt_lib_init_clock_1                    0x0800021d   Thumb Code     0  libinit2.o(.ARM.Collect$$libinit$$00000021)
    __rt_lib_init_cpp_1                      0x0800021d   Thumb Code     0  libinit2.o(.ARM.Collect$$libinit$$00000032)
    __rt_lib_init_exceptions_1               0x0800021d   Thumb Code     0  libinit2.o(.ARM.Collect$$libinit$$00000030)
    __rt_lib_init_fp_trap_1                  0x0800021d   Thumb Code     0  libinit2.o(.ARM.Collect$$libinit$$0000001F)
    __rt_lib_init_getenv_1                   0x0800021d   Thumb Code     0  libinit2.o(.ARM.Collect$$libinit$$00000023)
    __rt_lib_init_heap_1                     0x0800021d   Thumb Code     0  libinit2.o(.ARM.Collect$$libinit$$0000000A)
    __rt_lib_init_lc_collate_1               0x0800021d   Thumb Code     0  libinit2.o(.ARM.Collect$$libinit$$00000011)
    __rt_lib_init_lc_ctype_1                 0x0800021d   Thumb Code     0  libinit2.o(.ARM.Collect$$libinit$$00000013)
    __rt_lib_init_lc_monetary_1              0x0800021d   Thumb Code     0  libinit2.o(.ARM.Collect$$libinit$$00000015)
    __rt_lib_init_lc_numeric_1               0x0800021d   Thumb Code     0  libinit2.o(.ARM.Collect$$libinit$$00000017)
    __rt_lib_init_lc_time_1                  0x0800021d   Thumb Code     0  libinit2.o(.ARM.Collect$$libinit$$00000019)
    __rt_lib_init_preinit_1                  0x0800021d   Thumb Code     0  libinit2.o(.ARM.Collect$$libinit$$00000004)
    __rt_lib_init_rand_1                     0x0800021d   Thumb Code     0  libinit2.o(.ARM.Collect$$libinit$$0000000E)
    __rt_lib_init_return                     0x0800021d   Thumb Code     0  libinit2.o(.ARM.Collect$$libinit$$00000033)
    __rt_lib_init_signal_1                   0x0800021d   Thumb Code     0  libinit2.o(.ARM.Collect$$libinit$$0000001D)
    __rt_lib_init_stdio_1                    0x0800021d   Thumb Code     0  libinit2.o(.ARM.Collect$$libinit$$00000025)
    __rt_lib_init_user_alloc_1               0x0800021d   Thumb Code     0  libinit2.o(.ARM.Collect$$libinit$$0000000C)
    __rt_lib_shutdown                        0x0800021f   Thumb Code     0  libshutdown.o(.ARM.Collect$$libshutdown$$00000000)
    __rt_lib_shutdown_cpp_1                  0x08000221   Thumb Code     0  libshutdown2.o(.ARM.Collect$$libshutdown$$00000004)
    __rt_lib_shutdown_fini_1                 0x08000221   Thumb Code     0  libshutdown2.o(.ARM.Collect$$libshutdown$$00000002)
    __rt_lib_shutdown_fp_trap_1              0x08000221   Thumb Code     0  libshutdown2.o(.ARM.Collect$$libshutdown$$00000009)
    __rt_lib_shutdown_heap_1                 0x08000221   Thumb Code     0  libshutdown2.o(.ARM.Collect$$libshutdown$$00000011)
    __rt_lib_shutdown_return                 0x08000221   Thumb Code     0  libshutdown2.o(.ARM.Collect$$libshutdown$$00000012)
    __rt_lib_shutdown_signal_1               0x08000221   Thumb Code     0  libshutdown2.o(.ARM.Collect$$libshutdown$$0000000C)
    __rt_lib_shutdown_stdio_1                0x08000221   Thumb Code     0  libshutdown2.o(.ARM.Collect$$libshutdown$$00000006)
    __rt_lib_shutdown_user_alloc_1           0x08000221   Thumb Code     0  libshutdown2.o(.ARM.Collect$$libshutdown$$0000000E)
    __rt_entry                               0x08000223   Thumb Code     0  __rtentry.o(.ARM.Collect$$rtentry$$00000000)
    __rt_entry_presh_1                       0x08000223   Thumb Code     0  __rtentry2.o(.ARM.Collect$$rtentry$$00000002)
    __rt_entry_sh                            0x08000223   Thumb Code     0  __rtentry4.o(.ARM.Collect$$rtentry$$00000004)
    __rt_entry_li                            0x08000229   Thumb Code     0  __rtentry2.o(.ARM.Collect$$rtentry$$0000000A)
    __rt_entry_postsh_1                      0x08000229   Thumb Code     0  __rtentry2.o(.ARM.Collect$$rtentry$$00000009)
    __rt_entry_main                          0x0800022d   Thumb Code     0  __rtentry2.o(.ARM.Collect$$rtentry$$0000000D)
    __rt_entry_postli_1                      0x0800022d   Thumb Code     0  __rtentry2.o(.ARM.Collect$$rtentry$$0000000C)
    __rt_exit                                0x08000235   Thumb Code     0  rtexit.o(.ARM.Collect$$rtexit$$00000000)
    __rt_exit_ls                             0x08000237   Thumb Code     0  rtexit2.o(.ARM.Collect$$rtexit$$00000003)
    __rt_exit_prels_1                        0x08000237   Thumb Code     0  rtexit2.o(.ARM.Collect$$rtexit$$00000002)
    __rt_exit_exit                           0x0800023b   Thumb Code     0  rtexit2.o(.ARM.Collect$$rtexit$$00000004)
    Reset_Handler                            0x08000241   Thumb Code     8  startup_stm32f411xe.o(.text)
    ADC_IRQHandler                           0x0800025b   Thumb Code     0  startup_stm32f411xe.o(.text)
    DMA1_Stream0_IRQHandler                  0x0800025b   Thumb Code     0  startup_stm32f411xe.o(.text)
    DMA1_Stream1_IRQHandler                  0x0800025b   Thumb Code     0  startup_stm32f411xe.o(.text)
    DMA1_Stream2_IRQHandler                  0x0800025b   Thumb Code     0  startup_stm32f411xe.o(.text)
    DMA1_Stream3_IRQHandler                  0x0800025b   Thumb Code     0  startup_stm32f411xe.o(.text)
    DMA1_Stream4_IRQHandler                  0x0800025b   Thumb Code     0  startup_stm32f411xe.o(.text)
    DMA1_Stream5_IRQHandler                  0x0800025b   Thumb Code     0  startup_stm32f411xe.o(.text)
    DMA1_Stream6_IRQHandler                  0x0800025b   Thumb Code     0  startup_stm32f411xe.o(.text)
    DMA1_Stream7_IRQHandler                  0x0800025b   Thumb Code     0  startup_stm32f411xe.o(.text)
    DMA2_Stream0_IRQHandler                  0x0800025b   Thumb Code     0  startup_stm32f411xe.o(.text)
    DMA2_Stream1_IRQHandler                  0x0800025b   Thumb Code     0  startup_stm32f411xe.o(.text)
    DMA2_Stream3_IRQHandler                  0x0800025b   Thumb Code     0  startup_stm32f411xe.o(.text)
    DMA2_Stream4_IRQHandler                  0x0800025b   Thumb Code     0  startup_stm32f411xe.o(.text)
    DMA2_Stream5_IRQHandler                  0x0800025b   Thumb Code     0  startup_stm32f411xe.o(.text)
    DMA2_Stream6_IRQHandler                  0x0800025b   Thumb Code     0  startup_stm32f411xe.o(.text)
    EXTI0_IRQHandler                         0x0800025b   Thumb Code     0  startup_stm32f411xe.o(.text)
    EXTI15_10_IRQHandler                     0x0800025b   Thumb Code     0  startup_stm32f411xe.o(.text)
    EXTI1_IRQHandler                         0x0800025b   Thumb Code     0  startup_stm32f411xe.o(.text)
    EXTI2_IRQHandler                         0x0800025b   Thumb Code     0  startup_stm32f411xe.o(.text)
    EXTI3_IRQHandler                         0x0800025b   Thumb Code     0  startup_stm32f411xe.o(.text)
    EXTI4_IRQHandler                         0x0800025b   Thumb Code     0  startup_stm32f411xe.o(.text)
    EXTI9_5_IRQHandler                       0x0800025b   Thumb Code     0  startup_stm32f411xe.o(.text)
    FLASH_IRQHandler                         0x0800025b   Thumb Code     0  startup_stm32f411xe.o(.text)
    FPU_IRQHandler                           0x0800025b   Thumb Code     0  startup_stm32f411xe.o(.text)
    I2C1_ER_IRQHandler                       0x0800025b   Thumb Code     0  startup_stm32f411xe.o(.text)
    I2C1_EV_IRQHandler                       0x0800025b   Thumb Code     0  startup_stm32f411xe.o(.text)
    I2C2_ER_IRQHandler                       0x0800025b   Thumb Code     0  startup_stm32f411xe.o(.text)
    I2C2_EV_IRQHandler                       0x0800025b   Thumb Code     0  startup_stm32f411xe.o(.text)
    I2C3_ER_IRQHandler                       0x0800025b   Thumb Code     0  startup_stm32f411xe.o(.text)
    I2C3_EV_IRQHandler                       0x0800025b   Thumb Code     0  startup_stm32f411xe.o(.text)
    OTG_FS_IRQHandler                        0x0800025b   Thumb Code     0  startup_stm32f411xe.o(.text)
    OTG_FS_WKUP_IRQHandler                   0x0800025b   Thumb Code     0  startup_stm32f411xe.o(.text)
    PVD_IRQHandler                           0x0800025b   Thumb Code     0  startup_stm32f411xe.o(.text)
    RCC_IRQHandler                           0x0800025b   Thumb Code     0  startup_stm32f411xe.o(.text)
    RTC_Alarm_IRQHandler                     0x0800025b   Thumb Code     0  startup_stm32f411xe.o(.text)
    RTC_WKUP_IRQHandler                      0x0800025b   Thumb Code     0  startup_stm32f411xe.o(.text)
    SDIO_IRQHandler                          0x0800025b   Thumb Code     0  startup_stm32f411xe.o(.text)
    SPI1_IRQHandler                          0x0800025b   Thumb Code     0  startup_stm32f411xe.o(.text)
    SPI2_IRQHandler                          0x0800025b   Thumb Code     0  startup_stm32f411xe.o(.text)
    SPI3_IRQHandler                          0x0800025b   Thumb Code     0  startup_stm32f411xe.o(.text)
    SPI4_IRQHandler                          0x0800025b   Thumb Code     0  startup_stm32f411xe.o(.text)
    SPI5_IRQHandler                          0x0800025b   Thumb Code     0  startup_stm32f411xe.o(.text)
    TAMP_STAMP_IRQHandler                    0x0800025b   Thumb Code     0  startup_stm32f411xe.o(.text)
    TIM1_BRK_TIM9_IRQHandler                 0x0800025b   Thumb Code     0  startup_stm32f411xe.o(.text)
    TIM1_CC_IRQHandler                       0x0800025b   Thumb Code     0  startup_stm32f411xe.o(.text)
    TIM4_IRQHandler                          0x0800025b   Thumb Code     0  startup_stm32f411xe.o(.text)
    USART2_IRQHandler                        0x0800025b   Thumb Code     0  startup_stm32f411xe.o(.text)
    USART6_IRQHandler                        0x0800025b   Thumb Code     0  startup_stm32f411xe.o(.text)
    WWDG_IRQHandler                          0x0800025b   Thumb Code     0  startup_stm32f411xe.o(.text)
    __user_initial_stackheap                 0x0800025d   Thumb Code     0  startup_stm32f411xe.o(.text)
    __aeabi_uldivmod                         0x08000281   Thumb Code     0  lludivv7m.o(.text)
    _ll_udiv                                 0x08000281   Thumb Code   238  lludivv7m.o(.text)
    __2sprintf                               0x08000371   Thumb Code    38  __2sprintf.o(.text)
    __printf                                 0x0800039d   Thumb Code   104  __printf.o(.text)
    _printf_int_dec                          0x08000405   Thumb Code   104  _printf_dec.o(.text)
    __aeabi_memclr4                          0x0800047d   Thumb Code     0  rt_memclr_w.o(.text)
    __aeabi_memclr8                          0x0800047d   Thumb Code     0  rt_memclr_w.o(.text)
    __rt_memclr_w                            0x0800047d   Thumb Code    78  rt_memclr_w.o(.text)
    _memset_w                                0x08000481   Thumb Code     0  rt_memclr_w.o(.text)
    __use_two_region_memory                  0x080004cb   Thumb Code     2  heapauxi.o(.text)
    __rt_heap_escrow$2region                 0x080004cd   Thumb Code     2  heapauxi.o(.text)
    __rt_heap_expand$2region                 0x080004cf   Thumb Code     2  heapauxi.o(.text)
    _printf_int_common                       0x080004d1   Thumb Code   178  _printf_intcommon.o(.text)
    _printf_char_common                      0x0800058f   Thumb Code    32  _printf_char_common.o(.text)
    _sputc                                   0x080005b5   Thumb Code    10  _sputc.o(.text)
    __user_libspace                          0x080005c1   Thumb Code     8  libspace.o(.text)
    __user_perproc_libspace                  0x080005c1   Thumb Code     0  libspace.o(.text)
    __user_perthread_libspace                0x080005c1   Thumb Code     0  libspace.o(.text)
    __user_setup_stackheap                   0x080005c9   Thumb Code    74  sys_stackheap_outer.o(.text)
    exit                                     0x08000613   Thumb Code    18  exit.o(.text)
    _sys_exit                                0x08000625   Thumb Code     8  sys_exit.o(.text)
    __I$use$semihosting                      0x08000631   Thumb Code     0  use_no_semi.o(.text)
    __use_no_semihosting_swi                 0x08000631   Thumb Code     2  use_no_semi.o(.text)
    BusFault_Handler                         0x08000633   Thumb Code     2  stm32f4xx_it.o(i.BusFault_Handler)
    __semihosting_library_function           0x08000633   Thumb Code     0  indicate_semi.o(.text)
    DMA2_Stream2_IRQHandler                  0x08000635   Thumb Code     6  stm32f4xx_it.o(i.DMA2_Stream2_IRQHandler)
    DMA2_Stream7_IRQHandler                  0x08000641   Thumb Code     6  stm32f4xx_it.o(i.DMA2_Stream7_IRQHandler)
    DebugMon_Handler                         0x080006f1   Thumb Code     2  stm32f4xx_it.o(i.DebugMon_Handler)
    Error_Handler                            0x080006f3   Thumb Code     4  main.o(i.Error_Handler)
    HAL_DMA_Abort                            0x080006f7   Thumb Code   146  stm32f4xx_hal_dma.o(i.HAL_DMA_Abort)
    HAL_DMA_Abort_IT                         0x08000789   Thumb Code    36  stm32f4xx_hal_dma.o(i.HAL_DMA_Abort_IT)
    HAL_DMA_IRQHandler                       0x080007ad   Thumb Code   412  stm32f4xx_hal_dma.o(i.HAL_DMA_IRQHandler)
    HAL_DMA_Init                             0x0800094d   Thumb Code   206  stm32f4xx_hal_dma.o(i.HAL_DMA_Init)
    HAL_DMA_Start_IT                         0x08000a21   Thumb Code   110  stm32f4xx_hal_dma.o(i.HAL_DMA_Start_IT)
    HAL_GPIO_Init                            0x08000a91   Thumb Code   446  stm32f4xx_hal_gpio.o(i.HAL_GPIO_Init)
    HAL_GPIO_TogglePin                       0x08000c71   Thumb Code    16  stm32f4xx_hal_gpio.o(i.HAL_GPIO_TogglePin)
    HAL_GPIO_WritePin                        0x08000c81   Thumb Code    10  stm32f4xx_hal_gpio.o(i.HAL_GPIO_WritePin)
    HAL_GetTick                              0x08000c8d   Thumb Code     6  stm32f4xx_hal.o(i.HAL_GetTick)
    HAL_IncTick                              0x08000c99   Thumb Code    12  stm32f4xx_hal.o(i.HAL_IncTick)
    HAL_Init                                 0x08000ca9   Thumb Code    48  stm32f4xx_hal.o(i.HAL_Init)
    HAL_InitTick                             0x08000cdd   Thumb Code    54  stm32f4xx_hal.o(i.HAL_InitTick)
    HAL_MspInit                              0x08000d1d   Thumb Code    42  stm32f4xx_hal_msp.o(i.HAL_MspInit)
    HAL_NVIC_EnableIRQ                       0x08000d4d   Thumb Code    26  stm32f4xx_hal_cortex.o(i.HAL_NVIC_EnableIRQ)
    HAL_NVIC_SetPriority                     0x08000d69   Thumb Code    60  stm32f4xx_hal_cortex.o(i.HAL_NVIC_SetPriority)
    HAL_NVIC_SetPriorityGrouping             0x08000da9   Thumb Code    26  stm32f4xx_hal_cortex.o(i.HAL_NVIC_SetPriorityGrouping)
    HAL_RCC_ClockConfig                      0x08000dcd   Thumb Code   288  stm32f4xx_hal_rcc.o(i.HAL_RCC_ClockConfig)
    HAL_RCC_GetPCLK1Freq                     0x08000f01   Thumb Code    20  stm32f4xx_hal_rcc.o(i.HAL_RCC_GetPCLK1Freq)
    HAL_RCC_GetPCLK2Freq                     0x08000f21   Thumb Code    20  stm32f4xx_hal_rcc.o(i.HAL_RCC_GetPCLK2Freq)
    HAL_RCC_GetSysClockFreq                  0x08000f41   Thumb Code    88  stm32f4xx_hal_rcc.o(i.HAL_RCC_GetSysClockFreq)
    HAL_RCC_OscConfig                        0x08000fa5   Thumb Code   856  stm32f4xx_hal_rcc.o(i.HAL_RCC_OscConfig)
    HAL_SYSTICK_Config                       0x08001311   Thumb Code    40  stm32f4xx_hal_cortex.o(i.HAL_SYSTICK_Config)
    HAL_TIMEx_BreakCallback                  0x08001339   Thumb Code     2  stm32f4xx_hal_tim_ex.o(i.HAL_TIMEx_BreakCallback)
    HAL_TIMEx_CommutCallback                 0x0800133b   Thumb Code     2  stm32f4xx_hal_tim_ex.o(i.HAL_TIMEx_CommutCallback)
    HAL_TIMEx_MasterConfigSynchronization    0x0800133d   Thumb Code   104  stm32f4xx_hal_tim_ex.o(i.HAL_TIMEx_MasterConfigSynchronization)
    HAL_TIM_Base_Init                        0x080013b9   Thumb Code    90  stm32f4xx_hal_tim.o(i.HAL_TIM_Base_Init)
    HAL_TIM_Base_MspInit                     0x08001415   Thumb Code   216  stm32f4xx_hal_msp.o(i.HAL_TIM_Base_MspInit)
    HAL_TIM_ConfigClockSource                0x08001505   Thumb Code   220  stm32f4xx_hal_tim.o(i.HAL_TIM_ConfigClockSource)
    HAL_TIM_Encoder_Init                     0x080015e1   Thumb Code   164  stm32f4xx_hal_tim.o(i.HAL_TIM_Encoder_Init)
    HAL_TIM_Encoder_MspInit                  0x08001685   Thumb Code   196  stm32f4xx_hal_msp.o(i.HAL_TIM_Encoder_MspInit)
    HAL_TIM_Encoder_Start_IT                 0x08001759   Thumb Code   182  stm32f4xx_hal_tim.o(i.HAL_TIM_Encoder_Start_IT)
    HAL_TIM_IC_CaptureCallback               0x08001811   Thumb Code   192  encoder.o(i.HAL_TIM_IC_CaptureCallback)
    HAL_TIM_IC_ConfigChannel                 0x08001901   Thumb Code   286  stm32f4xx_hal_tim.o(i.HAL_TIM_IC_ConfigChannel)
    HAL_TIM_IC_Init                          0x08001a1f   Thumb Code    90  stm32f4xx_hal_tim.o(i.HAL_TIM_IC_Init)
    HAL_TIM_IC_MspInit                       0x08001a79   Thumb Code     2  stm32f4xx_hal_tim.o(i.HAL_TIM_IC_MspInit)
    HAL_TIM_IC_Start_IT                      0x08001a7d   Thumb Code   228  stm32f4xx_hal_tim.o(i.HAL_TIM_IC_Start_IT)
    HAL_TIM_IRQHandler                       0x08001b75   Thumb Code   358  stm32f4xx_hal_tim.o(i.HAL_TIM_IRQHandler)
    HAL_TIM_MspPostInit                      0x08001cdd   Thumb Code   114  stm32f4xx_hal_msp.o(i.HAL_TIM_MspPostInit)
    HAL_TIM_OC_ConfigChannel                 0x08001d65   Thumb Code    82  stm32f4xx_hal_tim.o(i.HAL_TIM_OC_ConfigChannel)
    HAL_TIM_OC_DelayElapsedCallback          0x08001db7   Thumb Code     2  stm32f4xx_hal_tim.o(i.HAL_TIM_OC_DelayElapsedCallback)
    HAL_TIM_OC_Init                          0x08001db9   Thumb Code    90  stm32f4xx_hal_tim.o(i.HAL_TIM_OC_Init)
    HAL_TIM_OC_MspInit                       0x08001e13   Thumb Code     2  stm32f4xx_hal_tim.o(i.HAL_TIM_OC_MspInit)
    HAL_TIM_PWM_ConfigChannel                0x08001e15   Thumb Code   204  stm32f4xx_hal_tim.o(i.HAL_TIM_PWM_ConfigChannel)
    HAL_TIM_PWM_Init                         0x08001ee1   Thumb Code    90  stm32f4xx_hal_tim.o(i.HAL_TIM_PWM_Init)
    HAL_TIM_PWM_MspInit                      0x08001f3d   Thumb Code    56  stm32f4xx_hal_msp.o(i.HAL_TIM_PWM_MspInit)
    HAL_TIM_PWM_PulseFinishedCallback        0x08001f81   Thumb Code     2  stm32f4xx_hal_tim.o(i.HAL_TIM_PWM_PulseFinishedCallback)
    HAL_TIM_PWM_Start                        0x08001f85   Thumb Code   156  stm32f4xx_hal_tim.o(i.HAL_TIM_PWM_Start)
    HAL_TIM_PWM_Start_IT                     0x08002035   Thumb Code   200  stm32f4xx_hal_tim.o(i.HAL_TIM_PWM_Start_IT)
    HAL_TIM_PeriodElapsedCallback            0x08002111   Thumb Code     2  stm32f4xx_hal_tim.o(i.HAL_TIM_PeriodElapsedCallback)
    HAL_TIM_TriggerCallback                  0x08002113   Thumb Code     2  stm32f4xx_hal_tim.o(i.HAL_TIM_TriggerCallback)
    HAL_UARTEx_RxEventCallback               0x08002115   Thumb Code     2  stm32f4xx_hal_uart.o(i.HAL_UARTEx_RxEventCallback)
    HAL_UART_ErrorCallback                   0x08002117   Thumb Code     2  stm32f4xx_hal_uart.o(i.HAL_UART_ErrorCallback)
    HAL_UART_IRQHandler                      0x08002119   Thumb Code   610  stm32f4xx_hal_uart.o(i.HAL_UART_IRQHandler)
    HAL_UART_Init                            0x08002381   Thumb Code    98  stm32f4xx_hal_uart.o(i.HAL_UART_Init)
    HAL_UART_MspInit                         0x080023e5   Thumb Code   206  stm32f4xx_hal_msp.o(i.HAL_UART_MspInit)
    HAL_UART_RxCpltCallback                  0x080024cd   Thumb Code     2  stm32f4xx_hal_uart.o(i.HAL_UART_RxCpltCallback)
    HAL_UART_Transmit_DMA                    0x080024d1   Thumb Code   126  stm32f4xx_hal_uart.o(i.HAL_UART_Transmit_DMA)
    HAL_UART_TxCpltCallback                  0x0800255d   Thumb Code     2  stm32f4xx_hal_uart.o(i.HAL_UART_TxCpltCallback)
    HAL_UART_TxHalfCpltCallback              0x0800255f   Thumb Code     2  stm32f4xx_hal_uart.o(i.HAL_UART_TxHalfCpltCallback)
    HardFault_Handler                        0x08002561   Thumb Code     2  stm32f4xx_it.o(i.HardFault_Handler)
    MemManage_Handler                        0x080029dd   Thumb Code     2  stm32f4xx_it.o(i.MemManage_Handler)
    NMI_Handler                              0x080029df   Thumb Code     2  stm32f4xx_it.o(i.NMI_Handler)
    OutEnc                                   0x080029e1   Thumb Code    48  func.o(i.OutEnc)
    PendSV_Handler                           0x08002a15   Thumb Code     2  stm32f4xx_it.o(i.PendSV_Handler)
    SMA                                      0x08002a19   Thumb Code   120  func.o(i.SMA)
    SVC_Handler                              0x08002a91   Thumb Code     2  stm32f4xx_it.o(i.SVC_Handler)
    ServoWrite1                              0x08002a95   Thumb Code    22  func.o(i.ServoWrite1)
    ServoWrite2                              0x08002ab1   Thumb Code    22  func.o(i.ServoWrite2)
    ServoWrite3                              0x08002acd   Thumb Code    22  func.o(i.ServoWrite3)
    ServoWrite4                              0x08002ae9   Thumb Code    22  func.o(i.ServoWrite4)
    ServoWrite5                              0x08002b05   Thumb Code    22  func.o(i.ServoWrite5)
    SpeedCulcTick                            0x08002b21   Thumb Code    34  func.o(i.SpeedCulcTick)
    StartState                               0x08002b59   Thumb Code   290  func.o(i.StartState)
    SysTick_Handler                          0x08002cc9   Thumb Code   104  stm32f4xx_it.o(i.SysTick_Handler)
    SystemClock_Config                       0x08002d3d   Thumb Code   134  main.o(i.SystemClock_Config)
    SystemInit                               0x08002dcd   Thumb Code    12  system_stm32f4xx.o(i.SystemInit)
    TIM1_TRG_COM_TIM11_IRQHandler            0x08002ddd   Thumb Code    40  stm32f4xx_it.o(i.TIM1_TRG_COM_TIM11_IRQHandler)
    TIM1_UP_TIM10_IRQHandler                 0x08002e11   Thumb Code    34  stm32f4xx_it.o(i.TIM1_UP_TIM10_IRQHandler)
    TIM2_IRQHandler                          0x08002e45   Thumb Code     6  stm32f4xx_it.o(i.TIM2_IRQHandler)
    TIM3_IRQHandler                          0x08002e51   Thumb Code     6  stm32f4xx_it.o(i.TIM3_IRQHandler)
    TIM5_IRQHandler                          0x08002e5d   Thumb Code     6  stm32f4xx_it.o(i.TIM5_IRQHandler)
    TIM_Base_SetConfig                       0x08002e69   Thumb Code   122  stm32f4xx_hal_tim.o(i.TIM_Base_SetConfig)
    TIM_CCxChannelCmd                        0x08002f01   Thumb Code    26  stm32f4xx_hal_tim.o(i.TIM_CCxChannelCmd)
    TIM_ETR_SetConfig                        0x08002f1b   Thumb Code    20  stm32f4xx_hal_tim.o(i.TIM_ETR_SetConfig)
    TIM_OC2_SetConfig                        0x08002f91   Thumb Code    84  stm32f4xx_hal_tim.o(i.TIM_OC2_SetConfig)
    TIM_TI1_SetConfig                        0x080030a9   Thumb Code    88  stm32f4xx_hal_tim.o(i.TIM_TI1_SetConfig)
    TransmitOK                               0x08003171   Thumb Code    40  func.o(i.TransmitOK)
    USART1_IRQHandler                        0x0800347d   Thumb Code    92  stm32f4xx_it.o(i.USART1_IRQHandler)
    Update                                   0x080034f5   Thumb Code   460  func.o(i.Update)
    UsageFault_Handler                       0x08003701   Thumb Code     2  stm32f4xx_it.o(i.UsageFault_Handler)
    doPID                                    0x08003725   Thumb Code    84  pidvel.o(i.doPID)
    l_motor_back                             0x08003789   Thumb Code    32  func.o(i.l_motor_back)
    l_motor_forv                             0x080037b1   Thumb Code    34  func.o(i.l_motor_forv)
    l_motor_stop                             0x080037dd   Thumb Code    28  func.o(i.l_motor_stop)
    main                                     0x080037fd   Thumb Code   174  main.o(i.main)
    r_motor_back                             0x080038b5   Thumb Code    34  func.o(i.r_motor_back)
    r_motor_forv                             0x080038e1   Thumb Code    34  func.o(i.r_motor_forv)
    r_motor_stop                             0x0800390d   Thumb Code    28  func.o(i.r_motor_stop)
    resetPID                                 0x0800392d   Thumb Code    40  pidvel.o(i.resetPID)
    setMotorSpeeds                           0x08003965   Thumb Code    68  func.o(i.setMotorSpeeds)
    updatePID                                0x080039a9   Thumb Code    72  pidvel.o(i.updatePID)
    _fp_init                                 0x08003a05   Thumb Code    10  fpinit.o(x$fpl$fpinit)
    __fplib_config_fpu_vfp                   0x08003a0d   Thumb Code     0  fpinit.o(x$fpl$fpinit)
    __fplib_config_pureend_doubles           0x08003a0d   Thumb Code     0  fpinit.o(x$fpl$fpinit)
    AHBPrescTable                            0x08003a16   Data          16  system_stm32f4xx.o(.constdata)
    APBPrescTable                            0x08003a26   Data           8  system_stm32f4xx.o(.constdata)
    Region$$Table$$Base                      0x08003a30   Number         0  anon$$obj.o(Region$$Table)
    Region$$Table$$Limit                     0x08003a50   Number         0  anon$$obj.o(Region$$Table)
    LastCountR                               0x20000000   Data           4  func.o(.data)
    LastCountL                               0x20000004   Data           4  func.o(.data)
    flag                                     0x20000010   Data           1  main.o(.data)
    CountIn                                  0x20000011   Data           1  main.o(.data)
    CountR                                   0x20000014   Data           4  main.o(.data)
    CountL                                   0x20000018   Data           4  main.o(.data)
    Time1                                    0x2000001c   Data           4  main.o(.data)
    Time2                                    0x20000020   Data           4  main.o(.data)
    SpeedTickR                               0x20000024   Data           4  main.o(.data)
    SpeedTickL                               0x20000028   Data           4  main.o(.data)
    length1                                  0x2000002c   Data           4  main.o(.data)
    length2                                  0x20000030   Data           4  main.o(.data)
    CountPosL2                               0x20000034   Data           1  main.o(.data)
    Kp                                       0x20000036   Data           2  main.o(.data)
    Kd                                       0x20000038   Data           2  main.o(.data)
    Ki                                       0x2000003a   Data           2  main.o(.data)
    Ko                                       0x2000003c   Data           2  main.o(.data)
    moving                                   0x2000003e   Data           1  main.o(.data)
    CountSpace                               0x2000003f   Data           1  main.o(.data)
    uwTickFreq                               0x20000048   Data           1  stm32f4xx_hal.o(.data)
    uwTickPrio                               0x2000004c   Data           4  stm32f4xx_hal.o(.data)
    uwTick                                   0x20000050   Data           4  stm32f4xx_hal.o(.data)
    SystemCoreClock                          0x20000054   Data           4  system_stm32f4xx.o(.data)
    htim2                                    0x20000058   Data          72  main.o(.bss)
    htim3                                    0x200000a0   Data          72  main.o(.bss)
    htim4                                    0x200000e8   Data          72  main.o(.bss)
    htim5                                    0x20000130   Data          72  main.o(.bss)
    htim9                                    0x20000178   Data          72  main.o(.bss)
    htim10                                   0x200001c0   Data          72  main.o(.bss)
    htim11                                   0x20000208   Data          72  main.o(.bss)
    huart1                                   0x20000250   Data          68  main.o(.bss)
    hdma_usart1_rx                           0x20000294   Data          96  main.o(.bss)
    hdma_usart1_tx                           0x200002f4   Data          96  main.o(.bss)
    RxBuf                                    0x20000354   Data          32  main.o(.bss)
    TxBuf                                    0x20000374   Data          50  main.o(.bss)
    SmaBufT2                                 0x200003a6   Data          20  main.o(.bss)
    leftPID                                  0x200003bc   Data          24  main.o(.bss)
    rightPID                                 0x200003d4   Data          24  main.o(.bss)
    ServoDeg                                 0x200003ec   Data          10  main.o(.bss)
    __libspace_start                         0x200003f8   Data          96  libspace.o(.bss)
    __temporary_stack_top$libspace           0x20000458   Data           0  libspace.o(.bss)



==============================================================================

Memory Map of the image

  Image Entry point : 0x08000199

  Load Region LR_IROM1 (Base: 0x08000000, Size: 0x00003aa8, Max: 0x00080000, ABSOLUTE)

    Execution Region ER_IROM1 (Exec base: 0x08000000, Load base: 0x08000000, Size: 0x00003a50, Max: 0x00080000, ABSOLUTE)

    Exec Addr    Load Addr    Size         Type   Attr      Idx    E Section Name        Object

    0x08000000   0x08000000   0x00000198   Data   RO            3    RESET               startup_stm32f411xe.o
    0x08000198   0x08000198   0x00000008   Code   RO         3243  * !!!main             c_w.l(__main.o)
    0x080001a0   0x080001a0   0x00000034   Code   RO         3475    !!!scatter          c_w.l(__scatter.o)
    0x080001d4   0x080001d4   0x0000001a   Code   RO         3477    !!handler_copy      c_w.l(__scatter_copy.o)
    0x080001ee   0x080001ee   0x00000002   PAD
    0x080001f0   0x080001f0   0x0000001c   Code   RO         3479    !!handler_zi        c_w.l(__scatter_zi.o)
    0x0800020c   0x0800020c   0x00000000   Code   RO         3238    .ARM.Collect$$_printf_percent$$00000000  c_w.l(_printf_percent.o)
    0x0800020c   0x0800020c   0x00000006   Code   RO         3236    .ARM.Collect$$_printf_percent$$00000009  c_w.l(_printf_d.o)
    0x08000212   0x08000212   0x00000004   Code   RO         3262    .ARM.Collect$$_printf_percent$$00000017  c_w.l(_printf_percent_end.o)
    0x08000216   0x08000216   0x00000002   Code   RO         3346    .ARM.Collect$$libinit$$00000000  c_w.l(libinit.o)
    0x08000218   0x08000218   0x00000004   Code   RO         3347    .ARM.Collect$$libinit$$00000001  c_w.l(libinit2.o)
    0x0800021c   0x0800021c   0x00000000   Code   RO         3350    .ARM.Collect$$libinit$$00000004  c_w.l(libinit2.o)
    0x0800021c   0x0800021c   0x00000000   Code   RO         3353    .ARM.Collect$$libinit$$0000000A  c_w.l(libinit2.o)
    0x0800021c   0x0800021c   0x00000000   Code   RO         3355    .ARM.Collect$$libinit$$0000000C  c_w.l(libinit2.o)
    0x0800021c   0x0800021c   0x00000000   Code   RO         3357    .ARM.Collect$$libinit$$0000000E  c_w.l(libinit2.o)
    0x0800021c   0x0800021c   0x00000000   Code   RO         3360    .ARM.Collect$$libinit$$00000011  c_w.l(libinit2.o)
    0x0800021c   0x0800021c   0x00000000   Code   RO         3362    .ARM.Collect$$libinit$$00000013  c_w.l(libinit2.o)
    0x0800021c   0x0800021c   0x00000000   Code   RO         3364    .ARM.Collect$$libinit$$00000015  c_w.l(libinit2.o)
    0x0800021c   0x0800021c   0x00000000   Code   RO         3366    .ARM.Collect$$libinit$$00000017  c_w.l(libinit2.o)
    0x0800021c   0x0800021c   0x00000000   Code   RO         3368    .ARM.Collect$$libinit$$00000019  c_w.l(libinit2.o)
    0x0800021c   0x0800021c   0x00000000   Code   RO         3370    .ARM.Collect$$libinit$$0000001B  c_w.l(libinit2.o)
    0x0800021c   0x0800021c   0x00000000   Code   RO         3372    .ARM.Collect$$libinit$$0000001D  c_w.l(libinit2.o)
    0x0800021c   0x0800021c   0x00000000   Code   RO         3374    .ARM.Collect$$libinit$$0000001F  c_w.l(libinit2.o)
    0x0800021c   0x0800021c   0x00000000   Code   RO         3376    .ARM.Collect$$libinit$$00000021  c_w.l(libinit2.o)
    0x0800021c   0x0800021c   0x00000000   Code   RO         3378    .ARM.Collect$$libinit$$00000023  c_w.l(libinit2.o)
    0x0800021c   0x0800021c   0x00000000   Code   RO         3380    .ARM.Collect$$libinit$$00000025  c_w.l(libinit2.o)
    0x0800021c   0x0800021c   0x00000000   Code   RO         3384    .ARM.Collect$$libinit$$0000002C  c_w.l(libinit2.o)
    0x0800021c   0x0800021c   0x00000000   Code   RO         3386    .ARM.Collect$$libinit$$0000002E  c_w.l(libinit2.o)
    0x0800021c   0x0800021c   0x00000000   Code   RO         3388    .ARM.Collect$$libinit$$00000030  c_w.l(libinit2.o)
    0x0800021c   0x0800021c   0x00000000   Code   RO         3390    .ARM.Collect$$libinit$$00000032  c_w.l(libinit2.o)
    0x0800021c   0x0800021c   0x00000002   Code   RO         3391    .ARM.Collect$$libinit$$00000033  c_w.l(libinit2.o)
    0x0800021e   0x0800021e   0x00000002   Code   RO         3438    .ARM.Collect$$libshutdown$$00000000  c_w.l(libshutdown.o)
    0x08000220   0x08000220   0x00000000   Code   RO         3456    .ARM.Collect$$libshutdown$$00000002  c_w.l(libshutdown2.o)
    0x08000220   0x08000220   0x00000000   Code   RO         3458    .ARM.Collect$$libshutdown$$00000004  c_w.l(libshutdown2.o)
    0x08000220   0x08000220   0x00000000   Code   RO         3460    .ARM.Collect$$libshutdown$$00000006  c_w.l(libshutdown2.o)
    0x08000220   0x08000220   0x00000000   Code   RO         3463    .ARM.Collect$$libshutdown$$00000009  c_w.l(libshutdown2.o)
    0x08000220   0x08000220   0x00000000   Code   RO         3466    .ARM.Collect$$libshutdown$$0000000C  c_w.l(libshutdown2.o)
    0x08000220   0x08000220   0x00000000   Code   RO         3468    .ARM.Collect$$libshutdown$$0000000E  c_w.l(libshutdown2.o)
    0x08000220   0x08000220   0x00000000   Code   RO         3471    .ARM.Collect$$libshutdown$$00000011  c_w.l(libshutdown2.o)
    0x08000220   0x08000220   0x00000002   Code   RO         3472    .ARM.Collect$$libshutdown$$00000012  c_w.l(libshutdown2.o)
    0x08000222   0x08000222   0x00000000   Code   RO         3249    .ARM.Collect$$rtentry$$00000000  c_w.l(__rtentry.o)
    0x08000222   0x08000222   0x00000000   Code   RO         3269    .ARM.Collect$$rtentry$$00000002  c_w.l(__rtentry2.o)
    0x08000222   0x08000222   0x00000006   Code   RO         3281    .ARM.Collect$$rtentry$$00000004  c_w.l(__rtentry4.o)
    0x08000228   0x08000228   0x00000000   Code   RO         3271    .ARM.Collect$$rtentry$$00000009  c_w.l(__rtentry2.o)
    0x08000228   0x08000228   0x00000004   Code   RO         3272    .ARM.Collect$$rtentry$$0000000A  c_w.l(__rtentry2.o)
    0x0800022c   0x0800022c   0x00000000   Code   RO         3274    .ARM.Collect$$rtentry$$0000000C  c_w.l(__rtentry2.o)
    0x0800022c   0x0800022c   0x00000008   Code   RO         3275    .ARM.Collect$$rtentry$$0000000D  c_w.l(__rtentry2.o)
    0x08000234   0x08000234   0x00000002   Code   RO         3392    .ARM.Collect$$rtexit$$00000000  c_w.l(rtexit.o)
    0x08000236   0x08000236   0x00000000   Code   RO         3407    .ARM.Collect$$rtexit$$00000002  c_w.l(rtexit2.o)
    0x08000236   0x08000236   0x00000004   Code   RO         3408    .ARM.Collect$$rtexit$$00000003  c_w.l(rtexit2.o)
    0x0800023a   0x0800023a   0x00000006   Code   RO         3409    .ARM.Collect$$rtexit$$00000004  c_w.l(rtexit2.o)
    0x08000240   0x08000240   0x00000040   Code   RO            4    .text               startup_stm32f411xe.o
    0x08000280   0x08000280   0x000000ee   Code   RO         3206    .text               c_w.l(lludivv7m.o)
    0x0800036e   0x0800036e   0x00000002   PAD
    0x08000370   0x08000370   0x0000002c   Code   RO         3208    .text               c_w.l(__2sprintf.o)
    0x0800039c   0x0800039c   0x00000068   Code   RO         3212    .text               c_w.l(__printf.o)
    0x08000404   0x08000404   0x00000078   Code   RO         3214    .text               c_w.l(_printf_dec.o)
    0x0800047c   0x0800047c   0x0000004e   Code   RO         3239    .text               c_w.l(rt_memclr_w.o)
    0x080004ca   0x080004ca   0x00000006   Code   RO         3241    .text               c_w.l(heapauxi.o)
    0x080004d0   0x080004d0   0x000000b2   Code   RO         3254    .text               c_w.l(_printf_intcommon.o)
    0x08000582   0x08000582   0x00000002   PAD
    0x08000584   0x08000584   0x00000030   Code   RO         3258    .text               c_w.l(_printf_char_common.o)
    0x080005b4   0x080005b4   0x0000000a   Code   RO         3260    .text               c_w.l(_sputc.o)
    0x080005be   0x080005be   0x00000002   PAD
    0x080005c0   0x080005c0   0x00000008   Code   RO         3328    .text               c_w.l(libspace.o)
    0x080005c8   0x080005c8   0x0000004a   Code   RO         3331    .text               c_w.l(sys_stackheap_outer.o)
    0x08000612   0x08000612   0x00000012   Code   RO         3333    .text               c_w.l(exit.o)
    0x08000624   0x08000624   0x0000000c   Code   RO         3404    .text               c_w.l(sys_exit.o)
    0x08000630   0x08000630   0x00000002   Code   RO         3425    .text               c_w.l(use_no_semi.o)
    0x08000632   0x08000632   0x00000000   Code   RO         3427    .text               c_w.l(indicate_semi.o)
    0x08000632   0x08000632   0x00000002   Code   RO          425    i.BusFault_Handler  stm32f4xx_it.o
    0x08000634   0x08000634   0x0000000c   Code   RO          426    i.DMA2_Stream2_IRQHandler  stm32f4xx_it.o
    0x08000640   0x08000640   0x0000000c   Code   RO          427    i.DMA2_Stream7_IRQHandler  stm32f4xx_it.o
    0x0800064c   0x0800064c   0x00000028   Code   RO         2115    i.DMA_CalcBaseAndBitshift  stm32f4xx_hal_dma.o
    0x08000674   0x08000674   0x00000054   Code   RO         2116    i.DMA_CheckFifoParam  stm32f4xx_hal_dma.o
    0x080006c8   0x080006c8   0x00000028   Code   RO         2117    i.DMA_SetConfig     stm32f4xx_hal_dma.o
    0x080006f0   0x080006f0   0x00000002   Code   RO          428    i.DebugMon_Handler  stm32f4xx_it.o
    0x080006f2   0x080006f2   0x00000004   Code   RO          310    i.Error_Handler     main.o
    0x080006f6   0x080006f6   0x00000092   Code   RO         2118    i.HAL_DMA_Abort     stm32f4xx_hal_dma.o
    0x08000788   0x08000788   0x00000024   Code   RO         2119    i.HAL_DMA_Abort_IT  stm32f4xx_hal_dma.o
    0x080007ac   0x080007ac   0x000001a0   Code   RO         2123    i.HAL_DMA_IRQHandler  stm32f4xx_hal_dma.o
    0x0800094c   0x0800094c   0x000000d4   Code   RO         2124    i.HAL_DMA_Init      stm32f4xx_hal_dma.o
    0x08000a20   0x08000a20   0x0000006e   Code   RO         2128    i.HAL_DMA_Start_IT  stm32f4xx_hal_dma.o
    0x08000a8e   0x08000a8e   0x00000002   PAD
    0x08000a90   0x08000a90   0x000001e0   Code   RO         2011    i.HAL_GPIO_Init     stm32f4xx_hal_gpio.o
    0x08000c70   0x08000c70   0x00000010   Code   RO         2014    i.HAL_GPIO_TogglePin  stm32f4xx_hal_gpio.o
    0x08000c80   0x08000c80   0x0000000a   Code   RO         2015    i.HAL_GPIO_WritePin  stm32f4xx_hal_gpio.o
    0x08000c8a   0x08000c8a   0x00000002   PAD
    0x08000c8c   0x08000c8c   0x0000000c   Code   RO         2567    i.HAL_GetTick       stm32f4xx_hal.o
    0x08000c98   0x08000c98   0x00000010   Code   RO         2573    i.HAL_IncTick       stm32f4xx_hal.o
    0x08000ca8   0x08000ca8   0x00000034   Code   RO         2574    i.HAL_Init          stm32f4xx_hal.o
    0x08000cdc   0x08000cdc   0x00000040   Code   RO         2575    i.HAL_InitTick      stm32f4xx_hal.o
    0x08000d1c   0x08000d1c   0x00000030   Code   RO          550    i.HAL_MspInit       stm32f4xx_hal_msp.o
    0x08000d4c   0x08000d4c   0x0000001a   Code   RO         2424    i.HAL_NVIC_EnableIRQ  stm32f4xx_hal_cortex.o
    0x08000d66   0x08000d66   0x00000002   PAD
    0x08000d68   0x08000d68   0x00000040   Code   RO         2430    i.HAL_NVIC_SetPriority  stm32f4xx_hal_cortex.o
    0x08000da8   0x08000da8   0x00000024   Code   RO         2431    i.HAL_NVIC_SetPriorityGrouping  stm32f4xx_hal_cortex.o
    0x08000dcc   0x08000dcc   0x00000134   Code   RO         1603    i.HAL_RCC_ClockConfig  stm32f4xx_hal_rcc.o
    0x08000f00   0x08000f00   0x00000020   Code   RO         1610    i.HAL_RCC_GetPCLK1Freq  stm32f4xx_hal_rcc.o
    0x08000f20   0x08000f20   0x00000020   Code   RO         1611    i.HAL_RCC_GetPCLK2Freq  stm32f4xx_hal_rcc.o
    0x08000f40   0x08000f40   0x00000064   Code   RO         1612    i.HAL_RCC_GetSysClockFreq  stm32f4xx_hal_rcc.o
    0x08000fa4   0x08000fa4   0x0000036c   Code   RO         1615    i.HAL_RCC_OscConfig  stm32f4xx_hal_rcc.o
    0x08001310   0x08001310   0x00000028   Code   RO         2435    i.HAL_SYSTICK_Config  stm32f4xx_hal_cortex.o
    0x08001338   0x08001338   0x00000002   Code   RO         1335    i.HAL_TIMEx_BreakCallback  stm32f4xx_hal_tim_ex.o
    0x0800133a   0x0800133a   0x00000002   Code   RO         1336    i.HAL_TIMEx_CommutCallback  stm32f4xx_hal_tim_ex.o
    0x0800133c   0x0800133c   0x0000007c   Code   RO         1354    i.HAL_TIMEx_MasterConfigSynchronization  stm32f4xx_hal_tim_ex.o
    0x080013b8   0x080013b8   0x0000005a   Code   RO          631    i.HAL_TIM_Base_Init  stm32f4xx_hal_tim.o
    0x08001412   0x08001412   0x00000002   PAD
    0x08001414   0x08001414   0x000000f0   Code   RO          552    i.HAL_TIM_Base_MspInit  stm32f4xx_hal_msp.o
    0x08001504   0x08001504   0x000000dc   Code   RO          640    i.HAL_TIM_ConfigClockSource  stm32f4xx_hal_tim.o
    0x080015e0   0x080015e0   0x000000a4   Code   RO          652    i.HAL_TIM_Encoder_Init  stm32f4xx_hal_tim.o
    0x08001684   0x08001684   0x000000d4   Code   RO          554    i.HAL_TIM_Encoder_MspInit  stm32f4xx_hal_msp.o
    0x08001758   0x08001758   0x000000b6   Code   RO          657    i.HAL_TIM_Encoder_Start_IT  stm32f4xx_hal_tim.o
    0x0800180e   0x0800180e   0x00000002   PAD
    0x08001810   0x08001810   0x000000f0   Code   RO          244    i.HAL_TIM_IC_CaptureCallback  encoder.o
    0x08001900   0x08001900   0x0000011e   Code   RO          667    i.HAL_TIM_IC_ConfigChannel  stm32f4xx_hal_tim.o
    0x08001a1e   0x08001a1e   0x0000005a   Code   RO          670    i.HAL_TIM_IC_Init   stm32f4xx_hal_tim.o
    0x08001a78   0x08001a78   0x00000002   Code   RO          672    i.HAL_TIM_IC_MspInit  stm32f4xx_hal_tim.o
    0x08001a7a   0x08001a7a   0x00000002   PAD
    0x08001a7c   0x08001a7c   0x000000f8   Code   RO          675    i.HAL_TIM_IC_Start_IT  stm32f4xx_hal_tim.o
    0x08001b74   0x08001b74   0x00000166   Code   RO          679    i.HAL_TIM_IRQHandler  stm32f4xx_hal_tim.o
    0x08001cda   0x08001cda   0x00000002   PAD
    0x08001cdc   0x08001cdc   0x00000088   Code   RO          555    i.HAL_TIM_MspPostInit  stm32f4xx_hal_msp.o
    0x08001d64   0x08001d64   0x00000052   Code   RO          680    i.HAL_TIM_OC_ConfigChannel  stm32f4xx_hal_tim.o
    0x08001db6   0x08001db6   0x00000002   Code   RO          682    i.HAL_TIM_OC_DelayElapsedCallback  stm32f4xx_hal_tim.o
    0x08001db8   0x08001db8   0x0000005a   Code   RO          684    i.HAL_TIM_OC_Init   stm32f4xx_hal_tim.o
    0x08001e12   0x08001e12   0x00000002   Code   RO          686    i.HAL_TIM_OC_MspInit  stm32f4xx_hal_tim.o
    0x08001e14   0x08001e14   0x000000cc   Code   RO          703    i.HAL_TIM_PWM_ConfigChannel  stm32f4xx_hal_tim.o
    0x08001ee0   0x08001ee0   0x0000005a   Code   RO          706    i.HAL_TIM_PWM_Init  stm32f4xx_hal_tim.o
    0x08001f3a   0x08001f3a   0x00000002   PAD
    0x08001f3c   0x08001f3c   0x00000044   Code   RO          557    i.HAL_TIM_PWM_MspInit  stm32f4xx_hal_msp.o
    0x08001f80   0x08001f80   0x00000002   Code   RO          709    i.HAL_TIM_PWM_PulseFinishedCallback  stm32f4xx_hal_tim.o
    0x08001f82   0x08001f82   0x00000002   PAD
    0x08001f84   0x08001f84   0x000000b0   Code   RO          711    i.HAL_TIM_PWM_Start  stm32f4xx_hal_tim.o
    0x08002034   0x08002034   0x000000dc   Code   RO          713    i.HAL_TIM_PWM_Start_IT  stm32f4xx_hal_tim.o
    0x08002110   0x08002110   0x00000002   Code   RO          717    i.HAL_TIM_PeriodElapsedCallback  stm32f4xx_hal_tim.o
    0x08002112   0x08002112   0x00000002   Code   RO          722    i.HAL_TIM_TriggerCallback  stm32f4xx_hal_tim.o
    0x08002114   0x08002114   0x00000002   Code   RO         2823    i.HAL_UARTEx_RxEventCallback  stm32f4xx_hal_uart.o
    0x08002116   0x08002116   0x00000002   Code   RO         2837    i.HAL_UART_ErrorCallback  stm32f4xx_hal_uart.o
    0x08002118   0x08002118   0x00000268   Code   RO         2840    i.HAL_UART_IRQHandler  stm32f4xx_hal_uart.o
    0x08002380   0x08002380   0x00000062   Code   RO         2841    i.HAL_UART_Init     stm32f4xx_hal_uart.o
    0x080023e2   0x080023e2   0x00000002   PAD
    0x080023e4   0x080023e4   0x000000e8   Code   RO          559    i.HAL_UART_MspInit  stm32f4xx_hal_msp.o
    0x080024cc   0x080024cc   0x00000002   Code   RO         2847    i.HAL_UART_RxCpltCallback  stm32f4xx_hal_uart.o
    0x080024ce   0x080024ce   0x00000002   PAD
    0x080024d0   0x080024d0   0x0000008c   Code   RO         2850    i.HAL_UART_Transmit_DMA  stm32f4xx_hal_uart.o
    0x0800255c   0x0800255c   0x00000002   Code   RO         2852    i.HAL_UART_TxCpltCallback  stm32f4xx_hal_uart.o
    0x0800255e   0x0800255e   0x00000002   Code   RO         2853    i.HAL_UART_TxHalfCpltCallback  stm32f4xx_hal_uart.o
    0x08002560   0x08002560   0x00000002   Code   RO          429    i.HardFault_Handler  stm32f4xx_it.o
    0x08002562   0x08002562   0x00000002   PAD
    0x08002564   0x08002564   0x000000bc   Code   RO          311    i.MX_GPIO_Init      main.o
    0x08002620   0x08002620   0x00000064   Code   RO          312    i.MX_TIM10_Init     main.o
    0x08002684   0x08002684   0x00000060   Code   RO          313    i.MX_TIM11_Init     main.o
    0x080026e4   0x080026e4   0x0000006c   Code   RO          314    i.MX_TIM2_Init      main.o
    0x08002750   0x08002750   0x000000d4   Code   RO          315    i.MX_TIM3_Init      main.o
    0x08002824   0x08002824   0x000000a0   Code   RO          316    i.MX_TIM4_Init      main.o
    0x080028c4   0x080028c4   0x00000068   Code   RO          317    i.MX_TIM5_Init      main.o
    0x0800292c   0x0800292c   0x00000068   Code   RO          318    i.MX_TIM9_Init      main.o
    0x08002994   0x08002994   0x00000048   Code   RO          319    i.MX_USART1_UART_Init  main.o
    0x080029dc   0x080029dc   0x00000002   Code   RO          430    i.MemManage_Handler  stm32f4xx_it.o
    0x080029de   0x080029de   0x00000002   Code   RO          431    i.NMI_Handler       stm32f4xx_it.o
    0x080029e0   0x080029e0   0x00000034   Code   RO           13    i.OutEnc            func.o
    0x08002a14   0x08002a14   0x00000002   Code   RO          432    i.PendSV_Handler    stm32f4xx_it.o
    0x08002a16   0x08002a16   0x00000002   PAD
    0x08002a18   0x08002a18   0x00000078   Code   RO           15    i.SMA               func.o
    0x08002a90   0x08002a90   0x00000002   Code   RO          433    i.SVC_Handler       stm32f4xx_it.o
    0x08002a92   0x08002a92   0x00000002   PAD
    0x08002a94   0x08002a94   0x0000001c   Code   RO           16    i.ServoWrite1       func.o
    0x08002ab0   0x08002ab0   0x0000001c   Code   RO           17    i.ServoWrite2       func.o
    0x08002acc   0x08002acc   0x0000001c   Code   RO           18    i.ServoWrite3       func.o
    0x08002ae8   0x08002ae8   0x0000001c   Code   RO           19    i.ServoWrite4       func.o
    0x08002b04   0x08002b04   0x0000001c   Code   RO           20    i.ServoWrite5       func.o
    0x08002b20   0x08002b20   0x00000038   Code   RO           21    i.SpeedCulcTick     func.o
    0x08002b58   0x08002b58   0x00000170   Code   RO           22    i.StartState        func.o
    0x08002cc8   0x08002cc8   0x00000074   Code   RO          434    i.SysTick_Handler   stm32f4xx_it.o
    0x08002d3c   0x08002d3c   0x00000090   Code   RO          320    i.SystemClock_Config  main.o
    0x08002dcc   0x08002dcc   0x00000010   Code   RO         3170    i.SystemInit        system_stm32f4xx.o
    0x08002ddc   0x08002ddc   0x00000034   Code   RO          435    i.TIM1_TRG_COM_TIM11_IRQHandler  stm32f4xx_it.o
    0x08002e10   0x08002e10   0x00000034   Code   RO          436    i.TIM1_UP_TIM10_IRQHandler  stm32f4xx_it.o
    0x08002e44   0x08002e44   0x0000000c   Code   RO          437    i.TIM2_IRQHandler   stm32f4xx_it.o
    0x08002e50   0x08002e50   0x0000000c   Code   RO          438    i.TIM3_IRQHandler   stm32f4xx_it.o
    0x08002e5c   0x08002e5c   0x0000000c   Code   RO          439    i.TIM5_IRQHandler   stm32f4xx_it.o
    0x08002e68   0x08002e68   0x00000098   Code   RO          724    i.TIM_Base_SetConfig  stm32f4xx_hal_tim.o
    0x08002f00   0x08002f00   0x0000001a   Code   RO          725    i.TIM_CCxChannelCmd  stm32f4xx_hal_tim.o
    0x08002f1a   0x08002f1a   0x00000014   Code   RO          735    i.TIM_ETR_SetConfig  stm32f4xx_hal_tim.o
    0x08002f2e   0x08002f2e   0x00000010   Code   RO          736    i.TIM_ITRx_SetConfig  stm32f4xx_hal_tim.o
    0x08002f3e   0x08002f3e   0x00000002   PAD
    0x08002f40   0x08002f40   0x00000050   Code   RO          737    i.TIM_OC1_SetConfig  stm32f4xx_hal_tim.o
    0x08002f90   0x08002f90   0x00000058   Code   RO          738    i.TIM_OC2_SetConfig  stm32f4xx_hal_tim.o
    0x08002fe8   0x08002fe8   0x00000058   Code   RO          739    i.TIM_OC3_SetConfig  stm32f4xx_hal_tim.o
    0x08003040   0x08003040   0x00000044   Code   RO          740    i.TIM_OC4_SetConfig  stm32f4xx_hal_tim.o
    0x08003084   0x08003084   0x00000022   Code   RO          742    i.TIM_TI1_ConfigInputStage  stm32f4xx_hal_tim.o
    0x080030a6   0x080030a6   0x00000002   PAD
    0x080030a8   0x080030a8   0x0000006c   Code   RO          743    i.TIM_TI1_SetConfig  stm32f4xx_hal_tim.o
    0x08003114   0x08003114   0x00000024   Code   RO          744    i.TIM_TI2_ConfigInputStage  stm32f4xx_hal_tim.o
    0x08003138   0x08003138   0x00000036   Code   RO          745    i.TIM_TI2_SetConfig  stm32f4xx_hal_tim.o
    0x0800316e   0x0800316e   0x00000002   PAD
    0x08003170   0x08003170   0x00000030   Code   RO           23    i.TransmitOK        func.o
    0x080031a0   0x080031a0   0x00000010   Code   RO         2854    i.UART_DMAAbortOnError  stm32f4xx_hal_uart.o
    0x080031b0   0x080031b0   0x0000004a   Code   RO         2855    i.UART_DMAError     stm32f4xx_hal_uart.o
    0x080031fa   0x080031fa   0x00000042   Code   RO         2860    i.UART_DMATransmitCplt  stm32f4xx_hal_uart.o
    0x0800323c   0x0800323c   0x0000000a   Code   RO         2862    i.UART_DMATxHalfCplt  stm32f4xx_hal_uart.o
    0x08003246   0x08003246   0x0000004e   Code   RO         2864    i.UART_EndRxTransfer  stm32f4xx_hal_uart.o
    0x08003294   0x08003294   0x0000001c   Code   RO         2865    i.UART_EndTxTransfer  stm32f4xx_hal_uart.o
    0x080032b0   0x080032b0   0x000000c0   Code   RO         2866    i.UART_Receive_IT   stm32f4xx_hal_uart.o
    0x08003370   0x08003370   0x0000010c   Code   RO         2867    i.UART_SetConfig    stm32f4xx_hal_uart.o
    0x0800347c   0x0800347c   0x00000078   Code   RO          440    i.USART1_IRQHandler  stm32f4xx_it.o
    0x080034f4   0x080034f4   0x0000020c   Code   RO           24    i.Update            func.o
    0x08003700   0x08003700   0x00000002   Code   RO          441    i.UsageFault_Handler  stm32f4xx_it.o
    0x08003702   0x08003702   0x00000020   Code   RO         2437    i.__NVIC_SetPriority  stm32f4xx_hal_cortex.o
    0x08003722   0x08003722   0x00000002   PAD
    0x08003724   0x08003724   0x00000064   Code   RO          273    i.doPID             pidvel.o
    0x08003788   0x08003788   0x00000028   Code   RO           25    i.l_motor_back      func.o
    0x080037b0   0x080037b0   0x0000002c   Code   RO           26    i.l_motor_forv      func.o
    0x080037dc   0x080037dc   0x00000020   Code   RO           27    i.l_motor_stop      func.o
    0x080037fc   0x080037fc   0x000000b8   Code   RO          321    i.main              main.o
    0x080038b4   0x080038b4   0x0000002c   Code   RO           28    i.r_motor_back      func.o
    0x080038e0   0x080038e0   0x0000002c   Code   RO           29    i.r_motor_forv      func.o
    0x0800390c   0x0800390c   0x00000020   Code   RO           30    i.r_motor_stop      func.o
    0x0800392c   0x0800392c   0x00000038   Code   RO          274    i.resetPID          pidvel.o
    0x08003964   0x08003964   0x00000044   Code   RO           31    i.setMotorSpeeds    func.o
    0x080039a8   0x080039a8   0x0000005c   Code   RO          275    i.updatePID         pidvel.o
    0x08003a04   0x08003a04   0x0000000a   Code   RO         3402    x$fpl$fpinit        fz_wm.l(fpinit.o)
    0x08003a0e   0x08003a0e   0x00000008   Data   RO         2130    .constdata          stm32f4xx_hal_dma.o
    0x08003a16   0x08003a16   0x00000010   Data   RO         3171    .constdata          system_stm32f4xx.o
    0x08003a26   0x08003a26   0x00000008   Data   RO         3172    .constdata          system_stm32f4xx.o
    0x08003a2e   0x08003a2e   0x00000002   PAD
    0x08003a30   0x08003a30   0x00000020   Data   RO         3473    Region$$Table       anon$$obj.o


    Execution Region RW_IRAM1 (Exec base: 0x20000000, Load base: 0x08003a50, Size: 0x00000a58, Max: 0x00020000, ABSOLUTE)

    Exec Addr    Load Addr    Size         Type   Attr      Idx    E Section Name        Object

    0x20000000   0x08003a50   0x00000008   Data   RW           32    .data               func.o
    0x20000008   0x08003a58   0x00000008   Data   RW          245    .data               encoder.o
    0x20000010   0x08003a60   0x00000001   Data   RW          332    .data               main.o
    0x20000011   0x08003a61   0x00000001   Data   RW          333    .data               main.o
    0x20000012   0x08003a62   0x00000002   PAD
    0x20000014   0x08003a64   0x00000004   Data   RW          334    .data               main.o
    0x20000018   0x08003a68   0x00000004   Data   RW          335    .data               main.o
    0x2000001c   0x08003a6c   0x00000004   Data   RW          336    .data               main.o
    0x20000020   0x08003a70   0x00000004   Data   RW          337    .data               main.o
    0x20000024   0x08003a74   0x00000004   Data   RW          338    .data               main.o
    0x20000028   0x08003a78   0x00000004   Data   RW          339    .data               main.o
    0x2000002c   0x08003a7c   0x00000004   Data   RW          340    .data               main.o
    0x20000030   0x08003a80   0x00000004   Data   RW          341    .data               main.o
    0x20000034   0x08003a84   0x00000001   Data   RW          343    .data               main.o
    0x20000035   0x08003a85   0x00000001   PAD
    0x20000036   0x08003a86   0x00000002   Data   RW          344    .data               main.o
    0x20000038   0x08003a88   0x00000002   Data   RW          345    .data               main.o
    0x2000003a   0x08003a8a   0x00000002   Data   RW          346    .data               main.o
    0x2000003c   0x08003a8c   0x00000002   Data   RW          347    .data               main.o
    0x2000003e   0x08003a8e   0x00000001   Data   RW          348    .data               main.o
    0x2000003f   0x08003a8f   0x00000001   Data   RW          349    .data               main.o
    0x20000040   0x08003a90   0x00000008   Data   RW          442    .data               stm32f4xx_it.o
    0x20000048   0x08003a98   0x0000000c   Data   RW         2581    .data               stm32f4xx_hal.o
    0x20000054   0x08003aa4   0x00000004   Data   RW         3173    .data               system_stm32f4xx.o
    0x20000058        -       0x0000023c   Zero   RW          322    .bss                main.o
    0x20000294        -       0x00000060   Zero   RW          323    .bss                main.o
    0x200002f4        -       0x00000060   Zero   RW          324    .bss                main.o
    0x20000354        -       0x00000020   Zero   RW          325    .bss                main.o
    0x20000374        -       0x00000032   Zero   RW          326    .bss                main.o
    0x200003a6        -       0x00000014   Zero   RW          328    .bss                main.o
    0x200003ba   0x08003aa8   0x00000002   PAD
    0x200003bc        -       0x00000018   Zero   RW          329    .bss                main.o
    0x200003d4        -       0x00000018   Zero   RW          330    .bss                main.o
    0x200003ec        -       0x0000000a   Zero   RW          331    .bss                main.o
    0x200003f6   0x08003aa8   0x00000002   PAD
    0x200003f8        -       0x00000060   Zero   RW         3329    .bss                c_w.l(libspace.o)
    0x20000458        -       0x00000200   Zero   RW            2    HEAP                startup_stm32f411xe.o
    0x20000658        -       0x00000400   Zero   RW            1    STACK               startup_stm32f411xe.o


==============================================================================

Image component sizes


      Code (inc. data)   RO Data    RW Data    ZI Data      Debug   Object Name

       240         48          0          8          0       1573   encoder.o
      1612        276          0          8          0     431339   func.o
      1476        108          0         45        924      39583   main.o
       248         52          0          0          0       2203   pidvel.o
        64         26        408          0       1536        840   startup_stm32f411xe.o
       144         24          0         12          0       8613   stm32f4xx_hal.o
       198         14          0          0          0      33927   stm32f4xx_hal_cortex.o
      1084         16          8          0          0       7322   stm32f4xx_hal_dma.o
       506         34          0          0          0       2797   stm32f4xx_hal_gpio.o
       936        106          0          0          0       5022   stm32f4xx_hal_msp.o
      1348         76          0          0          0       5216   stm32f4xx_hal_rcc.o
      3282        130          0          0          0      25490   stm32f4xx_hal_tim.o
       128         20          0          0          0       2441   stm32f4xx_hal_tim_ex.o
      1596         30          0          0          0      12178   stm32f4xx_hal_uart.o
       416        100          0          8          0       8263   stm32f4xx_it.o
        16          4         24          4          0       1115   system_stm32f4xx.o

    ----------------------------------------------------------------------
     13330       1064        474         88       2464     587922   Object Totals
         0          0         32          0          0          0   (incl. Generated)
        36          0          2          3          4          0   (incl. Padding)

    ----------------------------------------------------------------------

      Code (inc. data)   RO Data    RW Data    ZI Data      Debug   Library Member Name

        44          6          0          0          0         84   __2sprintf.o
         8          0          0          0          0         68   __main.o
       104          0          0          0          0         84   __printf.o
         0          0          0          0          0          0   __rtentry.o
        12          0          0          0          0          0   __rtentry2.o
         6          0          0          0          0          0   __rtentry4.o
        52          8          0          0          0          0   __scatter.o
        26          0          0          0          0          0   __scatter_copy.o
        28          0          0          0          0          0   __scatter_zi.o
        48          6          0          0          0         96   _printf_char_common.o
         6          0          0          0          0          0   _printf_d.o
       120         16          0          0          0         92   _printf_dec.o
       178          0          0          0          0         88   _printf_intcommon.o
         0          0          0          0          0          0   _printf_percent.o
         4          0          0          0          0          0   _printf_percent_end.o
        10          0          0          0          0         68   _sputc.o
        18          0          0          0          0         80   exit.o
         6          0          0          0          0        152   heapauxi.o
         0          0          0          0          0          0   indicate_semi.o
         2          0          0          0          0          0   libinit.o
         6          0          0          0          0          0   libinit2.o
         2          0          0          0          0          0   libshutdown.o
         2          0          0          0          0          0   libshutdown2.o
         8          4          0          0         96         68   libspace.o
       238          0          0          0          0        100   lludivv7m.o
        78          0          0          0          0         80   rt_memclr_w.o
         2          0          0          0          0          0   rtexit.o
        10          0          0          0          0          0   rtexit2.o
        12          4          0          0          0         68   sys_exit.o
        74          0          0          0          0         80   sys_stackheap_outer.o
         2          0          0          0          0         68   use_no_semi.o
        10          0          0          0          0        116   fpinit.o

    ----------------------------------------------------------------------
      1124         44          0          0         96       1392   Library Totals
         8          0          0          0          0          0   (incl. Padding)

    ----------------------------------------------------------------------

      Code (inc. data)   RO Data    RW Data    ZI Data      Debug   Library Name

      1106         44          0          0         96       1276   c_w.l
        10          0          0          0          0        116   fz_wm.l

    ----------------------------------------------------------------------
      1124         44          0          0         96       1392   Library Totals

    ----------------------------------------------------------------------

==============================================================================


      Code (inc. data)   RO Data    RW Data    ZI Data      Debug   

     14454       1108        474         88       2560     576042   Grand Totals
     14454       1108        474         88       2560     576042   ELF Image Totals
     14454       1108        474         88          0          0   ROM Totals

==============================================================================

    Total RO  Size (Code + RO Data)                14928 (  14.58kB)
    Total RW  Size (RW Data + ZI Data)              2648 (   2.59kB)
    Total ROM Size (Code + RO Data + RW Data)      15016 (  14.66kB)

==============================================================================

