<html>
<body>
<pre>
<h1>µVision Build Log</h1>
<h2>Tool Versions:</h2>
IDE-Version: µVision V5.33.0.0
Copyright (C) 2020 ARM Ltd and ARM Germany GmbH. All rights reserved.
License Information: ivn HP, HP Inc., LIC=NQQMA-1YBTS-2ZRW4-FPCRJ-X5RI4-MGTSX
 
Tool Versions:
Toolchain:       MDK-ARM Plus  Version: 5.33.0.0
Toolchain Path:  C:\Keil_v5\ARM\ARMCC\Bin
C Compiler:      Armcc.exe V5.06 update 7 (build 960)
Assembler:       Armasm.exe V5.06 update 7 (build 960)
Linker/Locator:  ArmLink.exe V5.06 update 7 (build 960)
Library Manager: ArmAr.exe V5.06 update 7 (build 960)
Hex Converter:   FromElf.exe V5.06 update 7 (build 960)
CPU DLL:         SARMCM3.DLL V5.33.0.0
Dialog DLL:      DCM.DLL V1.17.3.0
Target DLL:      STLink\ST-LINKIII-KEIL_SWO.dll V3.0.8.0
Dialog DLL:      TCM.DLL V1.48.0.0
 
<h2>Project:</h2>
C:\STM32\Projects\RTC_Sochi\Sochi\MDK-ARM\Sochi.uvprojx
Project File Date:  02/10/2024

<h2>Output:</h2>
*** Using Compiler 'V5.06 update 7 (build 960)', folder: 'C:\Keil_v5\ARM\ARMCC\Bin'
Build target 'Sochi'
compiling Func.c...
../Core/Inc/Func.h(6): warning:  #1295-D: Deprecated declaration r_motor_stop - give arg types
  void r_motor_stop();
../Core/Inc/Func.h(9): warning:  #1295-D: Deprecated declaration l_motor_stop - give arg types
  void l_motor_stop();
../Core/Inc/Func.h(10): warning:  #1295-D: Deprecated declaration StartState - give arg types
  void StartState();
../Core/Inc/Func.h(11): warning:  #1295-D: Deprecated declaration Update - give arg types
  void Update();
../Core/Inc/Func.h(20): warning:  #1295-D: Deprecated declaration SpeedCulcTick - give arg types
  void SpeedCulcTick();
../Core/Inc/Func.h(23): warning:  #1295-D: Deprecated declaration TransmitOK - give arg types
  void TransmitOK();
../Core/Inc/Func.h(24): warning:  #1-D: last line of file ends without a newline
  void setMotorSpeeds(int16_t VelL, int16_t VelR);
../Core/Inc/Defines.h(51): warning:  #1-D: last line of file ends without a newline
  #endif
../Core/Inc/Defines.h(51): warning:  #1-D: last line of file ends without a newline
  #endif
..\Core\Src\Func.c(130): warning:  #188-D: enumerated type mixed with another type
  	HAL_GPIO_WritePin(EN_R_A_GPIO_Port,EN_R_A_Pin,1);
..\Core\Src\Func.c(131): warning:  #188-D: enumerated type mixed with another type
  	HAL_GPIO_WritePin(EN_R_B_GPIO_Port,EN_R_B_Pin,0);
..\Core\Src\Func.c(137): warning:  #188-D: enumerated type mixed with another type
  	HAL_GPIO_WritePin(EN_R_A_GPIO_Port,EN_R_A_Pin,0);
..\Core\Src\Func.c(138): warning:  #188-D: enumerated type mixed with another type
  	HAL_GPIO_WritePin(EN_R_B_GPIO_Port,EN_R_B_Pin,1);
..\Core\Src\Func.c(144): warning:  #188-D: enumerated type mixed with another type
  	HAL_GPIO_WritePin(EN_R_A_GPIO_Port,EN_R_A_Pin,1);
..\Core\Src\Func.c(145): warning:  #188-D: enumerated type mixed with another type
  	HAL_GPIO_WritePin(EN_R_B_GPIO_Port,EN_R_B_Pin,1);
..\Core\Src\Func.c(151): warning:  #188-D: enumerated type mixed with another type
  	HAL_GPIO_WritePin(EN_L_A_GPIO_Port,EN_L_A_Pin,1);
..\Core\Src\Func.c(152): warning:  #188-D: enumerated type mixed with another type
  	HAL_GPIO_WritePin(EN_L_B_GPIO_Port,EN_L_B_Pin,0);
..\Core\Src\Func.c(158): warning:  #188-D: enumerated type mixed with another type
  	HAL_GPIO_WritePin(EN_L_A_GPIO_Port,EN_L_A_Pin,0);
..\Core\Src\Func.c(159): warning:  #188-D: enumerated type mixed with another type
  	HAL_GPIO_WritePin(EN_L_B_GPIO_Port,EN_L_B_Pin,1);
..\Core\Src\Func.c(165): warning:  #188-D: enumerated type mixed with another type
  	HAL_GPIO_WritePin(EN_L_A_GPIO_Port,EN_L_A_Pin,1);
..\Core\Src\Func.c(166): warning:  #188-D: enumerated type mixed with another type
  	HAL_GPIO_WritePin(EN_L_B_GPIO_Port,EN_L_B_Pin,1);
..\Core\Src\Func.c(376): warning:  #223-D: function "sprintf" declared implicitly
  			S=sprintf(TxBuf,"%d",ServoDeg[((uint32_t)(datal-1))]);
..\Core\Src\Func.c(454): warning:  #223-D: function "sprintf" declared implicitly
  	uint8_t S=sprintf(Buf,"%f",data1);
..\Core\Src\Func.c(470): warning:  #223-D: function "sprintf" declared implicitly
  	uint8_t S=sprintf(Buf,"%d",data1);
..\Core\Src\Func.c(482): warning:  #223-D: function "sprintf" declared implicitly
  	uint8_t S=sprintf(Buf,"%f",data1);
..\Core\Src\Func.c(518): warning:  #223-D: function "abs" declared implicitly
  	if((abs(VelL)>MinMotorPWM)|(abs(VelR)>MinMotorPWM))
..\Core\Src\Func.c(552): warning:  #1-D: last line of file ends without a newline
  }
..\Core\Src\Func.c: 27 warnings, 0 errors
compiling main.c...
../Core/Inc/Func.h(6): warning:  #1295-D: Deprecated declaration r_motor_stop - give arg types
  void r_motor_stop();
../Core/Inc/Func.h(9): warning:  #1295-D: Deprecated declaration l_motor_stop - give arg types
  void l_motor_stop();
../Core/Inc/Func.h(10): warning:  #1295-D: Deprecated declaration StartState - give arg types
  void StartState();
../Core/Inc/Func.h(11): warning:  #1295-D: Deprecated declaration Update - give arg types
  void Update();
../Core/Inc/Func.h(20): warning:  #1295-D: Deprecated declaration SpeedCulcTick - give arg types
  void SpeedCulcTick();
../Core/Inc/Func.h(23): warning:  #1295-D: Deprecated declaration TransmitOK - give arg types
  void TransmitOK();
../Core/Inc/Func.h(24): warning:  #1-D: last line of file ends without a newline
  void setMotorSpeeds(int16_t VelL, int16_t VelR);
../Core/Inc/Defines.h(51): warning:  #1-D: last line of file ends without a newline
  #endif
../Core/Inc/Encoder.h(1): warning:  #1-D: last line of file ends without a newline
  #include "main.h"
../Core/Inc/Defines.h(51): warning:  #1-D: last line of file ends without a newline
  #endif
../Core/Src/main.c: 10 warnings, 0 errors
linking...
Program Size: Code=20380 RO-data=472 RW-data=172 ZI-data=2180  
FromELF: creating hex file...
"Sochi\Sochi.axf" - 0 Error(s), 37 Warning(s).

<h2>Software Packages used:</h2>

Package Vendor: ARM
                http://www.keil.com/pack/ARM.CMSIS.5.7.0.pack
                ARM.CMSIS.5.7.0
                CMSIS (Cortex Microcontroller Software Interface Standard)
   * Component: CORE Version: 5.4.0

Package Vendor: Keil
                http://www.keil.com/pack/Keil.STM32F4xx_DFP.2.15.0.pack
                Keil.STM32F4xx_DFP.2.15.0
                STMicroelectronics STM32F4 Series Device Support, Drivers and Examples

<h2>Collection of Component include folders:</h2>
  .\RTE\_Sochi
  C:\Users\HP\AppData\Local\Arm\Packs\ARM\CMSIS\5.7.0\CMSIS\Core\Include
  C:\Users\HP\AppData\Local\Arm\Packs\Keil\STM32F4xx_DFP\2.15.0\Drivers\CMSIS\Device\ST\STM32F4xx\Include

<h2>Collection of Component Files used:</h2>

   * Component: ARM::CMSIS:CORE:5.4.0
Build Time Elapsed:  00:00:08
</pre>
</body>
</html>
