Component: ARM Compiler 5.06 update 7 (build 960) Tool: armlink [4d3601]

==============================================================================

Section Cross References

    startup_stm32f411xe.o(RESET) refers to startup_stm32f411xe.o(STACK) for __initial_sp
    startup_stm32f411xe.o(RESET) refers to startup_stm32f411xe.o(.text) for Reset_Handler
    startup_stm32f411xe.o(RESET) refers to stm32f4xx_it.o(i.NMI_Handler) for NMI_Handler
    startup_stm32f411xe.o(RESET) refers to stm32f4xx_it.o(i.HardFault_Handler) for HardFault_Handler
    startup_stm32f411xe.o(RESET) refers to stm32f4xx_it.o(i.MemManage_Handler) for MemManage_Handler
    startup_stm32f411xe.o(RESET) refers to stm32f4xx_it.o(i.BusFault_Handler) for BusFault_Handler
    startup_stm32f411xe.o(RESET) refers to stm32f4xx_it.o(i.UsageFault_Handler) for UsageFault_Handler
    startup_stm32f411xe.o(RESET) refers to stm32f4xx_it.o(i.SVC_Handler) for SVC_Handler
    startup_stm32f411xe.o(RESET) refers to stm32f4xx_it.o(i.DebugMon_Handler) for DebugMon_Handler
    startup_stm32f411xe.o(RESET) refers to stm32f4xx_it.o(i.PendSV_Handler) for PendSV_Handler
    startup_stm32f411xe.o(RESET) refers to stm32f4xx_it.o(i.SysTick_Handler) for SysTick_Handler
    startup_stm32f411xe.o(RESET) refers to stm32f4xx_it.o(i.TIM1_UP_TIM10_IRQHandler) for TIM1_UP_TIM10_IRQHandler
    startup_stm32f411xe.o(RESET) refers to stm32f4xx_it.o(i.TIM1_TRG_COM_TIM11_IRQHandler) for TIM1_TRG_COM_TIM11_IRQHandler
    startup_stm32f411xe.o(RESET) refers to stm32f4xx_it.o(i.TIM2_IRQHandler) for TIM2_IRQHandler
    startup_stm32f411xe.o(RESET) refers to stm32f4xx_it.o(i.USART1_IRQHandler) for USART1_IRQHandler
    startup_stm32f411xe.o(RESET) refers to stm32f4xx_it.o(i.TIM5_IRQHandler) for TIM5_IRQHandler
    startup_stm32f411xe.o(RESET) refers to stm32f4xx_it.o(i.DMA2_Stream1_IRQHandler) for DMA2_Stream1_IRQHandler
    startup_stm32f411xe.o(RESET) refers to stm32f4xx_it.o(i.DMA2_Stream2_IRQHandler) for DMA2_Stream2_IRQHandler
    startup_stm32f411xe.o(RESET) refers to stm32f4xx_it.o(i.DMA2_Stream6_IRQHandler) for DMA2_Stream6_IRQHandler
    startup_stm32f411xe.o(RESET) refers to stm32f4xx_it.o(i.DMA2_Stream7_IRQHandler) for DMA2_Stream7_IRQHandler
    startup_stm32f411xe.o(RESET) refers to stm32f4xx_it.o(i.USART6_IRQHandler) for USART6_IRQHandler
    startup_stm32f411xe.o(.text) refers to system_stm32f4xx.o(i.SystemInit) for SystemInit
    startup_stm32f411xe.o(.text) refers to entry.o(.ARM.Collect$$$$00000000) for __main
    func.o(i.OutDistance) refers to f2d.o(.text) for __aeabi_f2d
    func.o(i.OutDistance) refers to printfa.o(i.__0sprintf) for __2sprintf
    func.o(i.OutEnc) refers to printfa.o(i.__0sprintf) for __2sprintf
    func.o(i.OutPlot) refers to f2d.o(.text) for __aeabi_f2d
    func.o(i.OutPlot) refers to printfa.o(i.__0sprintf) for __2sprintf
    func.o(i.SpeedCulcTick) refers to main.o(.data) for DistLeftM
    func.o(i.SpeedCulcTick) refers to func.o(.data) for DistLeftMLast
    func.o(i.StartState) refers to func.o(i.l_motor_stop) for l_motor_stop
    func.o(i.StartState) refers to func.o(i.r_motor_stop) for r_motor_stop
    func.o(i.StartState) refers to stm32f4xx_hal_tim.o(i.HAL_TIM_PWM_Start) for HAL_TIM_PWM_Start
    func.o(i.StartState) refers to stm32f4xx_hal_tim.o(i.HAL_TIM_Encoder_Start_IT) for HAL_TIM_Encoder_Start_IT
    func.o(i.StartState) refers to stm32f4xx_hal_tim.o(i.HAL_TIM_PWM_Start_IT) for HAL_TIM_PWM_Start_IT
    func.o(i.StartState) refers to stm32f4xx_hal_tim.o(i.HAL_TIM_IC_Start_IT) for HAL_TIM_IC_Start_IT
    func.o(i.StartState) refers to func.o(i.ServoWrite1) for ServoWrite1
    func.o(i.StartState) refers to func.o(i.ServoWrite2) for ServoWrite2
    func.o(i.StartState) refers to func.o(i.ServoWrite3) for ServoWrite3
    func.o(i.StartState) refers to func.o(i.ServoWrite4) for ServoWrite4
    func.o(i.StartState) refers to main.o(.bss) for htim9
    func.o(i.StartState) refers to main.o(.data) for CountR
    func.o(i.TransmitOK) refers to stm32f4xx_hal_uart.o(i.HAL_UART_Transmit_DMA) for HAL_UART_Transmit_DMA
    func.o(i.TransmitOK) refers to main.o(.bss) for TxBuf
    func.o(i.Update) refers to func.o(i.setMotorSpeeds) for setMotorSpeeds
    func.o(i.Update) refers to func.o(i.TransmitOK) for TransmitOK
    func.o(i.Update) refers to func.o(i.OutEnc) for OutEnc
    func.o(i.Update) refers to stm32f4xx_hal_uart.o(i.HAL_UART_Transmit_DMA) for HAL_UART_Transmit_DMA
    func.o(i.Update) refers to func.o(i.OutDistance) for OutDistance
    func.o(i.Update) refers to func.o(i.ServoWrite1) for ServoWrite1
    func.o(i.Update) refers to func.o(i.ServoWrite2) for ServoWrite2
    func.o(i.Update) refers to func.o(i.ServoWrite3) for ServoWrite3
    func.o(i.Update) refers to func.o(i.ServoWrite4) for ServoWrite4
    func.o(i.Update) refers to printfa.o(i.__0sprintf) for __2sprintf
    func.o(i.Update) refers to main.o(.data) for CountSpace
    func.o(i.Update) refers to main.o(.bss) for RxBuf
[...]
    Removing stm32f4xx_hal_uart.o(i.HAL_UART_DMAResume), (202 bytes).
    Removing stm32f4xx_hal_uart.o(i.HAL_UART_DMAStop), (138 bytes).
    Removing stm32f4xx_hal_uart.o(i.HAL_UART_DeInit), (60 bytes).
    Removing stm32f4xx_hal_uart.o(i.HAL_UART_GetError), (6 bytes).
    Removing stm32f4xx_hal_uart.o(i.HAL_UART_GetState), (20 bytes).
    Removing stm32f4xx_hal_uart.o(i.HAL_UART_MspDeInit), (2 bytes).
    Removing stm32f4xx_hal_uart.o(i.HAL_UART_MspInit), (2 bytes).
    Removing stm32f4xx_hal_uart.o(i.HAL_UART_Receive), (220 bytes).
    Removing stm32f4xx_hal_uart.o(i.HAL_UART_Receive_DMA), (66 bytes).
    Removing stm32f4xx_hal_uart.o(i.HAL_UART_Receive_IT), (66 bytes).
    Removing stm32f4xx_hal_uart.o(i.HAL_UART_RxHalfCpltCallback), (2 bytes).
    Removing stm32f4xx_hal_uart.o(i.HAL_UART_Transmit), (210 bytes).
    Removing stm32f4xx_hal_uart.o(i.HAL_UART_Transmit_IT), (88 bytes).
    Removing stm32f4xx_hal_uart.o(i.UART_DMAReceiveCplt), (176 bytes).
    Removing stm32f4xx_hal_uart.o(i.UART_DMARxAbortCallback), (56 bytes).
    Removing stm32f4xx_hal_uart.o(i.UART_DMARxHalfCplt), (32 bytes).
    Removing stm32f4xx_hal_uart.o(i.UART_DMARxOnlyAbortCallback), (28 bytes).
    Removing stm32f4xx_hal_uart.o(i.UART_DMATxAbortCallback), (56 bytes).
    Removing stm32f4xx_hal_uart.o(i.UART_DMATxOnlyAbortCallback), (24 bytes).
    Removing stm32f4xx_hal_uart.o(i.UART_Start_Receive_DMA), (208 bytes).
    Removing stm32f4xx_hal_uart.o(i.UART_Start_Receive_IT), (74 bytes).
    Removing stm32f4xx_hal_uart.o(i.UART_WaitOnFlagUntilTimeout), (146 bytes).
    Removing system_stm32f4xx.o(.rev16_text), (4 bytes).
    Removing system_stm32f4xx.o(.revsh_text), (4 bytes).
    Removing system_stm32f4xx.o(.rrx_text), (6 bytes).
    Removing system_stm32f4xx.o(i.SystemCoreClockUpdate), (192 bytes).

410 unused section(s) (total 37108 bytes) removed from the image.

==============================================================================

Image Symbol Table

    Local Symbols

    Symbol Name                              Value     Ov Type        Size  Object(Section)

    ../Core/Src/main.c                       0x00000000   Number         0  main.o ABSOLUTE
    ../Core/Src/stm32f4xx_hal_msp.c          0x00000000   Number         0  stm32f4xx_hal_msp.o ABSOLUTE
    ../Core/Src/stm32f4xx_it.c               0x00000000   Number         0  stm32f4xx_it.o ABSOLUTE
    ../Core/Src/system_stm32f4xx.c           0x00000000   Number         0  system_stm32f4xx.o ABSOLUTE
    ../Drivers/STM32F4xx_HAL_Driver/Src/stm32f4xx_hal.c 0x00000000   Number         0  stm32f4xx_hal.o ABSOLUTE
    ../Drivers/STM32F4xx_HAL_Driver/Src/stm32f4xx_hal_cortex.c 0x00000000   Number         0  stm32f4xx_hal_cortex.o ABSOLUTE
    ../Drivers/STM32F4xx_HAL_Driver/Src/stm32f4xx_hal_dma.c 0x00000000   Number         0  stm32f4xx_hal_dma.o ABSOLUTE
    ../Drivers/STM32F4xx_HAL_Driver/Src/stm32f4xx_hal_dma_ex.c 0x00000000   Number         0  stm32f4xx_hal_dma_ex.o ABSOLUTE
    ../Drivers/STM32F4xx_HAL_Driver/Src/stm32f4xx_hal_exti.c 0x00000000   Number         0  stm32f4xx_hal_exti.o ABSOLUTE
    ../Drivers/STM32F4xx_HAL_Driver/Src/stm32f4xx_hal_flash.c 0x00000000   Number         0  stm32f4xx_hal_flash.o ABSOLUTE
    ../Drivers/STM32F4xx_HAL_Driver/Src/stm32f4xx_hal_flash_ex.c 0x00000000   Number         0  stm32f4xx_hal_flash_ex.o ABSOLUTE
    ../Drivers/STM32F4xx_HAL_Driver/Src/stm32f4xx_hal_flash_ramfunc.c 0x00000000   Number         0  stm32f4xx_hal_flash_ramfunc.o ABSOLUTE
    ../Drivers/STM32F4xx_HAL_Driver/Src/stm32f4xx_hal_gpio.c 0x00000000   Number         0  stm32f4xx_hal_gpio.o ABSOLUTE
    ../Drivers/STM32F4xx_HAL_Driver/Src/stm32f4xx_hal_pwr.c 0x00000000   Number         0  stm32f4xx_hal_pwr.o ABSOLUTE
    ../Drivers/STM32F4xx_HAL_Driver/Src/stm32f4xx_hal_pwr_ex.c 0x00000000   Number         0  stm32f4xx_hal_pwr_ex.o ABSOLUTE
    ../Drivers/STM32F4xx_HAL_Driver/Src/stm32f4xx_hal_rcc.c 0x00000000   Number         0  stm32f4xx_hal_rcc.o ABSOLUTE
    ../Drivers/STM32F4xx_HAL_Driver/Src/stm32f4xx_hal_rcc_ex.c 0x00000000   Number         0  stm32f4xx_hal_rcc_ex.o ABSOLUTE
    ../Drivers/STM32F4xx_HAL_Driver/Src/stm32f4xx_hal_tim.c 0x00000000   Number         0  stm32f4xx_hal_tim.o ABSOLUTE
    ../Drivers/STM32F4xx_HAL_Driver/Src/stm32f4xx_hal_tim_ex.c 0x00000000   Number         0  stm32f4xx_hal_tim_ex.o ABSOLUTE
    ../Drivers/STM32F4xx_HAL_Driver/Src/stm32f4xx_hal_uart.c 0x00000000   Number         0  stm32f4xx_hal_uart.o ABSOLUTE
    ../clib/microlib/division.c              0x00000000   Number         0  uldiv.o ABSOLUTE
    ../clib/microlib/division.c              0x00000000   Number         0  uidiv.o ABSOLUTE
    ../clib/microlib/init/entry.s            0x00000000   Number         0  entry2.o ABSOLUTE
    ../clib/microlib/init/entry.s            0x00000000   Number         0  entry7b.o ABSOLUTE
    ../clib/microlib/init/entry.s            0x00000000   Number         0  entry12a.o ABSOLUTE
    ../clib/microlib/init/entry.s            0x00000000   Number         0  entry7a.o ABSOLUTE
    ../clib/microlib/init/entry.s            0x00000000   Number         0  entry12b.o ABSOLUTE
    ../clib/microlib/init/entry.s            0x00000000   Number         0  entry11a.o ABSOLUTE
    ../clib/microlib/init/entry.s            0x00000000   Number         0  entry5.o ABSOLUTE
    ../clib/microlib/init/entry.s            0x00000000   Number         0  entry10b.o ABSOLUTE
    ../clib/microlib/init/entry.s            0x00000000   Number         0  entry.o ABSOLUTE
    ../clib/microlib/init/entry.s            0x00000000   Number         0  entry10a.o ABSOLUTE
    ../clib/microlib/init/entry.s            0x00000000   Number         0  entry9b.o ABSOLUTE
    ../clib/microlib/init/entry.s            0x00000000   Number         0  entry9a.o ABSOLUTE
    ../clib/microlib/init/entry.s            0x00000000   Number         0  entry8b.o ABSOLUTE
    ../clib/microlib/init/entry.s            0x00000000   Number         0  entry8a.o ABSOLUTE
    ../clib/microlib/init/entry.s            0x00000000   Number         0  entry11b.o ABSOLUTE
    ../clib/microlib/longlong.c              0x00000000   Number         0  llshl.o ABSOLUTE
    ../clib/microlib/longlong.c              0x00000000   Number         0  llushr.o ABSOLUTE
    ../clib/microlib/longlong.c              0x00000000   Number         0  llsshr.o ABSOLUTE
    ../clib/microlib/printf/printf.c         0x00000000   Number         0  printfa.o ABSOLUTE
    ../clib/microlib/printf/printf.c         0x00000000   Number         0  printfb.o ABSOLUTE
    ../clib/microlib/printf/printf.c         0x00000000   Number         0  printf2.o ABSOLUTE
    ../clib/microlib/printf/printf.c         0x00000000   Number         0  printf3.o ABSOLUTE
    ../clib/microlib/printf/printf.c         0x00000000   Number         0  printf4.o ABSOLUTE
    ../clib/microlib/printf/printf.c         0x00000000   Number         0  printf5.o ABSOLUTE
    ../clib/microlib/printf/printf.c         0x00000000   Number         0  printf6.o ABSOLUTE
    ../clib/microlib/printf/printf.c         0x00000000   Number         0  printf7.o ABSOLUTE
    ../clib/microlib/printf/printf.c         0x00000000   Number         0  printf8.o ABSOLUTE
    ../clib/microlib/printf/printf.c         0x00000000   Number         0  printf0.o ABSOLUTE
    ../clib/microlib/printf/printf.c         0x00000000   Number         0  printf1.o ABSOLUTE
    ../clib/microlib/printf/stubs.s          0x00000000   Number         0  stubs.o ABSOLUTE
    ../clib/microlib/stdio/fputc.c           0x00000000   Number         0  fputc.o ABSOLUTE
    ../clib/microlib/stdio/semi.s            0x00000000   Number         0  semi.o ABSOLUTE
    ../clib/microlib/stdio/streams.c         0x00000000   Number         0  stdout.o ABSOLUTE
    ../clib/microlib/string/memset.c         0x00000000   Number         0  memseta.o ABSOLUTE
    ../clib/microlib/stubs.s                 0x00000000   Number         0  iusefp.o ABSOLUTE
    ../clib/microlib/stubs.s                 0x00000000   Number         0  iusesemip.o ABSOLUTE
    ../fplib/microlib/f2d.c                  0x00000000   Number         0  f2d.o ABSOLUTE
    ../fplib/microlib/fpadd.c                0x00000000   Number         0  dadd.o ABSOLUTE
    ../fplib/microlib/fpdiv.c                0x00000000   Number         0  ddiv.o ABSOLUTE
    ../fplib/microlib/fpepilogue.c           0x00000000   Number         0  depilogue.o ABSOLUTE
    ../fplib/microlib/fpfix.c                0x00000000   Number         0  dfixi.o ABSOLUTE
    ../fplib/microlib/fpfix.c                0x00000000   Number         0  dfixul.o ABSOLUTE
    ../fplib/microlib/fpmul.c                0x00000000   Number         0  dmul.o ABSOLUTE
    ..\Core\Src\Encoder.c                    0x00000000   Number         0  encoder.o ABSOLUTE
    ..\Core\Src\Func.c                       0x00000000   Number         0  func.o ABSOLUTE
    ..\Core\Src\PidPos.c                     0x00000000   Number         0  pidpos.o ABSOLUTE
    ..\Core\Src\PidVel.c                     0x00000000   Number         0  pidvel.o ABSOLUTE
    ..\Core\Src\main.c                       0x00000000   Number         0  main.o ABSOLUTE
    ..\Core\Src\stm32f4xx_hal_msp.c          0x00000000   Number         0  stm32f4xx_hal_msp.o ABSOLUTE
    ..\Core\Src\stm32f4xx_it.c               0x00000000   Number         0  stm32f4xx_it.o ABSOLUTE
    ..\Core\Src\system_stm32f4xx.c           0x00000000   Number         0  system_stm32f4xx.o ABSOLUTE
    ..\Drivers\STM32F4xx_HAL_Driver\Src\stm32f4xx_hal.c 0x00000000   Number         0  stm32f4xx_hal.o ABSOLUTE
    ..\Drivers\STM32F4xx_HAL_Driver\Src\stm32f4xx_hal_cortex.c 0x00000000   Number         0  stm32f4xx_hal_cortex.o ABSOLUTE
    ..\Drivers\STM32F4xx_HAL_Driver\Src\stm32f4xx_hal_dma.c 0x00000000   Number         0  stm32f4xx_hal_dma.o ABSOLUTE
    ..\Drivers\STM32F4xx_HAL_Driver\Src\stm32f4xx_hal_dma_ex.c 0x00000000   Number         0  stm32f4xx_hal_dma_ex.o ABSOLUTE
    ..\Drivers\STM32F4xx_HAL_Driver\Src\stm32f4xx_hal_exti.c 0x00000000   Number         0  stm32f4xx_hal_exti.o ABSOLUTE
    ..\Drivers\STM32F4xx_HAL_Driver\Src\stm32f4xx_hal_flash.c 0x00000000   Number         0  stm32f4xx_hal_flash.o ABSOLUTE
    ..\Drivers\STM32F4xx_HAL_Driver\Src\stm32f4xx_hal_flash_ex.c 0x00000000   Number         0  stm32f4xx_hal_flash_ex.o ABSOLUTE
    ..\Drivers\STM32F4xx_HAL_Driver\Src\stm32f4xx_hal_flash_ramfunc.c 0x00000000   Number         0  stm32f4xx_hal_flash_ramfunc.o ABSOLUTE
    ..\Drivers\STM32F4xx_HAL_Driver\Src\stm32f4xx_hal_gpio.c 0x00000000   Number         0  stm32f4xx_hal_gpio.o ABSOLUTE
    ..\Drivers\STM32F4xx_HAL_Driver\Src\stm32f4xx_hal_pwr.c 0x00000000   Number         0  stm32f4xx_hal_pwr.o ABSOLUTE
    ..\Drivers\STM32F4xx_HAL_Driver\Src\stm32f4xx_hal_pwr_ex.c 0x00000000   Number         0  stm32f4xx_hal_pwr_ex.o ABSOLUTE
    ..\Drivers\STM32F4xx_HAL_Driver\Src\stm32f4xx_hal_rcc.c 0x00000000   Number         0  stm32f4xx_hal_rcc.o ABSOLUTE
    ..\Drivers\STM32F4xx_HAL_Driver\Src\stm32f4xx_hal_rcc_ex.c 0x00000000   Number         0  stm32f4xx_hal_rcc_ex.o ABSOLUTE
    ..\Drivers\STM32F4xx_HAL_Driver\Src\stm32f4xx_hal_tim.c 0x00000000   Number         0  stm32f4xx_hal_tim.o ABSOLUTE
    ..\Drivers\STM32F4xx_HAL_Driver\Src\stm32f4xx_hal_tim_ex.c 0x00000000   Number         0  stm32f4xx_hal_tim_ex.o ABSOLUTE
    ..\Drivers\STM32F4xx_HAL_Driver\Src\stm32f4xx_hal_uart.c 0x00000000   Number         0  stm32f4xx_hal_uart.o ABSOLUTE
    ..\\Core\\Src\\Encoder.c                 0x00000000   Number         0  encoder.o ABSOLUTE
    ..\\Core\\Src\\Func.c                    0x00000000   Number         0  func.o ABSOLUTE
    ..\\Core\\Src\\PidPos.c                  0x00000000   Number         0  pidpos.o ABSOLUTE
    ..\\Core\\Src\\PidVel.c                  0x00000000   Number         0  pidvel.o ABSOLUTE
    cdrcmple.s                               0x00000000   Number         0  cdrcmple.o ABSOLUTE
    dc.s                                     0x00000000   Number         0  dc.o ABSOLUTE
    handlers.s                               0x00000000   Number         0  handlers.o ABSOLUTE
    init.s                                   0x00000000   Number         0  init.o ABSOLUTE
    startup_stm32f411xe.s                    0x00000000   Number         0  startup_stm32f411xe.o ABSOLUTE
    RESET                                    0x08000000   Section      408  startup_stm32f411xe.o(RESET)
    .ARM.Collect$$$$00000000                 0x08000198   Section        0  entry.o(.ARM.Collect$$$$00000000)
    .ARM.Collect$$$$00000001                 0x08000198   Section        4  entry2.o(.ARM.Collect$$$$00000001)
    .ARM.Collect$$$$00000004                 0x0800019c   Section        4  entry5.o(.ARM.Collect$$$$00000004)
    .ARM.Collect$$$$00000008                 0x080001a0   Section        0  entry7b.o(.ARM.Collect$$$$00000008)
    .ARM.Collect$$$$0000000A                 0x080001a0   Section        0  entry8b.o(.ARM.Collect$$$$0000000A)
    .ARM.Collect$$$$0000000B                 0x080001a0   Section        8  entry9a.o(.ARM.Collect$$$$0000000B)
    .ARM.Collect$$$$0000000E                 0x080001a8   Section        4  entry12b.o(.ARM.Collect$$$$0000000E)
    .ARM.Collect$$$$0000000F                 0x080001ac   Section        0  entry10a.o(.ARM.Collect$$$$0000000F)
    .ARM.Collect$$$$00000011                 0x080001ac   Section        0  entry11a.o(.ARM.Collect$$$$00000011)
    .ARM.Collect$$$$00002712                 0x080001ac   Section        4  entry2.o(.ARM.Collect$$$$00002712)
    __lit__00000000                          0x080001ac   Data           4  entry2.o(.ARM.Collect$$$$00002712)
    .text                                    0x080001b0   Section       36  startup_stm32f411xe.o(.text)
    $v0                                      0x080001b0   Number         0  startup_stm32f411xe.o(.text)
    .text                                    0x080001d4   Section        0  uldiv.o(.text)
    .text                                    0x08000236   Section        0  memseta.o(.text)
    .text                                    0x0800025a   Section        0  dadd.o(.text)
    .text                                    0x080003a8   Section        0  dfixi.o(.text)
    .text                                    0x080003e6   Section        0  f2d.o(.text)
    .text                                    0x0800040c   Section        0  uidiv.o(.text)
    .text                                    0x08000438   Section        0  llshl.o(.text)
    .text                                    0x08000456   Section        0  llushr.o(.text)
    .text                                    0x08000476   Section        0  llsshr.o(.text)
    .text                                    0x0800049a   Section        0  depilogue.o(.text)
    .text                                    0x0800049a   Section        0  iusefp.o(.text)
    .text                                    0x08000554   Section        0  dmul.o(.text)
    .text                                    0x08000638   Section        0  ddiv.o(.text)
    .text                                    0x08000716   Section        0  dfixul.o(.text)
    .text                                    0x08000748   Section       48  cdrcmple.o(.text)
    .text                                    0x08000778   Section       36  init.o(.text)
    i.BusFault_Handler                       0x0800079c   Section        0  stm32f4xx_it.o(i.BusFault_Handler)
    i.DMA2_Stream1_IRQHandler                0x080007a0   Section        0  stm32f4xx_it.o(i.DMA2_Stream1_IRQHandler)
    i.DMA2_Stream2_IRQHandler                0x080007b0   Section        0  stm32f4xx_it.o(i.DMA2_Stream2_IRQHandler)
    i.DMA2_Stream6_IRQHandler                0x080007c0   Section        0  stm32f4xx_it.o(i.DMA2_Stream6_IRQHandler)
    i.DMA2_Stream7_IRQHandler                0x080007d0   Section        0  stm32f4xx_it.o(i.DMA2_Stream7_IRQHandler)
    i.DMA_CalcBaseAndBitshift                0x080007e0   Section        0  stm32f4xx_hal_dma.o(i.DMA_CalcBaseAndBitshift)
    DMA_CalcBaseAndBitshift                  0x080007e1   Thumb Code    46  stm32f4xx_hal_dma.o(i.DMA_CalcBaseAndBitshift)
    i.DMA_CheckFifoParam                     0x08000814   Section        0  stm32f4xx_hal_dma.o(i.DMA_CheckFifoParam)
    DMA_CheckFifoParam                       0x08000815   Thumb Code   170  stm32f4xx_hal_dma.o(i.DMA_CheckFifoParam)
    i.DMA_SetConfig                          0x080008be   Section        0  stm32f4xx_hal_dma.o(i.DMA_SetConfig)
    DMA_SetConfig                            0x080008bf   Thumb Code    44  stm32f4xx_hal_dma.o(i.DMA_SetConfig)
    i.DebugMon_Handler                       0x080008ea   Section        0  stm32f4xx_it.o(i.DebugMon_Handler)
    i.Error_Handler                          0x080008ec   Section        0  main.o(i.Error_Handler)
    i.HAL_DMA_Abort                          0x080008f2   Section        0  stm32f4xx_hal_dma.o(i.HAL_DMA_Abort)
    i.HAL_DMA_Abort_IT                       0x0800099e   Section        0  stm32f4xx_hal_dma.o(i.HAL_DMA_Abort_IT)
    i.HAL_DMA_IRQHandler                     0x080009c8   Section        0  stm32f4xx_hal_dma.o(i.HAL_DMA_IRQHandler)
    i.HAL_DMA_Init                           0x08000c08   Section        0  stm32f4xx_hal_dma.o(i.HAL_DMA_Init)
    i.HAL_DMA_Start_IT                       0x08000cf4   Section        0  stm32f4xx_hal_dma.o(i.HAL_DMA_Start_IT)
    i.HAL_GPIO_Init                          0x08000d88   Section        0  stm32f4xx_hal_gpio.o(i.HAL_GPIO_Init)
    i.HAL_GPIO_TogglePin                     0x08000f50   Section        0  stm32f4xx_hal_gpio.o(i.HAL_GPIO_TogglePin)
    i.HAL_GPIO_WritePin                      0x08000f64   Section        0  stm32f4xx_hal_gpio.o(i.HAL_GPIO_WritePin)
    i.HAL_GetTick                            0x08000f70   Section        0  stm32f4xx_hal.o(i.HAL_GetTick)
    i.HAL_IncTick                            0x08000f7c   Section        0  stm32f4xx_hal.o(i.HAL_IncTick)
    i.HAL_Init                               0x08000f94   Section        0  stm32f4xx_hal.o(i.HAL_Init)
    i.HAL_InitTick                           0x08000fd0   Section        0  stm32f4xx_hal.o(i.HAL_InitTick)
    i.HAL_MspInit                            0x0800101c   Section        0  stm32f4xx_hal_msp.o(i.HAL_MspInit)
    i.HAL_NVIC_EnableIRQ                     0x08001064   Section        0  stm32f4xx_hal_cortex.o(i.HAL_NVIC_EnableIRQ)
    i.HAL_NVIC_SetPriority                   0x08001084   Section        0  stm32f4xx_hal_cortex.o(i.HAL_NVIC_SetPriority)
    i.HAL_NVIC_SetPriorityGrouping           0x08001100   Section        0  stm32f4xx_hal_cortex.o(i.HAL_NVIC_SetPriorityGrouping)
    i.HAL_RCC_ClockConfig                    0x08001128   Section        0  stm32f4xx_hal_rcc.o(i.HAL_RCC_ClockConfig)
    i.HAL_RCC_GetHCLKFreq                    0x080012ac   Section        0  stm32f4xx_hal_rcc.o(i.HAL_RCC_GetHCLKFreq)
    i.HAL_RCC_GetPCLK1Freq                   0x080012b8   Section        0  stm32f4xx_hal_rcc.o(i.HAL_RCC_GetPCLK1Freq)
    i.HAL_RCC_GetPCLK2Freq                   0x080012d8   Section        0  stm32f4xx_hal_rcc.o(i.HAL_RCC_GetPCLK2Freq)
    i.HAL_RCC_GetSysClockFreq                0x080012f8   Section        0  stm32f4xx_hal_rcc.o(i.HAL_RCC_GetSysClockFreq)
    i.HAL_RCC_OscConfig                      0x080013a8   Section        0  stm32f4xx_hal_rcc.o(i.HAL_RCC_OscConfig)
    i.HAL_SYSTICK_Config                     0x08001844   Section        0  stm32f4xx_hal_cortex.o(i.HAL_SYSTICK_Config)
    i.HAL_TIMEx_BreakCallback                0x08001878   Section        0  stm32f4xx_hal_tim_ex.o(i.HAL_TIMEx_BreakCallback)
    i.HAL_TIMEx_CommutCallback               0x0800187a   Section        0  stm32f4xx_hal_tim_ex.o(i.HAL_TIMEx_CommutCallback)
    i.HAL_TIMEx_MasterConfigSynchronization  0x0800187c   Section        0  stm32f4xx_hal_tim_ex.o(i.HAL_TIMEx_MasterConfigSynchronization)
    i.HAL_TIM_Base_Init                      0x08001918   Section        0  stm32f4xx_hal_tim.o(i.HAL_TIM_Base_Init)
    i.HAL_TIM_Base_MspInit                   0x08001980   Section        0  stm32f4xx_hal_msp.o(i.HAL_TIM_Base_MspInit)
    i.HAL_TIM_Encoder_Init                   0x08001a04   Section        0  stm32f4xx_hal_tim.o(i.HAL_TIM_Encoder_Init)
    i.HAL_TIM_Encoder_MspInit                0x08001acc   Section        0  stm32f4xx_hal_msp.o(i.HAL_TIM_Encoder_MspInit)
    i.HAL_TIM_Encoder_Start_IT               0x08001c08   Section        0  stm32f4xx_hal_tim.o(i.HAL_TIM_Encoder_Start_IT)
    i.HAL_TIM_IC_CaptureCallback             0x08001d04   Section        0  encoder.o(i.HAL_TIM_IC_CaptureCallback)
    i.HAL_TIM_IC_Start_IT                    0x08001d98   Section        0  stm32f4xx_hal_tim.o(i.HAL_TIM_IC_Start_IT)
    i.HAL_TIM_IRQHandler                     0x08001f10   Section        0  stm32f4xx_hal_tim.o(i.HAL_TIM_IRQHandler)
    i.HAL_TIM_MspPostInit                    0x080020a8   Section        0  stm32f4xx_hal_msp.o(i.HAL_TIM_MspPostInit)
    i.HAL_TIM_OC_ConfigChannel               0x08002158   Section        0  stm32f4xx_hal_tim.o(i.HAL_TIM_OC_ConfigChannel)
    i.HAL_TIM_OC_DelayElapsedCallback        0x080021c8   Section        0  stm32f4xx_hal_tim.o(i.HAL_TIM_OC_DelayElapsedCallback)
    i.HAL_TIM_OC_Init                        0x080021ca   Section        0  stm32f4xx_hal_tim.o(i.HAL_TIM_OC_Init)
    i.HAL_TIM_OC_MspInit                     0x08002230   Section        0  stm32f4xx_hal_msp.o(i.HAL_TIM_OC_MspInit)
    i.HAL_TIM_PWM_ConfigChannel              0x08002264   Section        0  stm32f4xx_hal_tim.o(i.HAL_TIM_PWM_ConfigChannel)
    i.HAL_TIM_PWM_Init                       0x08002368   Section        0  stm32f4xx_hal_tim.o(i.HAL_TIM_PWM_Init)
    i.HAL_TIM_PWM_MspInit                    0x080023d0   Section        0  stm32f4xx_hal_msp.o(i.HAL_TIM_PWM_MspInit)
    i.HAL_TIM_PWM_PulseFinishedCallback      0x08002434   Section        0  stm32f4xx_hal_tim.o(i.HAL_TIM_PWM_PulseFinishedCallback)
    i.HAL_TIM_PWM_Start                      0x08002438   Section        0  stm32f4xx_hal_tim.o(i.HAL_TIM_PWM_Start)
    i.HAL_TIM_PWM_Start_IT                   0x08002524   Section        0  stm32f4xx_hal_tim.o(i.HAL_TIM_PWM_Start_IT)
    i.HAL_TIM_PeriodElapsedCallback          0x08002660   Section        0  stm32f4xx_hal_tim.o(i.HAL_TIM_PeriodElapsedCallback)
    i.HAL_TIM_TriggerCallback                0x08002662   Section        0  stm32f4xx_hal_tim.o(i.HAL_TIM_TriggerCallback)
    i.HAL_UARTEx_RxEventCallback             0x08002664   Section        0  stm32f4xx_hal_uart.o(i.HAL_UARTEx_RxEventCallback)
    i.HAL_UART_ErrorCallback                 0x08002666   Section        0  stm32f4xx_hal_uart.o(i.HAL_UART_ErrorCallback)
    i.HAL_UART_IRQHandler                    0x08002668   Section        0  stm32f4xx_hal_uart.o(i.HAL_UART_IRQHandler)
    i.HAL_UART_Init                          0x08002948   Section        0  stm32f4xx_hal_uart.o(i.HAL_UART_Init)
    i.HAL_UART_MspInit                       0x080029bc   Section        0  stm32f4xx_hal_msp.o(i.HAL_UART_MspInit)
    i.HAL_UART_RxCpltCallback                0x08002bdc   Section        0  stm32f4xx_hal_uart.o(i.HAL_UART_RxCpltCallback)
    i.HAL_UART_Transmit_DMA                  0x08002be0   Section        0  stm32f4xx_hal_uart.o(i.HAL_UART_Transmit_DMA)
    i.HAL_UART_TxCpltCallback                0x08002c8c   Section        0  stm32f4xx_hal_uart.o(i.HAL_UART_TxCpltCallback)
    i.HAL_UART_TxHalfCpltCallback            0x08002c8e   Section        0  stm32f4xx_hal_uart.o(i.HAL_UART_TxHalfCpltCallback)
    i.HardFault_Handler                      0x08002c90   Section        0  stm32f4xx_it.o(i.HardFault_Handler)
    i.MX_DMA_Init                            0x08002c94   Section        0  main.o(i.MX_DMA_Init)
    MX_DMA_Init                              0x08002c95   Thumb Code   100  main.o(i.MX_DMA_Init)
    i.MX_GPIO_Init                           0x08002cfc   Section        0  main.o(i.MX_GPIO_Init)
    MX_GPIO_Init                             0x08002cfd   Thumb Code   212  main.o(i.MX_GPIO_Init)
    i.MX_NVIC_Init                           0x08002de0   Section        0  main.o(i.MX_NVIC_Init)
    MX_NVIC_Init                             0x08002de1   Thumb Code    20  main.o(i.MX_NVIC_Init)
    i.MX_TIM10_Init                          0x08002df4   Section        0  main.o(i.MX_TIM10_Init)
    MX_TIM10_Init                            0x08002df5   Thumb Code    94  main.o(i.MX_TIM10_Init)
    i.MX_TIM11_Init                          0x08002e5c   Section        0  main.o(i.MX_TIM11_Init)
    MX_TIM11_Init                            0x08002e5d   Thumb Code    92  main.o(i.MX_TIM11_Init)
    i.MX_TIM2_Init                           0x08002ec0   Section        0  main.o(i.MX_TIM2_Init)
    MX_TIM2_Init                             0x08002ec1   Thumb Code   130  main.o(i.MX_TIM2_Init)
    i.MX_TIM3_Init                           0x08002f48   Section        0  main.o(i.MX_TIM3_Init)
    MX_TIM3_Init                             0x08002f49   Thumb Code   108  main.o(i.MX_TIM3_Init)
    i.MX_TIM4_Init                           0x08002fbc   Section        0  main.o(i.MX_TIM4_Init)
    MX_TIM4_Init                             0x08002fbd   Thumb Code   162  main.o(i.MX_TIM4_Init)
    i.MX_TIM5_Init                           0x08003068   Section        0  main.o(i.MX_TIM5_Init)
    MX_TIM5_Init                             0x08003069   Thumb Code   112  main.o(i.MX_TIM5_Init)
    i.MX_TIM9_Init                           0x080030e0   Section        0  main.o(i.MX_TIM9_Init)
    MX_TIM9_Init                             0x080030e1   Thumb Code   104  main.o(i.MX_TIM9_Init)
    i.MX_USART1_UART_Init                    0x08003150   Section        0  main.o(i.MX_USART1_UART_Init)
    MX_USART1_UART_Init                      0x08003151   Thumb Code    86  main.o(i.MX_USART1_UART_Init)
    i.MX_USART6_UART_Init                    0x080031b0   Section        0  main.o(i.MX_USART6_UART_Init)
    MX_USART6_UART_Init                      0x080031b1   Thumb Code    46  main.o(i.MX_USART6_UART_Init)
    i.MemManage_Handler                      0x080031e8   Section        0  stm32f4xx_it.o(i.MemManage_Handler)
    i.NMI_Handler                            0x080031ec   Section        0  stm32f4xx_it.o(i.NMI_Handler)
    i.OutDistance                            0x080031f0   Section        0  func.o(i.OutDistance)
    i.OutEnc                                 0x08003250   Section        0  func.o(i.OutEnc)
    i.OutPlot                                0x08003290   Section        0  func.o(i.OutPlot)
    i.PendSV_Handler                         0x080032f8   Section        0  stm32f4xx_it.o(i.PendSV_Handler)
    i.SVC_Handler                            0x080032fa   Section        0  stm32f4xx_it.o(i.SVC_Handler)
    i.ServoWrite1                            0x080032fc   Section        0  func.o(i.ServoWrite1)
    i.ServoWrite2                            0x08003318   Section        0  func.o(i.ServoWrite2)
    i.ServoWrite3                            0x08003334   Section        0  func.o(i.ServoWrite3)
    i.ServoWrite4                            0x08003350   Section        0  func.o(i.ServoWrite4)
    i.SpeedCulcTick                          0x0800336c   Section        0  func.o(i.SpeedCulcTick)
    i.StartState                             0x080033e0   Section        0  func.o(i.StartState)
    i.SysTick_Handler                        0x08003598   Section        0  stm32f4xx_it.o(i.SysTick_Handler)
    i.SystemClock_Config                     0x08003698   Section        0  main.o(i.SystemClock_Config)
    i.SystemInit                             0x08003748   Section        0  system_stm32f4xx.o(i.SystemInit)
    i.TIM1_TRG_COM_TIM11_IRQHandler          0x0800375c   Section        0  stm32f4xx_it.o(i.TIM1_TRG_COM_TIM11_IRQHandler)
    i.TIM1_UP_TIM10_IRQHandler               0x08003790   Section        0  stm32f4xx_it.o(i.TIM1_UP_TIM10_IRQHandler)
    i.TIM2_IRQHandler                        0x080037c4   Section        0  stm32f4xx_it.o(i.TIM2_IRQHandler)
    i.TIM5_IRQHandler                        0x080037d4   Section        0  stm32f4xx_it.o(i.TIM5_IRQHandler)
    i.TIM_Base_SetConfig                     0x080037e4   Section        0  stm32f4xx_hal_tim.o(i.TIM_Base_SetConfig)
    i.TIM_CCxChannelCmd                      0x08003888   Section        0  stm32f4xx_hal_tim.o(i.TIM_CCxChannelCmd)
    i.TIM_OC1_SetConfig                      0x080038ac   Section        0  stm32f4xx_hal_tim.o(i.TIM_OC1_SetConfig)
    TIM_OC1_SetConfig                        0x080038ad   Thumb Code    90  stm32f4xx_hal_tim.o(i.TIM_OC1_SetConfig)
    i.TIM_OC2_SetConfig                      0x0800390c   Section        0  stm32f4xx_hal_tim.o(i.TIM_OC2_SetConfig)
    i.TIM_OC3_SetConfig                      0x08003974   Section        0  stm32f4xx_hal_tim.o(i.TIM_OC3_SetConfig)
    TIM_OC3_SetConfig                        0x08003975   Thumb Code    98  stm32f4xx_hal_tim.o(i.TIM_OC3_SetConfig)
    i.TIM_OC4_SetConfig                      0x080039dc   Section        0  stm32f4xx_hal_tim.o(i.TIM_OC4_SetConfig)
    TIM_OC4_SetConfig                        0x080039dd   Thumb Code    68  stm32f4xx_hal_tim.o(i.TIM_OC4_SetConfig)
    i.TransmitOK                             0x08003a24   Section        0  func.o(i.TransmitOK)
    i.UART_DMAAbortOnError                   0x08003a58   Section        0  stm32f4xx_hal_uart.o(i.UART_DMAAbortOnError)
    UART_DMAAbortOnError                     0x08003a59   Thumb Code    20  stm32f4xx_hal_uart.o(i.UART_DMAAbortOnError)
    i.UART_DMAError                          0x08003a6c   Section        0  stm32f4xx_hal_uart.o(i.UART_DMAError)
    UART_DMAError                            0x08003a6d   Thumb Code    80  stm32f4xx_hal_uart.o(i.UART_DMAError)
    i.UART_DMATransmitCplt                   0x08003abc   Section        0  stm32f4xx_hal_uart.o(i.UART_DMATransmitCplt)
    UART_DMATransmitCplt                     0x08003abd   Thumb Code    88  stm32f4xx_hal_uart.o(i.UART_DMATransmitCplt)
    i.UART_DMATxHalfCplt                     0x08003b14   Section        0  stm32f4xx_hal_uart.o(i.UART_DMATxHalfCplt)
    UART_DMATxHalfCplt                       0x08003b15   Thumb Code    14  stm32f4xx_hal_uart.o(i.UART_DMATxHalfCplt)
    i.UART_EndRxTransfer                     0x08003b22   Section        0  stm32f4xx_hal_uart.o(i.UART_EndRxTransfer)
    UART_EndRxTransfer                       0x08003b23   Thumb Code   108  stm32f4xx_hal_uart.o(i.UART_EndRxTransfer)
    i.UART_EndTransmit_IT                    0x08003b8e   Section        0  stm32f4xx_hal_uart.o(i.UART_EndTransmit_IT)
    UART_EndTransmit_IT                      0x08003b8f   Thumb Code    32  stm32f4xx_hal_uart.o(i.UART_EndTransmit_IT)
    i.UART_EndTxTransfer                     0x08003bae   Section        0  stm32f4xx_hal_uart.o(i.UART_EndTxTransfer)
    UART_EndTxTransfer                       0x08003baf   Thumb Code    38  stm32f4xx_hal_uart.o(i.UART_EndTxTransfer)
    i.UART_Receive_IT                        0x08003bd4   Section        0  stm32f4xx_hal_uart.o(i.UART_Receive_IT)
    UART_Receive_IT                          0x08003bd5   Thumb Code   248  stm32f4xx_hal_uart.o(i.UART_Receive_IT)
    i.UART_SetConfig                         0x08003ccc   Section        0  stm32f4xx_hal_uart.o(i.UART_SetConfig)
    UART_SetConfig                           0x08003ccd   Thumb Code   546  stm32f4xx_hal_uart.o(i.UART_SetConfig)
    i.UART_Transmit_IT                       0x08003ef8   Section        0  stm32f4xx_hal_uart.o(i.UART_Transmit_IT)
    UART_Transmit_IT                         0x08003ef9   Thumb Code    96  stm32f4xx_hal_uart.o(i.UART_Transmit_IT)
    i.USART1_IRQHandler                      0x08003f58   Section        0  stm32f4xx_it.o(i.USART1_IRQHandler)
    i.USART6_IRQHandler                      0x08004004   Section        0  stm32f4xx_it.o(i.USART6_IRQHandler)
    i.Update                                 0x08004014   Section        0  func.o(i.Update)
    i.UpdatePIDLeft                          0x08004404   Section        0  pidvel.o(i.UpdatePIDLeft)
    i.UpdatePIDRight                         0x080044e8   Section        0  pidvel.o(i.UpdatePIDRight)
    i.UsageFault_Handler                     0x080045b8   Section        0  stm32f4xx_it.o(i.UsageFault_Handler)
    i.__0sprintf                             0x080045bc   Section        0  printfa.o(i.__0sprintf)
    i.__NVIC_GetPriorityGrouping             0x080045e4   Section        0  stm32f4xx_hal_cortex.o(i.__NVIC_GetPriorityGrouping)
    __NVIC_GetPriorityGrouping               0x080045e5   Thumb Code    10  stm32f4xx_hal_cortex.o(i.__NVIC_GetPriorityGrouping)
    i.__NVIC_SetPriority                     0x080045f4   Section        0  stm32f4xx_hal_cortex.o(i.__NVIC_SetPriority)
    __NVIC_SetPriority                       0x080045f5   Thumb Code    32  stm32f4xx_hal_cortex.o(i.__NVIC_SetPriority)
    i.__scatterload_copy                     0x0800461c   Section       14  handlers.o(i.__scatterload_copy)
    i.__scatterload_null                     0x0800462a   Section        2  handlers.o(i.__scatterload_null)
    i.__scatterload_zeroinit                 0x0800462c   Section       14  handlers.o(i.__scatterload_zeroinit)
    i._fp_digits                             0x0800463c   Section        0  printfa.o(i._fp_digits)
    _fp_digits                               0x0800463d   Thumb Code   366  printfa.o(i._fp_digits)
    i._printf_core                           0x080047c0   Section        0  printfa.o(i._printf_core)
    _printf_core                             0x080047c1   Thumb Code  1704  printfa.o(i._printf_core)
    i._printf_post_padding                   0x08004e74   Section        0  printfa.o(i._printf_post_padding)
    _printf_post_padding                     0x08004e75   Thumb Code    36  printfa.o(i._printf_post_padding)
    i._printf_pre_padding                    0x08004e98   Section        0  printfa.o(i._printf_pre_padding)
    _printf_pre_padding                      0x08004e99   Thumb Code    46  printfa.o(i._printf_pre_padding)
    i._sputc                                 0x08004ec6   Section        0  printfa.o(i._sputc)
    _sputc                                   0x08004ec7   Thumb Code    10  printfa.o(i._sputc)
    i.l_motor_back                           0x08004ed0   Section        0  func.o(i.l_motor_back)
    i.l_motor_forv                           0x08004ef8   Section        0  func.o(i.l_motor_forv)
    i.l_motor_stop                           0x08004f20   Section        0  func.o(i.l_motor_stop)
    i.main                                   0x08004f3c   Section        0  main.o(i.main)
    i.r_motor_back                           0x0800505c   Section        0  func.o(i.r_motor_back)
    i.r_motor_forv                           0x08005084   Section        0  func.o(i.r_motor_forv)
    i.r_motor_stop                           0x080050ac   Section        0  func.o(i.r_motor_stop)
    i.setMotorSpeeds                         0x080050c8   Section        0  func.o(i.setMotorSpeeds)
    .constdata                               0x08005134   Section        8  stm32f4xx_hal_dma.o(.constdata)
    flagBitshiftOffset                       0x08005134   Data           8  stm32f4xx_hal_dma.o(.constdata)
    .constdata                               0x0800513c   Section       24  system_stm32f4xx.o(.constdata)
    .data                                    0x20000000   Section       16  func.o(.data)
    DistLeftMLast                            0x20000008   Data           4  func.o(.data)
    DistRightMLast                           0x2000000c   Data           4  func.o(.data)
    .data                                    0x20000010   Section       34  pidvel.o(.data)
    Last_e                                   0x20000010   Data           4  pidvel.o(.data)
    Last_I                                   0x20000018   Data           8  pidvel.o(.data)
    last_u                                   0x20000020   Data           2  pidvel.o(.data)
    Last_e                                   0x20000024   Data           4  pidvel.o(.data)
    Last_I                                   0x20000028   Data           8  pidvel.o(.data)
    last_u                                   0x20000030   Data           2  pidvel.o(.data)
    .data                                    0x20000034   Section       92  main.o(.data)
    .data                                    0x20000090   Section       10  stm32f4xx_it.o(.data)
    Count                                    0x20000090   Data           4  stm32f4xx_it.o(.data)
    CountServo5                              0x20000094   Data           4  stm32f4xx_it.o(.data)
    CountUart6                               0x20000098   Data           1  stm32f4xx_it.o(.data)
    CountSpaceUart                           0x20000099   Data           1  stm32f4xx_it.o(.data)
    .data                                    0x2000009c   Section        9  stm32f4xx_hal.o(.data)
    .data                                    0x200000a8   Section        4  system_stm32f4xx.o(.data)
    .bss                                     0x200000ac   Section     1156  main.o(.bss)
    STACK                                    0x20000530   Section     1024  startup_stm32f411xe.o(STACK)

    Global Symbols

    Symbol Name                              Value     Ov Type        Size  Object(Section)

    BuildAttributes$$THM_ISAv4$E$P$D$K$B$S$7EM$VFPi3$EXTD16$VFPS$VFMA$PE$A:L22UL41UL21$X:L11$S22US41US21$IEEE1$IW$USESV6$~STKCKD$USESV7$~SHL$OSPACE$ROPI$EBA8$MICROLIB$REQ8$PRES8$EABIv2 0x00000000   Number         0  anon$$obj.o ABSOLUTE
    __ARM_use_no_argv                        0x00000000   Number         0  main.o ABSOLUTE
    _printf_a                                0x00000000   Number         0  stubs.o ABSOLUTE
    _printf_c                                0x00000000   Number         0  stubs.o ABSOLUTE
    _printf_charcount                        0x00000000   Number         0  stubs.o ABSOLUTE
    _printf_d                                0x00000000   Number         0  stubs.o ABSOLUTE
    _printf_e                                0x00000000   Number         0  stubs.o ABSOLUTE
    _printf_f                                0x00000000   Number         0  stubs.o ABSOLUTE
    _printf_flags                            0x00000000   Number         0  stubs.o ABSOLUTE
    _printf_fp_dec                           0x00000000   Number         0  stubs.o ABSOLUTE
    _printf_fp_hex                           0x00000000   Number         0  stubs.o ABSOLUTE
    _printf_g                                0x00000000   Number         0  stubs.o ABSOLUTE
    _printf_i                                0x00000000   Number         0  stubs.o ABSOLUTE
    _printf_int_dec                          0x00000000   Number         0  stubs.o ABSOLUTE
    _printf_l                                0x00000000   Number         0  stubs.o ABSOLUTE
    _printf_lc                               0x00000000   Number         0  stubs.o ABSOLUTE
    _printf_ll                               0x00000000   Number         0  stubs.o ABSOLUTE
    _printf_lld                              0x00000000   Number         0  stubs.o ABSOLUTE
    _printf_lli                              0x00000000   Number         0  stubs.o ABSOLUTE
    _printf_llo                              0x00000000   Number         0  stubs.o ABSOLUTE
    _printf_llu                              0x00000000   Number         0  stubs.o ABSOLUTE
    _printf_llx                              0x00000000   Number         0  stubs.o ABSOLUTE
    _printf_longlong_dec                     0x00000000   Number         0  stubs.o ABSOLUTE
    _printf_longlong_hex                     0x00000000   Number         0  stubs.o ABSOLUTE
    _printf_longlong_oct                     0x00000000   Number         0  stubs.o ABSOLUTE
    _printf_ls                               0x00000000   Number         0  stubs.o ABSOLUTE
    _printf_mbtowc                           0x00000000   Number         0  stubs.o ABSOLUTE
    _printf_n                                0x00000000   Number         0  stubs.o ABSOLUTE
    _printf_o                                0x00000000   Number         0  stubs.o ABSOLUTE
    _printf_p                                0x00000000   Number         0  stubs.o ABSOLUTE
    _printf_percent                          0x00000000   Number         0  stubs.o ABSOLUTE
    _printf_pre_padding                      0x00000000   Number         0  stubs.o ABSOLUTE
    _printf_return_value                     0x00000000   Number         0  stubs.o ABSOLUTE
    _printf_s                                0x00000000   Number         0  stubs.o ABSOLUTE
    _printf_sizespec                         0x00000000   Number         0  stubs.o ABSOLUTE
    _printf_str                              0x00000000   Number         0  stubs.o ABSOLUTE
    _printf_truncate_signed                  0x00000000   Number         0  stubs.o ABSOLUTE
    _printf_truncate_unsigned                0x00000000   Number         0  stubs.o ABSOLUTE
    _printf_u                                0x00000000   Number         0  stubs.o ABSOLUTE
    _printf_wc                               0x00000000   Number         0  stubs.o ABSOLUTE
    _printf_wctomb                           0x00000000   Number         0  stubs.o ABSOLUTE
    _printf_widthprec                        0x00000000   Number         0  stubs.o ABSOLUTE
    _printf_x                                0x00000000   Number         0  stubs.o ABSOLUTE
    __arm_fini_                               - Undefined Weak Reference
    __cpp_initialize__aeabi_                  - Undefined Weak Reference
    __cxa_finalize                            - Undefined Weak Reference
    __decompress                              - Undefined Weak Reference
    _clock_init                               - Undefined Weak Reference
    _microlib_exit                            - Undefined Weak Reference
    __Vectors_Size                           0x00000198   Number         0  startup_stm32f411xe.o ABSOLUTE
    __Vectors                                0x08000000   Data           4  startup_stm32f411xe.o(RESET)
    __Vectors_End                            0x08000198   Data           0  startup_stm32f411xe.o(RESET)
    __main                                   0x08000199   Thumb Code     0  entry.o(.ARM.Collect$$$$00000000)
    _main_stk                                0x08000199   Thumb Code     0  entry2.o(.ARM.Collect$$$$00000001)
    _main_scatterload                        0x0800019d   Thumb Code     0  entry5.o(.ARM.Collect$$$$00000004)
    __main_after_scatterload                 0x080001a1   Thumb Code     0  entry5.o(.ARM.Collect$$$$00000004)
    _main_clock                              0x080001a1   Thumb Code     0  entry7b.o(.ARM.Collect$$$$00000008)
    _main_cpp_init                           0x080001a1   Thumb Code     0  entry8b.o(.ARM.Collect$$$$0000000A)
    _main_init                               0x080001a1   Thumb Code     0  entry9a.o(.ARM.Collect$$$$0000000B)
    __rt_lib_shutdown_fini                   0x080001a9   Thumb Code     0  entry12b.o(.ARM.Collect$$$$0000000E)
    __rt_final_cpp                           0x080001ad   Thumb Code     0  entry10a.o(.ARM.Collect$$$$0000000F)
    __rt_final_exit                          0x080001ad   Thumb Code     0  entry11a.o(.ARM.Collect$$$$00000011)
    Reset_Handler                            0x080001b1   Thumb Code     8  startup_stm32f411xe.o(.text)
    ADC_IRQHandler                           0x080001cb   Thumb Code     0  startup_stm32f411xe.o(.text)
    DMA1_Stream0_IRQHandler                  0x080001cb   Thumb Code     0  startup_stm32f411xe.o(.text)
    DMA1_Stream1_IRQHandler                  0x080001cb   Thumb Code     0  startup_stm32f411xe.o(.text)
    DMA1_Stream2_IRQHandler                  0x080001cb   Thumb Code     0  startup_stm32f411xe.o(.text)
    DMA1_Stream3_IRQHandler                  0x080001cb   Thumb Code     0  startup_stm32f411xe.o(.text)
    DMA1_Stream4_IRQHandler                  0x080001cb   Thumb Code     0  startup_stm32f411xe.o(.text)
    DMA1_Stream5_IRQHandler                  0x080001cb   Thumb Code     0  startup_stm32f411xe.o(.text)
    DMA1_Stream6_IRQHandler                  0x080001cb   Thumb Code     0  startup_stm32f411xe.o(.text)
    DMA1_Stream7_IRQHandler                  0x080001cb   Thumb Code     0  startup_stm32f411xe.o(.text)
    DMA2_Stream0_IRQHandler                  0x080001cb   Thumb Code     0  startup_stm32f411xe.o(.text)
    DMA2_Stream3_IRQHandler                  0x080001cb   Thumb Code     0  startup_stm32f411xe.o(.text)
    DMA2_Stream4_IRQHandler                  0x080001cb   Thumb Code     0  startup_stm32f411xe.o(.text)
    DMA2_Stream5_IRQHandler                  0x080001cb   Thumb Code     0  startup_stm32f411xe.o(.text)
    EXTI0_IRQHandler                         0x080001cb   Thumb Code     0  startup_stm32f411xe.o(.text)
    EXTI15_10_IRQHandler                     0x080001cb   Thumb Code     0  startup_stm32f411xe.o(.text)
    EXTI1_IRQHandler                         0x080001cb   Thumb Code     0  startup_stm32f411xe.o(.text)
    EXTI2_IRQHandler                         0x080001cb   Thumb Code     0  startup_stm32f411xe.o(.text)
    EXTI3_IRQHandler                         0x080001cb   Thumb Code     0  startup_stm32f411xe.o(.text)
    EXTI4_IRQHandler                         0x080001cb   Thumb Code     0  startup_stm32f411xe.o(.text)
    EXTI9_5_IRQHandler                       0x080001cb   Thumb Code     0  startup_stm32f411xe.o(.text)
    FLASH_IRQHandler                         0x080001cb   Thumb Code     0  startup_stm32f411xe.o(.text)
    FPU_IRQHandler                           0x080001cb   Thumb Code     0  startup_stm32f411xe.o(.text)
    I2C1_ER_IRQHandler                       0x080001cb   Thumb Code     0  startup_stm32f411xe.o(.text)
    I2C1_EV_IRQHandler                       0x080001cb   Thumb Code     0  startup_stm32f411xe.o(.text)
    I2C2_ER_IRQHandler                       0x080001cb   Thumb Code     0  startup_stm32f411xe.o(.text)
    I2C2_EV_IRQHandler                       0x080001cb   Thumb Code     0  startup_stm32f411xe.o(.text)
    I2C3_ER_IRQHandler                       0x080001cb   Thumb Code     0  startup_stm32f411xe.o(.text)
    I2C3_EV_IRQHandler                       0x080001cb   Thumb Code     0  startup_stm32f411xe.o(.text)
    OTG_FS_IRQHandler                        0x080001cb   Thumb Code     0  startup_stm32f411xe.o(.text)
    OTG_FS_WKUP_IRQHandler                   0x080001cb   Thumb Code     0  startup_stm32f411xe.o(.text)
    PVD_IRQHandler                           0x080001cb   Thumb Code     0  startup_stm32f411xe.o(.text)
    RCC_IRQHandler                           0x080001cb   Thumb Code     0  startup_stm32f411xe.o(.text)
    RTC_Alarm_IRQHandler                     0x080001cb   Thumb Code     0  startup_stm32f411xe.o(.text)
    RTC_WKUP_IRQHandler                      0x080001cb   Thumb Code     0  startup_stm32f411xe.o(.text)
    SDIO_IRQHandler                          0x080001cb   Thumb Code     0  startup_stm32f411xe.o(.text)
    SPI1_IRQHandler                          0x080001cb   Thumb Code     0  startup_stm32f411xe.o(.text)
    SPI2_IRQHandler                          0x080001cb   Thumb Code     0  startup_stm32f411xe.o(.text)
    SPI3_IRQHandler                          0x080001cb   Thumb Code     0  startup_stm32f411xe.o(.text)
    SPI4_IRQHandler                          0x080001cb   Thumb Code     0  startup_stm32f411xe.o(.text)
    SPI5_IRQHandler                          0x080001cb   Thumb Code     0  startup_stm32f411xe.o(.text)
    TAMP_STAMP_IRQHandler                    0x080001cb   Thumb Code     0  startup_stm32f411xe.o(.text)
    TIM1_BRK_TIM9_IRQHandler                 0x080001cb   Thumb Code     0  startup_stm32f411xe.o(.text)
    TIM1_CC_IRQHandler                       0x080001cb   Thumb Code     0  startup_stm32f411xe.o(.text)
    TIM3_IRQHandler                          0x080001cb   Thumb Code     0  startup_stm32f411xe.o(.text)
    TIM4_IRQHandler                          0x080001cb   Thumb Code     0  startup_stm32f411xe.o(.text)
    USART2_IRQHandler                        0x080001cb   Thumb Code     0  startup_stm32f411xe.o(.text)
    WWDG_IRQHandler                          0x080001cb   Thumb Code     0  startup_stm32f411xe.o(.text)
    __aeabi_uldivmod                         0x080001d5   Thumb Code    98  uldiv.o(.text)
    __aeabi_memset                           0x08000237   Thumb Code    14  memseta.o(.text)
    __aeabi_memset4                          0x08000237   Thumb Code     0  memseta.o(.text)
    __aeabi_memset8                          0x08000237   Thumb Code     0  memseta.o(.text)
    __aeabi_memclr                           0x08000245   Thumb Code     4  memseta.o(.text)
    __aeabi_memclr4                          0x08000245   Thumb Code     0  memseta.o(.text)
    __aeabi_memclr8                          0x08000245   Thumb Code     0  memseta.o(.text)
    _memset$wrapper                          0x08000249   Thumb Code    18  memseta.o(.text)
    __aeabi_dadd                             0x0800025b   Thumb Code   322  dadd.o(.text)
    __aeabi_dsub                             0x0800039d   Thumb Code     6  dadd.o(.text)
    __aeabi_drsub                            0x080003a3   Thumb Code     6  dadd.o(.text)
    __aeabi_d2iz                             0x080003a9   Thumb Code    62  dfixi.o(.text)
    __aeabi_f2d                              0x080003e7   Thumb Code    38  f2d.o(.text)
    __aeabi_uidiv                            0x0800040d   Thumb Code     0  uidiv.o(.text)
    __aeabi_uidivmod                         0x0800040d   Thumb Code    44  uidiv.o(.text)
    __aeabi_llsl                             0x08000439   Thumb Code    30  llshl.o(.text)
    _ll_shift_l                              0x08000439   Thumb Code     0  llshl.o(.text)
    __aeabi_llsr                             0x08000457   Thumb Code    32  llushr.o(.text)
    _ll_ushift_r                             0x08000457   Thumb Code     0  llushr.o(.text)
    __aeabi_lasr                             0x08000477   Thumb Code    36  llsshr.o(.text)
    _ll_sshift_r                             0x08000477   Thumb Code     0  llsshr.o(.text)
    __I$use$fp                               0x0800049b   Thumb Code     0  iusefp.o(.text)
    _double_round                            0x0800049b   Thumb Code    30  depilogue.o(.text)
    _double_epilogue                         0x080004b9   Thumb Code   156  depilogue.o(.text)
    __aeabi_dmul                             0x08000555   Thumb Code   228  dmul.o(.text)
    __aeabi_ddiv                             0x08000639   Thumb Code   222  ddiv.o(.text)
    __aeabi_d2ulz                            0x08000717   Thumb Code    48  dfixul.o(.text)
    __aeabi_cdrcmple                         0x08000749   Thumb Code    48  cdrcmple.o(.text)
    __scatterload                            0x08000779   Thumb Code    28  init.o(.text)
    __scatterload_rt2                        0x08000779   Thumb Code     0  init.o(.text)
    BusFault_Handler                         0x0800079d   Thumb Code     4  stm32f4xx_it.o(i.BusFault_Handler)
    DMA2_Stream1_IRQHandler                  0x080007a1   Thumb Code    10  stm32f4xx_it.o(i.DMA2_Stream1_IRQHandler)
    DMA2_Stream2_IRQHandler                  0x080007b1   Thumb Code    10  stm32f4xx_it.o(i.DMA2_Stream2_IRQHandler)
    DMA2_Stream6_IRQHandler                  0x080007c1   Thumb Code    10  stm32f4xx_it.o(i.DMA2_Stream6_IRQHandler)
    DMA2_Stream7_IRQHandler                  0x080007d1   Thumb Code    10  stm32f4xx_it.o(i.DMA2_Stream7_IRQHandler)
    DebugMon_Handler                         0x080008eb   Thumb Code     2  stm32f4xx_it.o(i.DebugMon_Handler)
    Error_Handler                            0x080008ed   Thumb Code     6  main.o(i.Error_Handler)
    HAL_DMA_Abort                            0x080008f3   Thumb Code   172  stm32f4xx_hal_dma.o(i.HAL_DMA_Abort)
    HAL_DMA_Abort_IT                         0x0800099f   Thumb Code    40  stm32f4xx_hal_dma.o(i.HAL_DMA_Abort_IT)
    HAL_DMA_IRQHandler                       0x080009c9   Thumb Code   570  stm32f4xx_hal_dma.o(i.HAL_DMA_IRQHandler)
    HAL_DMA_Init                             0x08000c09   Thumb Code   232  stm32f4xx_hal_dma.o(i.HAL_DMA_Init)
    HAL_DMA_Start_IT                         0x08000cf5   Thumb Code   146  stm32f4xx_hal_dma.o(i.HAL_DMA_Start_IT)
    HAL_GPIO_Init                            0x08000d89   Thumb Code   424  stm32f4xx_hal_gpio.o(i.HAL_GPIO_Init)
    HAL_GPIO_TogglePin                       0x08000f51   Thumb Code    20  stm32f4xx_hal_gpio.o(i.HAL_GPIO_TogglePin)
    HAL_GPIO_WritePin                        0x08000f65   Thumb Code    12  stm32f4xx_hal_gpio.o(i.HAL_GPIO_WritePin)
    HAL_GetTick                              0x08000f71   Thumb Code     6  stm32f4xx_hal.o(i.HAL_GetTick)
    HAL_IncTick                              0x08000f7d   Thumb Code    16  stm32f4xx_hal.o(i.HAL_IncTick)
    HAL_Init                                 0x08000f95   Thumb Code    54  stm32f4xx_hal.o(i.HAL_Init)
    HAL_InitTick                             0x08000fd1   Thumb Code    64  stm32f4xx_hal.o(i.HAL_InitTick)
    HAL_MspInit                              0x0800101d   Thumb Code    68  stm32f4xx_hal_msp.o(i.HAL_MspInit)
    HAL_NVIC_EnableIRQ                       0x08001065   Thumb Code    32  stm32f4xx_hal_cortex.o(i.HAL_NVIC_EnableIRQ)
    HAL_NVIC_SetPriority                     0x08001085   Thumb Code   124  stm32f4xx_hal_cortex.o(i.HAL_NVIC_SetPriority)
    HAL_NVIC_SetPriorityGrouping             0x08001101   Thumb Code    32  stm32f4xx_hal_cortex.o(i.HAL_NVIC_SetPriorityGrouping)
    HAL_RCC_ClockConfig                      0x08001129   Thumb Code   368  stm32f4xx_hal_rcc.o(i.HAL_RCC_ClockConfig)
    HAL_RCC_GetHCLKFreq                      0x080012ad   Thumb Code     6  stm32f4xx_hal_rcc.o(i.HAL_RCC_GetHCLKFreq)
    HAL_RCC_GetPCLK1Freq                     0x080012b9   Thumb Code    22  stm32f4xx_hal_rcc.o(i.HAL_RCC_GetPCLK1Freq)
    HAL_RCC_GetPCLK2Freq                     0x080012d9   Thumb Code    22  stm32f4xx_hal_rcc.o(i.HAL_RCC_GetPCLK2Freq)
    HAL_RCC_GetSysClockFreq                  0x080012f9   Thumb Code   162  stm32f4xx_hal_rcc.o(i.HAL_RCC_GetSysClockFreq)
    HAL_RCC_OscConfig                        0x080013a9   Thumb Code  1172  stm32f4xx_hal_rcc.o(i.HAL_RCC_OscConfig)
    HAL_SYSTICK_Config                       0x08001845   Thumb Code    52  stm32f4xx_hal_cortex.o(i.HAL_SYSTICK_Config)
    HAL_TIMEx_BreakCallback                  0x08001879   Thumb Code     2  stm32f4xx_hal_tim_ex.o(i.HAL_TIMEx_BreakCallback)
    HAL_TIMEx_CommutCallback                 0x0800187b   Thumb Code     2  stm32f4xx_hal_tim_ex.o(i.HAL_TIMEx_CommutCallback)
    HAL_TIMEx_MasterConfigSynchronization    0x0800187d   Thumb Code   134  stm32f4xx_hal_tim_ex.o(i.HAL_TIMEx_MasterConfigSynchronization)
    HAL_TIM_Base_Init                        0x08001919   Thumb Code   102  stm32f4xx_hal_tim.o(i.HAL_TIM_Base_Init)
    HAL_TIM_Base_MspInit                     0x08001981   Thumb Code   120  stm32f4xx_hal_msp.o(i.HAL_TIM_Base_MspInit)
    HAL_TIM_Encoder_Init                     0x08001a05   Thumb Code   200  stm32f4xx_hal_tim.o(i.HAL_TIM_Encoder_Init)
    HAL_TIM_Encoder_MspInit                  0x08001acd   Thumb Code   300  stm32f4xx_hal_msp.o(i.HAL_TIM_Encoder_MspInit)
    HAL_TIM_Encoder_Start_IT                 0x08001c09   Thumb Code   252  stm32f4xx_hal_tim.o(i.HAL_TIM_Encoder_Start_IT)
    HAL_TIM_IC_CaptureCallback               0x08001d05   Thumb Code   118  encoder.o(i.HAL_TIM_IC_CaptureCallback)
    HAL_TIM_IC_Start_IT                      0x08001d99   Thumb Code   356  stm32f4xx_hal_tim.o(i.HAL_TIM_IC_Start_IT)
    HAL_TIM_IRQHandler                       0x08001f11   Thumb Code   406  stm32f4xx_hal_tim.o(i.HAL_TIM_IRQHandler)
    HAL_TIM_MspPostInit                      0x080020a9   Thumb Code   156  stm32f4xx_hal_msp.o(i.HAL_TIM_MspPostInit)
    HAL_TIM_OC_ConfigChannel                 0x08002159   Thumb Code   112  stm32f4xx_hal_tim.o(i.HAL_TIM_OC_ConfigChannel)
    HAL_TIM_OC_DelayElapsedCallback          0x080021c9   Thumb Code     2  stm32f4xx_hal_tim.o(i.HAL_TIM_OC_DelayElapsedCallback)
    HAL_TIM_OC_Init                          0x080021cb   Thumb Code   102  stm32f4xx_hal_tim.o(i.HAL_TIM_OC_Init)
    HAL_TIM_OC_MspInit                       0x08002231   Thumb Code    44  stm32f4xx_hal_msp.o(i.HAL_TIM_OC_MspInit)
    HAL_TIM_PWM_ConfigChannel                0x08002265   Thumb Code   260  stm32f4xx_hal_tim.o(i.HAL_TIM_PWM_ConfigChannel)
    HAL_TIM_PWM_Init                         0x08002369   Thumb Code   102  stm32f4xx_hal_tim.o(i.HAL_TIM_PWM_Init)
    HAL_TIM_PWM_MspInit                      0x080023d1   Thumb Code    88  stm32f4xx_hal_msp.o(i.HAL_TIM_PWM_MspInit)
    HAL_TIM_PWM_PulseFinishedCallback        0x08002435   Thumb Code     2  stm32f4xx_hal_tim.o(i.HAL_TIM_PWM_PulseFinishedCallback)
    HAL_TIM_PWM_Start                        0x08002439   Thumb Code   214  stm32f4xx_hal_tim.o(i.HAL_TIM_PWM_Start)
    HAL_TIM_PWM_Start_IT                     0x08002525   Thumb Code   296  stm32f4xx_hal_tim.o(i.HAL_TIM_PWM_Start_IT)
    HAL_TIM_PeriodElapsedCallback            0x08002661   Thumb Code     2  stm32f4xx_hal_tim.o(i.HAL_TIM_PeriodElapsedCallback)
    HAL_TIM_TriggerCallback                  0x08002663   Thumb Code     2  stm32f4xx_hal_tim.o(i.HAL_TIM_TriggerCallback)
    HAL_UARTEx_RxEventCallback               0x08002665   Thumb Code     2  stm32f4xx_hal_uart.o(i.HAL_UARTEx_RxEventCallback)
    HAL_UART_ErrorCallback                   0x08002667   Thumb Code     2  stm32f4xx_hal_uart.o(i.HAL_UART_ErrorCallback)
    HAL_UART_IRQHandler                      0x08002669   Thumb Code   732  stm32f4xx_hal_uart.o(i.HAL_UART_IRQHandler)
    HAL_UART_Init                            0x08002949   Thumb Code   114  stm32f4xx_hal_uart.o(i.HAL_UART_Init)
    HAL_UART_MspInit                         0x080029bd   Thumb Code   506  stm32f4xx_hal_msp.o(i.HAL_UART_MspInit)
    HAL_UART_RxCpltCallback                  0x08002bdd   Thumb Code     2  stm32f4xx_hal_uart.o(i.HAL_UART_RxCpltCallback)
    HAL_UART_Transmit_DMA                    0x08002be1   Thumb Code   160  stm32f4xx_hal_uart.o(i.HAL_UART_Transmit_DMA)
    HAL_UART_TxCpltCallback                  0x08002c8d   Thumb Code     2  stm32f4xx_hal_uart.o(i.HAL_UART_TxCpltCallback)
    HAL_UART_TxHalfCpltCallback              0x08002c8f   Thumb Code     2  stm32f4xx_hal_uart.o(i.HAL_UART_TxHalfCpltCallback)
    HardFault_Handler                        0x08002c91   Thumb Code     4  stm32f4xx_it.o(i.HardFault_Handler)
    MemManage_Handler                        0x080031e9   Thumb Code     4  stm32f4xx_it.o(i.MemManage_Handler)
    NMI_Handler                              0x080031ed   Thumb Code     4  stm32f4xx_it.o(i.NMI_Handler)
    OutDistance                              0x080031f1   Thumb Code    92  func.o(i.OutDistance)
    OutEnc                                   0x08003251   Thumb Code    58  func.o(i.OutEnc)
    OutPlot                                  0x08003291   Thumb Code    98  func.o(i.OutPlot)
    PendSV_Handler                           0x080032f9   Thumb Code     2  stm32f4xx_it.o(i.PendSV_Handler)
    SVC_Handler                              0x080032fb   Thumb Code     2  stm32f4xx_it.o(i.SVC_Handler)
    ServoWrite1                              0x080032fd   Thumb Code    24  func.o(i.ServoWrite1)
    ServoWrite2                              0x08003319   Thumb Code    24  func.o(i.ServoWrite2)
    ServoWrite3                              0x08003335   Thumb Code    24  func.o(i.ServoWrite3)
    ServoWrite4                              0x08003351   Thumb Code    24  func.o(i.ServoWrite4)
    SpeedCulcTick                            0x0800336d   Thumb Code    86  func.o(i.SpeedCulcTick)
    StartState                               0x080033e1   Thumb Code   348  func.o(i.StartState)
    SysTick_Handler                          0x08003599   Thumb Code   230  stm32f4xx_it.o(i.SysTick_Handler)
    SystemClock_Config                       0x08003699   Thumb Code   168  main.o(i.SystemClock_Config)
    SystemInit                               0x08003749   Thumb Code    14  system_stm32f4xx.o(i.SystemInit)
    TIM1_TRG_COM_TIM11_IRQHandler            0x0800375d   Thumb Code    38  stm32f4xx_it.o(i.TIM1_TRG_COM_TIM11_IRQHandler)
    TIM1_UP_TIM10_IRQHandler                 0x08003791   Thumb Code    34  stm32f4xx_it.o(i.TIM1_UP_TIM10_IRQHandler)
    TIM2_IRQHandler                          0x080037c5   Thumb Code    10  stm32f4xx_it.o(i.TIM2_IRQHandler)
    TIM5_IRQHandler                          0x080037d5   Thumb Code    10  stm32f4xx_it.o(i.TIM5_IRQHandler)
    TIM_Base_SetConfig                       0x080037e5   Thumb Code   134  stm32f4xx_hal_tim.o(i.TIM_Base_SetConfig)
    TIM_CCxChannelCmd                        0x08003889   Thumb Code    34  stm32f4xx_hal_tim.o(i.TIM_CCxChannelCmd)
    TIM_OC2_SetConfig                        0x0800390d   Thumb Code   100  stm32f4xx_hal_tim.o(i.TIM_OC2_SetConfig)
    TransmitOK                               0x08003a25   Thumb Code    42  func.o(i.TransmitOK)
    USART1_IRQHandler                        0x08003f59   Thumb Code   140  stm32f4xx_it.o(i.USART1_IRQHandler)
    USART6_IRQHandler                        0x08004005   Thumb Code    10  stm32f4xx_it.o(i.USART6_IRQHandler)
    Update                                   0x08004015   Thumb Code   906  func.o(i.Update)
    UpdatePIDLeft                            0x08004405   Thumb Code   208  pidvel.o(i.UpdatePIDLeft)
    UpdatePIDRight                           0x080044e9   Thumb Code   184  pidvel.o(i.UpdatePIDRight)
    UsageFault_Handler                       0x080045b9   Thumb Code     4  stm32f4xx_it.o(i.UsageFault_Handler)
    __0sprintf                               0x080045bd   Thumb Code    34  printfa.o(i.__0sprintf)
    __1sprintf                               0x080045bd   Thumb Code     0  printfa.o(i.__0sprintf)
    __2sprintf                               0x080045bd   Thumb Code     0  printfa.o(i.__0sprintf)
    __c89sprintf                             0x080045bd   Thumb Code     0  printfa.o(i.__0sprintf)
    sprintf                                  0x080045bd   Thumb Code     0  printfa.o(i.__0sprintf)
    __scatterload_copy                       0x0800461d   Thumb Code    14  handlers.o(i.__scatterload_copy)
    __scatterload_null                       0x0800462b   Thumb Code     2  handlers.o(i.__scatterload_null)
    __scatterload_zeroinit                   0x0800462d   Thumb Code    14  handlers.o(i.__scatterload_zeroinit)
    l_motor_back                             0x08004ed1   Thumb Code    30  func.o(i.l_motor_back)
    l_motor_forv                             0x08004ef9   Thumb Code    32  func.o(i.l_motor_forv)
    l_motor_stop                             0x08004f21   Thumb Code    24  func.o(i.l_motor_stop)
    main                                     0x08004f3d   Thumb Code   254  main.o(i.main)
    r_motor_back                             0x0800505d   Thumb Code    32  func.o(i.r_motor_back)
    r_motor_forv                             0x08005085   Thumb Code    32  func.o(i.r_motor_forv)
    r_motor_stop                             0x080050ad   Thumb Code    24  func.o(i.r_motor_stop)
    setMotorSpeeds                           0x080050c9   Thumb Code   108  func.o(i.setMotorSpeeds)
    AHBPrescTable                            0x0800513c   Data          16  system_stm32f4xx.o(.constdata)
    APBPrescTable                            0x0800514c   Data           8  system_stm32f4xx.o(.constdata)
    Region$$Table$$Base                      0x08005154   Number         0  anon$$obj.o(Region$$Table)
    Region$$Table$$Limit                     0x08005174   Number         0  anon$$obj.o(Region$$Table)
    LastCountR                               0x20000000   Data           4  func.o(.data)
    LastCountL                               0x20000004   Data           4  func.o(.data)
    flag                                     0x20000034   Data           1  main.o(.data)
    CountIn                                  0x20000035   Data           1  main.o(.data)
    CountR                                   0x20000038   Data           4  main.o(.data)
    CountL                                   0x2000003c   Data           4  main.o(.data)
    DistLeftM                                0x20000040   Data           4  main.o(.data)
    DistRightM                               0x20000044   Data           4  main.o(.data)
    SpeedLeftMS                              0x20000048   Data           4  main.o(.data)
    SpeedRightMS                             0x2000004c   Data           4  main.o(.data)
    TargetSpeedLeftMS                        0x20000050   Data           4  main.o(.data)
    TargetSpeedRightMS                       0x20000054   Data           4  main.o(.data)
    Time1                                    0x20000058   Data           4  main.o(.data)
    Time2                                    0x2000005c   Data           4  main.o(.data)
    SpeedTickR                               0x20000060   Data           4  main.o(.data)
    SpeedTickL                               0x20000064   Data           4  main.o(.data)
    length1                                  0x20000068   Data           4  main.o(.data)
    length2                                  0x2000006c   Data           4  main.o(.data)
    CountPosL1                               0x20000070   Data           1  main.o(.data)
    CountPosL2                               0x20000071   Data           1  main.o(.data)
    Kp                                       0x20000074   Data           4  main.o(.data)
    Kd                                       0x20000078   Data           4  main.o(.data)
    Ki                                       0x2000007c   Data           4  main.o(.data)
    Ko                                       0x20000080   Data           4  main.o(.data)
    CountSpace                               0x20000084   Data           1  main.o(.data)
    Servo5AngleRaw                           0x20000088   Data           4  main.o(.data)
    CountTest                                0x2000008c   Data           4  main.o(.data)
    uwTick                                   0x2000009c   Data           4  stm32f4xx_hal.o(.data)
    uwTickPrio                               0x200000a0   Data           4  stm32f4xx_hal.o(.data)
    uwTickFreq                               0x200000a4   Data           1  stm32f4xx_hal.o(.data)
    SystemCoreClock                          0x200000a8   Data           4  system_stm32f4xx.o(.data)
    htim2                                    0x200000ac   Data          72  main.o(.bss)
    htim3                                    0x200000f4   Data          72  main.o(.bss)
    htim4                                    0x2000013c   Data          72  main.o(.bss)
    htim5                                    0x20000184   Data          72  main.o(.bss)
    htim9                                    0x200001cc   Data          72  main.o(.bss)
    htim10                                   0x20000214   Data          72  main.o(.bss)
    htim11                                   0x2000025c   Data          72  main.o(.bss)
    huart1                                   0x200002a4   Data          68  main.o(.bss)
    huart6                                   0x200002e8   Data          68  main.o(.bss)
    hdma_usart1_rx                           0x2000032c   Data          96  main.o(.bss)
    hdma_usart1_tx                           0x2000038c   Data          96  main.o(.bss)
    hdma_usart6_tx                           0x200003ec   Data          96  main.o(.bss)
    hdma_usart6_rx                           0x2000044c   Data          96  main.o(.bss)
    RxBuf                                    0x200004ac   Data          32  main.o(.bss)
    TxBuf                                    0x200004cc   Data          50  main.o(.bss)
    SmaBufT1                                 0x200004fe   Data          20  main.o(.bss)
    SmaBufT2                                 0x20000512   Data          20  main.o(.bss)
    ServoDeg                                 0x20000526   Data          10  main.o(.bss)
    __initial_sp                             0x20000930   Data           0  startup_stm32f411xe.o(STACK)



==============================================================================

Memory Map of the image

  Image Entry point : 0x08000199

  Load Region LR_IROM1 (Base: 0x08000000, Size: 0x00005220, Max: 0x00080000, ABSOLUTE)

    Execution Region ER_IROM1 (Exec base: 0x08000000, Load base: 0x08000000, Size: 0x00005174, Max: 0x00080000, ABSOLUTE)

    Exec Addr    Load Addr    Size         Type   Attr      Idx    E Section Name        Object

    0x08000000   0x08000000   0x00000198   Data   RO            3    RESET               startup_stm32f411xe.o
    0x08000198   0x08000198   0x00000000   Code   RO         3333  * .ARM.Collect$$$$00000000  mc_w.l(entry.o)
    0x08000198   0x08000198   0x00000004   Code   RO         3607    .ARM.Collect$$$$00000001  mc_w.l(entry2.o)
    0x0800019c   0x0800019c   0x00000004   Code   RO         3610    .ARM.Collect$$$$00000004  mc_w.l(entry5.o)
    0x080001a0   0x080001a0   0x00000000   Code   RO         3612    .ARM.Collect$$$$00000008  mc_w.l(entry7b.o)
    0x080001a0   0x080001a0   0x00000000   Code   RO         3614    .ARM.Collect$$$$0000000A  mc_w.l(entry8b.o)
    0x080001a0   0x080001a0   0x00000008   Code   RO         3615    .ARM.Collect$$$$0000000B  mc_w.l(entry9a.o)
    0x080001a8   0x080001a8   0x00000004   Code   RO         3622    .ARM.Collect$$$$0000000E  mc_w.l(entry12b.o)
    0x080001ac   0x080001ac   0x00000000   Code   RO         3617    .ARM.Collect$$$$0000000F  mc_w.l(entry10a.o)
    0x080001ac   0x080001ac   0x00000000   Code   RO         3619    .ARM.Collect$$$$00000011  mc_w.l(entry11a.o)
    0x080001ac   0x080001ac   0x00000004   Code   RO         3608    .ARM.Collect$$$$00002712  mc_w.l(entry2.o)
    0x080001b0   0x080001b0   0x00000024   Code   RO            4    .text               startup_stm32f411xe.o
    0x080001d4   0x080001d4   0x00000062   Code   RO         3336    .text               mc_w.l(uldiv.o)
    0x08000236   0x08000236   0x00000024   Code   RO         3338    .text               mc_w.l(memseta.o)
    0x0800025a   0x0800025a   0x0000014e   Code   RO         3601    .text               mf_w.l(dadd.o)
    0x080003a8   0x080003a8   0x0000003e   Code   RO         3603    .text               mf_w.l(dfixi.o)
    0x080003e6   0x080003e6   0x00000026   Code   RO         3605    .text               mf_w.l(f2d.o)
    0x0800040c   0x0800040c   0x0000002c   Code   RO         3626    .text               mc_w.l(uidiv.o)
    0x08000438   0x08000438   0x0000001e   Code   RO         3628    .text               mc_w.l(llshl.o)
    0x08000456   0x08000456   0x00000020   Code   RO         3630    .text               mc_w.l(llushr.o)
    0x08000476   0x08000476   0x00000024   Code   RO         3632    .text               mc_w.l(llsshr.o)
    0x0800049a   0x0800049a   0x00000000   Code   RO         3634    .text               mc_w.l(iusefp.o)
    0x0800049a   0x0800049a   0x000000ba   Code   RO         3635    .text               mf_w.l(depilogue.o)
    0x08000554   0x08000554   0x000000e4   Code   RO         3637    .text               mf_w.l(dmul.o)
    0x08000638   0x08000638   0x000000de   Code   RO         3639    .text               mf_w.l(ddiv.o)
    0x08000716   0x08000716   0x00000030   Code   RO         3641    .text               mf_w.l(dfixul.o)
    0x08000746   0x08000746   0x00000002   PAD
    0x08000748   0x08000748   0x00000030   Code   RO         3643    .text               mf_w.l(cdrcmple.o)
    0x08000778   0x08000778   0x00000024   Code   RO         3645    .text               mc_w.l(init.o)
    0x0800079c   0x0800079c   0x00000004   Code   RO          450    i.BusFault_Handler  stm32f4xx_it.o
    0x080007a0   0x080007a0   0x00000010   Code   RO          451    i.DMA2_Stream1_IRQHandler  stm32f4xx_it.o
    0x080007b0   0x080007b0   0x00000010   Code   RO          452    i.DMA2_Stream2_IRQHandler  stm32f4xx_it.o
    0x080007c0   0x080007c0   0x00000010   Code   RO          453    i.DMA2_Stream6_IRQHandler  stm32f4xx_it.o
    0x080007d0   0x080007d0   0x00000010   Code   RO          454    i.DMA2_Stream7_IRQHandler  stm32f4xx_it.o
    0x080007e0   0x080007e0   0x00000034   Code   RO         2230    i.DMA_CalcBaseAndBitshift  stm32f4xx_hal_dma.o
    0x08000814   0x08000814   0x000000aa   Code   RO         2231    i.DMA_CheckFifoParam  stm32f4xx_hal_dma.o
    0x080008be   0x080008be   0x0000002c   Code   RO         2232    i.DMA_SetConfig     stm32f4xx_hal_dma.o
    0x080008ea   0x080008ea   0x00000002   Code   RO          455    i.DebugMon_Handler  stm32f4xx_it.o
    0x080008ec   0x080008ec   0x00000006   Code   RO          346    i.Error_Handler     main.o
    0x080008f2   0x080008f2   0x000000ac   Code   RO         2233    i.HAL_DMA_Abort     stm32f4xx_hal_dma.o
    0x0800099e   0x0800099e   0x00000028   Code   RO         2234    i.HAL_DMA_Abort_IT  stm32f4xx_hal_dma.o
    0x080009c6   0x080009c6   0x00000002   PAD
    0x080009c8   0x080009c8   0x00000240   Code   RO         2238    i.HAL_DMA_IRQHandler  stm32f4xx_hal_dma.o
    0x08000c08   0x08000c08   0x000000ec   Code   RO         2239    i.HAL_DMA_Init      stm32f4xx_hal_dma.o
    0x08000cf4   0x08000cf4   0x00000092   Code   RO         2243    i.HAL_DMA_Start_IT  stm32f4xx_hal_dma.o
    0x08000d86   0x08000d86   0x00000002   PAD
    0x08000d88   0x08000d88   0x000001c8   Code   RO         2126    i.HAL_GPIO_Init     stm32f4xx_hal_gpio.o
    0x08000f50   0x08000f50   0x00000014   Code   RO         2129    i.HAL_GPIO_TogglePin  stm32f4xx_hal_gpio.o
    0x08000f64   0x08000f64   0x0000000c   Code   RO         2130    i.HAL_GPIO_WritePin  stm32f4xx_hal_gpio.o
    0x08000f70   0x08000f70   0x0000000c   Code   RO         2687    i.HAL_GetTick       stm32f4xx_hal.o
    0x08000f7c   0x08000f7c   0x00000018   Code   RO         2693    i.HAL_IncTick       stm32f4xx_hal.o
    0x08000f94   0x08000f94   0x0000003c   Code   RO         2694    i.HAL_Init          stm32f4xx_hal.o
    0x08000fd0   0x08000fd0   0x0000004c   Code   RO         2695    i.HAL_InitTick      stm32f4xx_hal.o
    0x0800101c   0x0800101c   0x00000048   Code   RO          587    i.HAL_MspInit       stm32f4xx_hal_msp.o
    0x08001064   0x08001064   0x00000020   Code   RO         2539    i.HAL_NVIC_EnableIRQ  stm32f4xx_hal_cortex.o
    0x08001084   0x08001084   0x0000007c   Code   RO         2545    i.HAL_NVIC_SetPriority  stm32f4xx_hal_cortex.o
    0x08001100   0x08001100   0x00000028   Code   RO         2546    i.HAL_NVIC_SetPriorityGrouping  stm32f4xx_hal_cortex.o
    0x08001128   0x08001128   0x00000184   Code   RO         1663    i.HAL_RCC_ClockConfig  stm32f4xx_hal_rcc.o
    0x080012ac   0x080012ac   0x0000000c   Code   RO         1668    i.HAL_RCC_GetHCLKFreq  stm32f4xx_hal_rcc.o
    0x080012b8   0x080012b8   0x00000020   Code   RO         1670    i.HAL_RCC_GetPCLK1Freq  stm32f4xx_hal_rcc.o
    0x080012d8   0x080012d8   0x00000020   Code   RO         1671    i.HAL_RCC_GetPCLK2Freq  stm32f4xx_hal_rcc.o
    0x080012f8   0x080012f8   0x000000b0   Code   RO         1672    i.HAL_RCC_GetSysClockFreq  stm32f4xx_hal_rcc.o
    0x080013a8   0x080013a8   0x0000049c   Code   RO         1675    i.HAL_RCC_OscConfig  stm32f4xx_hal_rcc.o
    0x08001844   0x08001844   0x00000034   Code   RO         2550    i.HAL_SYSTICK_Config  stm32f4xx_hal_cortex.o
    0x08001878   0x08001878   0x00000002   Code   RO         1395    i.HAL_TIMEx_BreakCallback  stm32f4xx_hal_tim_ex.o
    0x0800187a   0x0800187a   0x00000002   Code   RO         1396    i.HAL_TIMEx_CommutCallback  stm32f4xx_hal_tim_ex.o
    0x0800187c   0x0800187c   0x0000009c   Code   RO         1414    i.HAL_TIMEx_MasterConfigSynchronization  stm32f4xx_hal_tim_ex.o
    0x08001918   0x08001918   0x00000066   Code   RO          680    i.HAL_TIM_Base_Init  stm32f4xx_hal_tim.o
    0x0800197e   0x0800197e   0x00000002   PAD
    0x08001980   0x08001980   0x00000084   Code   RO          589    i.HAL_TIM_Base_MspInit  stm32f4xx_hal_msp.o
    0x08001a04   0x08001a04   0x000000c8   Code   RO          701    i.HAL_TIM_Encoder_Init  stm32f4xx_hal_tim.o
    0x08001acc   0x08001acc   0x0000013c   Code   RO          591    i.HAL_TIM_Encoder_MspInit  stm32f4xx_hal_msp.o
    0x08001c08   0x08001c08   0x000000fc   Code   RO          706    i.HAL_TIM_Encoder_Start_IT  stm32f4xx_hal_tim.o
    0x08001d04   0x08001d04   0x00000094   Code   RO          261    i.HAL_TIM_IC_CaptureCallback  encoder.o
    0x08001d98   0x08001d98   0x00000178   Code   RO          724    i.HAL_TIM_IC_Start_IT  stm32f4xx_hal_tim.o
    0x08001f10   0x08001f10   0x00000196   Code   RO          728    i.HAL_TIM_IRQHandler  stm32f4xx_hal_tim.o
    0x080020a6   0x080020a6   0x00000002   PAD
    0x080020a8   0x080020a8   0x000000b0   Code   RO          592    i.HAL_TIM_MspPostInit  stm32f4xx_hal_msp.o
    0x08002158   0x08002158   0x00000070   Code   RO          729    i.HAL_TIM_OC_ConfigChannel  stm32f4xx_hal_tim.o
    0x080021c8   0x080021c8   0x00000002   Code   RO          731    i.HAL_TIM_OC_DelayElapsedCallback  stm32f4xx_hal_tim.o
    0x080021ca   0x080021ca   0x00000066   Code   RO          733    i.HAL_TIM_OC_Init   stm32f4xx_hal_tim.o
    0x08002230   0x08002230   0x00000034   Code   RO          594    i.HAL_TIM_OC_MspInit  stm32f4xx_hal_msp.o
    0x08002264   0x08002264   0x00000104   Code   RO          752    i.HAL_TIM_PWM_ConfigChannel  stm32f4xx_hal_tim.o
    0x08002368   0x08002368   0x00000066   Code   RO          755    i.HAL_TIM_PWM_Init  stm32f4xx_hal_tim.o
    0x080023ce   0x080023ce   0x00000002   PAD
    0x080023d0   0x080023d0   0x00000064   Code   RO          596    i.HAL_TIM_PWM_MspInit  stm32f4xx_hal_msp.o
    0x08002434   0x08002434   0x00000002   Code   RO          758    i.HAL_TIM_PWM_PulseFinishedCallback  stm32f4xx_hal_tim.o
    0x08002436   0x08002436   0x00000002   PAD
    0x08002438   0x08002438   0x000000ec   Code   RO          760    i.HAL_TIM_PWM_Start  stm32f4xx_hal_tim.o
    0x08002524   0x08002524   0x0000013c   Code   RO          762    i.HAL_TIM_PWM_Start_IT  stm32f4xx_hal_tim.o
    0x08002660   0x08002660   0x00000002   Code   RO          766    i.HAL_TIM_PeriodElapsedCallback  stm32f4xx_hal_tim.o
    0x08002662   0x08002662   0x00000002   Code   RO          771    i.HAL_TIM_TriggerCallback  stm32f4xx_hal_tim.o
    0x08002664   0x08002664   0x00000002   Code   RO         2943    i.HAL_UARTEx_RxEventCallback  stm32f4xx_hal_uart.o
    0x08002666   0x08002666   0x00000002   Code   RO         2957    i.HAL_UART_ErrorCallback  stm32f4xx_hal_uart.o
    0x08002668   0x08002668   0x000002e0   Code   RO         2960    i.HAL_UART_IRQHandler  stm32f4xx_hal_uart.o
    0x08002948   0x08002948   0x00000072   Code   RO         2961    i.HAL_UART_Init     stm32f4xx_hal_uart.o
    0x080029ba   0x080029ba   0x00000002   PAD
    0x080029bc   0x080029bc   0x00000220   Code   RO          598    i.HAL_UART_MspInit  stm32f4xx_hal_msp.o
    0x08002bdc   0x08002bdc   0x00000002   Code   RO         2967    i.HAL_UART_RxCpltCallback  stm32f4xx_hal_uart.o
    0x08002bde   0x08002bde   0x00000002   PAD
    0x08002be0   0x08002be0   0x000000ac   Code   RO         2970    i.HAL_UART_Transmit_DMA  stm32f4xx_hal_uart.o
    0x08002c8c   0x08002c8c   0x00000002   Code   RO         2972    i.HAL_UART_TxCpltCallback  stm32f4xx_hal_uart.o
    0x08002c8e   0x08002c8e   0x00000002   Code   RO         2973    i.HAL_UART_TxHalfCpltCallback  stm32f4xx_hal_uart.o
    0x08002c90   0x08002c90   0x00000004   Code   RO          456    i.HardFault_Handler  stm32f4xx_it.o
    0x08002c94   0x08002c94   0x00000068   Code   RO          347    i.MX_DMA_Init       main.o
    0x08002cfc   0x08002cfc   0x000000e4   Code   RO          348    i.MX_GPIO_Init      main.o
    0x08002de0   0x08002de0   0x00000014   Code   RO          349    i.MX_NVIC_Init      main.o
    0x08002df4   0x08002df4   0x00000068   Code   RO          350    i.MX_TIM10_Init     main.o
    0x08002e5c   0x08002e5c   0x00000064   Code   RO          351    i.MX_TIM11_Init     main.o
    0x08002ec0   0x08002ec0   0x00000088   Code   RO          352    i.MX_TIM2_Init      main.o
    0x08002f48   0x08002f48   0x00000074   Code   RO          353    i.MX_TIM3_Init      main.o
    0x08002fbc   0x08002fbc   0x000000ac   Code   RO          354    i.MX_TIM4_Init      main.o
    0x08003068   0x08003068   0x00000078   Code   RO          355    i.MX_TIM5_Init      main.o
    0x080030e0   0x080030e0   0x00000070   Code   RO          356    i.MX_TIM9_Init      main.o
    0x08003150   0x08003150   0x00000060   Code   RO          357    i.MX_USART1_UART_Init  main.o
    0x080031b0   0x080031b0   0x00000038   Code   RO          358    i.MX_USART6_UART_Init  main.o
    0x080031e8   0x080031e8   0x00000004   Code   RO          457    i.MemManage_Handler  stm32f4xx_it.o
    0x080031ec   0x080031ec   0x00000004   Code   RO          458    i.NMI_Handler       stm32f4xx_it.o
    0x080031f0   0x080031f0   0x00000060   Code   RO           13    i.OutDistance       func.o
    0x08003250   0x08003250   0x00000040   Code   RO           14    i.OutEnc            func.o
    0x08003290   0x08003290   0x00000068   Code   RO           15    i.OutPlot           func.o
    0x080032f8   0x080032f8   0x00000002   Code   RO          459    i.PendSV_Handler    stm32f4xx_it.o
    0x080032fa   0x080032fa   0x00000002   Code   RO          460    i.SVC_Handler       stm32f4xx_it.o
    0x080032fc   0x080032fc   0x0000001c   Code   RO           17    i.ServoWrite1       func.o
    0x08003318   0x08003318   0x0000001c   Code   RO           18    i.ServoWrite2       func.o
    0x08003334   0x08003334   0x0000001c   Code   RO           19    i.ServoWrite3       func.o
    0x08003350   0x08003350   0x0000001c   Code   RO           20    i.ServoWrite4       func.o
    0x0800336c   0x0800336c   0x00000074   Code   RO           22    i.SpeedCulcTick     func.o
    0x080033e0   0x080033e0   0x000001b8   Code   RO           23    i.StartState        func.o
    0x08003598   0x08003598   0x00000100   Code   RO          461    i.SysTick_Handler   stm32f4xx_it.o
    0x08003698   0x08003698   0x000000b0   Code   RO          359    i.SystemClock_Config  main.o
    0x08003748   0x08003748   0x00000014   Code   RO         3300    i.SystemInit        system_stm32f4xx.o
    0x0800375c   0x0800375c   0x00000034   Code   RO          462    i.TIM1_TRG_COM_TIM11_IRQHandler  stm32f4xx_it.o
    0x08003790   0x08003790   0x00000034   Code   RO          463    i.TIM1_UP_TIM10_IRQHandler  stm32f4xx_it.o
    0x080037c4   0x080037c4   0x00000010   Code   RO          464    i.TIM2_IRQHandler   stm32f4xx_it.o
    0x080037d4   0x080037d4   0x00000010   Code   RO          465    i.TIM5_IRQHandler   stm32f4xx_it.o
    0x080037e4   0x080037e4   0x000000a4   Code   RO          773    i.TIM_Base_SetConfig  stm32f4xx_hal_tim.o
    0x08003888   0x08003888   0x00000022   Code   RO          774    i.TIM_CCxChannelCmd  stm32f4xx_hal_tim.o
    0x080038aa   0x080038aa   0x00000002   PAD
    0x080038ac   0x080038ac   0x00000060   Code   RO          786    i.TIM_OC1_SetConfig  stm32f4xx_hal_tim.o
    0x0800390c   0x0800390c   0x00000068   Code   RO          787    i.TIM_OC2_SetConfig  stm32f4xx_hal_tim.o
    0x08003974   0x08003974   0x00000068   Code   RO          788    i.TIM_OC3_SetConfig  stm32f4xx_hal_tim.o
    0x080039dc   0x080039dc   0x00000048   Code   RO          789    i.TIM_OC4_SetConfig  stm32f4xx_hal_tim.o
    0x08003a24   0x08003a24   0x00000034   Code   RO           24    i.TransmitOK        func.o
    0x08003a58   0x08003a58   0x00000014   Code   RO         2974    i.UART_DMAAbortOnError  stm32f4xx_hal_uart.o
    0x08003a6c   0x08003a6c   0x00000050   Code   RO         2975    i.UART_DMAError     stm32f4xx_hal_uart.o
    0x08003abc   0x08003abc   0x00000058   Code   RO         2980    i.UART_DMATransmitCplt  stm32f4xx_hal_uart.o
    0x08003b14   0x08003b14   0x0000000e   Code   RO         2982    i.UART_DMATxHalfCplt  stm32f4xx_hal_uart.o
    0x08003b22   0x08003b22   0x0000006c   Code   RO         2984    i.UART_EndRxTransfer  stm32f4xx_hal_uart.o
    0x08003b8e   0x08003b8e   0x00000020   Code   RO         2985    i.UART_EndTransmit_IT  stm32f4xx_hal_uart.o
    0x08003bae   0x08003bae   0x00000026   Code   RO         2986    i.UART_EndTxTransfer  stm32f4xx_hal_uart.o
    0x08003bd4   0x08003bd4   0x000000f8   Code   RO         2987    i.UART_Receive_IT   stm32f4xx_hal_uart.o
    0x08003ccc   0x08003ccc   0x0000022c   Code   RO         2988    i.UART_SetConfig    stm32f4xx_hal_uart.o
    0x08003ef8   0x08003ef8   0x00000060   Code   RO         2991    i.UART_Transmit_IT  stm32f4xx_hal_uart.o
    0x08003f58   0x08003f58   0x000000ac   Code   RO          466    i.USART1_IRQHandler  stm32f4xx_it.o
    0x08004004   0x08004004   0x00000010   Code   RO          467    i.USART6_IRQHandler  stm32f4xx_it.o
    0x08004014   0x08004014   0x000003f0   Code   RO           25    i.Update            func.o
    0x08004404   0x08004404   0x000000e4   Code   RO          293    i.UpdatePIDLeft     pidvel.o
    0x080044e8   0x080044e8   0x000000d0   Code   RO          294    i.UpdatePIDRight    pidvel.o
    0x080045b8   0x080045b8   0x00000004   Code   RO          468    i.UsageFault_Handler  stm32f4xx_it.o
    0x080045bc   0x080045bc   0x00000028   Code   RO         3575    i.__0sprintf        mc_w.l(printfa.o)
    0x080045e4   0x080045e4   0x00000010   Code   RO         2552    i.__NVIC_GetPriorityGrouping  stm32f4xx_hal_cortex.o
    0x080045f4   0x080045f4   0x00000028   Code   RO         2553    i.__NVIC_SetPriority  stm32f4xx_hal_cortex.o
    0x0800461c   0x0800461c   0x0000000e   Code   RO         3651    i.__scatterload_copy  mc_w.l(handlers.o)
    0x0800462a   0x0800462a   0x00000002   Code   RO         3652    i.__scatterload_null  mc_w.l(handlers.o)
    0x0800462c   0x0800462c   0x0000000e   Code   RO         3653    i.__scatterload_zeroinit  mc_w.l(handlers.o)
    0x0800463a   0x0800463a   0x00000002   PAD
    0x0800463c   0x0800463c   0x00000184   Code   RO         3580    i._fp_digits        mc_w.l(printfa.o)
    0x080047c0   0x080047c0   0x000006b4   Code   RO         3581    i._printf_core      mc_w.l(printfa.o)
    0x08004e74   0x08004e74   0x00000024   Code   RO         3582    i._printf_post_padding  mc_w.l(printfa.o)
    0x08004e98   0x08004e98   0x0000002e   Code   RO         3583    i._printf_pre_padding  mc_w.l(printfa.o)
    0x08004ec6   0x08004ec6   0x0000000a   Code   RO         3585    i._sputc            mc_w.l(printfa.o)
    0x08004ed0   0x08004ed0   0x00000028   Code   RO           26    i.l_motor_back      func.o
    0x08004ef8   0x08004ef8   0x00000028   Code   RO           27    i.l_motor_forv      func.o
    0x08004f20   0x08004f20   0x0000001c   Code   RO           28    i.l_motor_stop      func.o
    0x08004f3c   0x08004f3c   0x00000120   Code   RO          360    i.main              main.o
    0x0800505c   0x0800505c   0x00000028   Code   RO           29    i.r_motor_back      func.o
    0x08005084   0x08005084   0x00000028   Code   RO           30    i.r_motor_forv      func.o
    0x080050ac   0x080050ac   0x0000001c   Code   RO           31    i.r_motor_stop      func.o
    0x080050c8   0x080050c8   0x0000006c   Code   RO           32    i.setMotorSpeeds    func.o
    0x08005134   0x08005134   0x00000008   Data   RO         2245    .constdata          stm32f4xx_hal_dma.o
    0x0800513c   0x0800513c   0x00000018   Data   RO         3301    .constdata          system_stm32f4xx.o
    0x08005154   0x08005154   0x00000020   Data   RO         3649    Region$$Table       anon$$obj.o


    Execution Region RW_IRAM1 (Exec base: 0x20000000, Load base: 0x08005174, Size: 0x00000930, Max: 0x00020000, ABSOLUTE)

    Exec Addr    Load Addr    Size         Type   Attr      Idx    E Section Name        Object

    0x20000000   0x08005174   0x00000010   Data   RW           33    .data               func.o
    0x20000010   0x08005184   0x00000022   Data   RW          295    .data               pidvel.o
    0x20000032   0x080051a6   0x00000002   PAD
    0x20000034   0x080051a8   0x0000005c   Data   RW          362    .data               main.o
    0x20000090   0x08005204   0x0000000a   Data   RW          469    .data               stm32f4xx_it.o
    0x2000009a   0x0800520e   0x00000002   PAD
    0x2000009c   0x08005210   0x00000009   Data   RW         2701    .data               stm32f4xx_hal.o
    0x200000a5   0x08005219   0x00000003   PAD
    0x200000a8   0x0800521c   0x00000004   Data   RW         3302    .data               system_stm32f4xx.o
    0x200000ac        -       0x00000484   Zero   RW          361    .bss                main.o
    0x20000530        -       0x00000400   Zero   RW            1    STACK               startup_stm32f411xe.o


==============================================================================

Image component sizes


      Code (inc. data)   RO Data    RW Data    ZI Data      Debug   Object Name

       148         30          0          0          0       1410   encoder.o
      2316        326          0         16          0     431273   func.o
      1834        140          0         92       1156      40740   main.o
       436         44          0         34          0       1745   pidvel.o
        36          8        408          0       1024        832   startup_stm32f411xe.o
       172         32          0          9          0       8593   stm32f4xx_hal.o
       304         22          0          0          0      34427   stm32f4xx_hal_cortex.o
      1436         16          8          0          0       6994   stm32f4xx_hal_dma.o
       488         32          0          0          0       2717   stm32f4xx_hal_gpio.o
      1392        110          0          0          0       5701   stm32f4xx_hal_msp.o
      1820         84          0          0          0       5600   stm32f4xx_hal_rcc.o
      3046        112          0          0          0      16901   stm32f4xx_hal_tim.o
       160         22          0          0          0       2473   stm32f4xx_hal_tim_ex.o
      2312         26          0          0          0      13522   stm32f4xx_hal_uart.o
       670        132          0         10          0       9481   stm32f4xx_it.o
        20          6         24          4          0       1115   system_stm32f4xx.o

    ----------------------------------------------------------------------
     16608       1142        472        172       2180     583524   Object Totals
         0          0         32          0          0          0   (incl. Generated)
        18          0          0          7          0          0   (incl. Padding)

    ----------------------------------------------------------------------

      Code (inc. data)   RO Data    RW Data    ZI Data      Debug   Library Member Name

         0          0          0          0          0          0   entry.o
         0          0          0          0          0          0   entry10a.o
         0          0          0          0          0          0   entry11a.o
         4          0          0          0          0          0   entry12b.o
         8          4          0          0          0          0   entry2.o
         4          0          0          0          0          0   entry5.o
         0          0          0          0          0          0   entry7b.o
         0          0          0          0          0          0   entry8b.o
         8          4          0          0          0          0   entry9a.o
        30          0          0          0          0          0   handlers.o
        36          8          0          0          0         68   init.o
         0          0          0          0          0          0   iusefp.o
        30          0          0          0          0         68   llshl.o
        36          0          0          0          0         68   llsshr.o
        32          0          0          0          0         68   llushr.o
        36          0          0          0          0        108   memseta.o
      2236         86          0          0          0        532   printfa.o
        44          0          0          0          0         80   uidiv.o
        98          0          0          0          0         92   uldiv.o
        48          0          0          0          0         68   cdrcmple.o
       334          0          0          0          0        148   dadd.o
       222          0          0          0          0        100   ddiv.o
       186          0          0          0          0        176   depilogue.o
        62          0          0          0          0         80   dfixi.o
        48          0          0          0          0         68   dfixul.o
       228          0          0          0          0         96   dmul.o
        38          0          0          0          0         68   f2d.o

    ----------------------------------------------------------------------
      3772        102          0          0          0       1888   Library Totals
         4          0          0          0          0          0   (incl. Padding)

    ----------------------------------------------------------------------

      Code (inc. data)   RO Data    RW Data    ZI Data      Debug   Library Name

      2602        102          0          0          0       1084   mc_w.l
      1166          0          0          0          0        804   mf_w.l

    ----------------------------------------------------------------------
      3772        102          0          0          0       1888   Library Totals

    ----------------------------------------------------------------------

==============================================================================


      Code (inc. data)   RO Data    RW Data    ZI Data      Debug   

     20380       1244        472        172       2180     572380   Grand Totals
     20380       1244        472        172       2180     572380   ELF Image Totals
     20380       1244        472        172          0          0   ROM Totals

==============================================================================

    Total RO  Size (Code + RO Data)                20852 (  20.36kB)
    Total RW  Size (RW Data + ZI Data)              2352 (   2.30kB)
    Total ROM Size (Code + RO Data + RW Data)      21024 (  20.53kB)

==============================================================================

