../Application/User/Core/Func.c:18:6:StartState	8	static
../Application/User/Core/Func.c:58:6:r_motor_forv	16	static
../Application/User/Core/Func.c:65:6:r_motor_back	16	static
../Application/User/Core/Func.c:72:6:r_motor_stop	8	static
../Application/User/Core/Func.c:79:6:ServoWrite1	24	static
../Application/User/Core/Func.c:85:6:ServoWrite2	24	static
../Application/User/Core/Func.c:91:6:ServoWrite3	24	static
../Application/User/Core/Func.c:97:6:ServoWrite4	24	static
../Application/User/Core/Func.c:103:6:ServoWrite5	24	static
../Application/User/Core/Func.c:109:6:Update	16	static
../Application/User/Core/Func.c:193:9:SMA	40	static
