../../Drivers/CMSIS/Include/core_cm4.h:1688:22:__NVIC_EnableIRQ	16	static
C:/STM32/Projects/RTC_Sochi/Sochi/Core/Src/main.c:104:5:main	8	static
C:/STM32/Projects/RTC_Sochi/Sochi/Core/Src/main.c:173:6:SystemClock_Config	88	static
C:/STM32/Projects/RTC_Sochi/Sochi/Core/Src/main.c:219:13:MX_NVIC_Init	8	static
C:/STM32/Projects/RTC_Sochi/Sochi/Core/Src/main.c:231:13:MX_TIM2_Init	56	static
C:/STM32/Projects/RTC_Sochi/Sochi/Core/Src/main.c:280:13:MX_TIM3_Init	48	static
C:/STM32/Projects/RTC_Sochi/Sochi/Core/Src/main.c:356:13:MX_TIM4_Init	48	static
C:/STM32/Projects/RTC_Sochi/Sochi/Core/Src/main.c:417:13:MX_TIM5_Init	56	static
C:/STM32/Projects/RTC_Sochi/Sochi/Core/Src/main.c:466:13:MX_TIM9_Init	40	static
C:/STM32/Projects/RTC_Sochi/Sochi/Core/Src/main.c:512:13:MX_TIM10_Init	40	static
C:/STM32/Projects/RTC_Sochi/Sochi/Core/Src/main.c:557:13:MX_TIM11_Init	40	static
C:/STM32/Projects/RTC_Sochi/Sochi/Core/Src/main.c:602:13:MX_USART1_UART_Init	8	static
C:/STM32/Projects/RTC_Sochi/Sochi/Core/Src/main.c:634:13:MX_DMA_Init	16	static
C:/STM32/Projects/RTC_Sochi/Sochi/Core/Src/main.c:655:13:MX_GPIO_Init	40	static
C:/STM32/Projects/RTC_Sochi/Sochi/Core/Src/main.c:708:6:Error_Handler	4	static,ignoring_inline_asm
