../Application/User/Core/stm32f4xx_it.c:80:6:NMI_Handler	4	static
../Application/User/Core/stm32f4xx_it.c:95:6:HardFault_Handler	4	static
../Application/User/Core/stm32f4xx_it.c:110:6:MemManage_Handler	4	static
../Application/User/Core/stm32f4xx_it.c:125:6:BusFault_Handler	4	static
../Application/User/Core/stm32f4xx_it.c:140:6:UsageFault_Handler	4	static
../Application/User/Core/stm32f4xx_it.c:155:6:SVC_Handler	4	static
../Application/User/Core/stm32f4xx_it.c:168:6:DebugMon_Handler	4	static
../Application/User/Core/stm32f4xx_it.c:181:6:PendSV_Handler	4	static
../Application/User/Core/stm32f4xx_it.c:194:6:SysTick_Handler	8	static
../Application/User/Core/stm32f4xx_it.c:219:6:TIM1_UP_TIM10_IRQHandler	8	static
../Application/User/Core/stm32f4xx_it.c:237:6:TIM1_TRG_COM_TIM11_IRQHandler	8	static
../Application/User/Core/stm32f4xx_it.c:255:6:TIM2_IRQHandler	8	static
../Application/User/Core/stm32f4xx_it.c:268:6:TIM3_IRQHandler	8	static
../Application/User/Core/stm32f4xx_it.c:282:6:USART1_IRQHandler	8	static
../Application/User/Core/stm32f4xx_it.c:304:6:DMA2_Stream2_IRQHandler	8	static
../Application/User/Core/stm32f4xx_it.c:318:6:DMA2_Stream7_IRQHandler	8	static
